Archive member included to satisfy reference by file (symbol)

/home/eddie/MaximSDK/Tools/GNUTools/bin/../lib/gcc/arm-none-eabi/10.3.1/../../../../arm-none-eabi/lib/thumb/v7e-m+fp/hard/libc_nano.a(lib_a-exit.o)
                              /home/eddie/MaximSDK/Tools/GNUTools/bin/../lib/gcc/arm-none-eabi/10.3.1/../../../../arm-none-eabi/lib/thumb/v7e-m+fp/hard/crt0.o (exit)
/home/eddie/MaximSDK/Tools/GNUTools/bin/../lib/gcc/arm-none-eabi/10.3.1/../../../../arm-none-eabi/lib/thumb/v7e-m+fp/hard/libc_nano.a(lib_a-impure.o)
                              /home/eddie/MaximSDK/Tools/GNUTools/bin/../lib/gcc/arm-none-eabi/10.3.1/../../../../arm-none-eabi/lib/thumb/v7e-m+fp/hard/libc_nano.a(lib_a-exit.o) (_global_impure_ptr)
/home/eddie/MaximSDK/Tools/GNUTools/bin/../lib/gcc/arm-none-eabi/10.3.1/../../../../arm-none-eabi/lib/thumb/v7e-m+fp/hard/libc_nano.a(lib_a-init.o)
                              /home/eddie/MaximSDK/Tools/GNUTools/bin/../lib/gcc/arm-none-eabi/10.3.1/../../../../arm-none-eabi/lib/thumb/v7e-m+fp/hard/crt0.o (__libc_init_array)
/home/eddie/MaximSDK/Tools/GNUTools/bin/../lib/gcc/arm-none-eabi/10.3.1/../../../../arm-none-eabi/lib/thumb/v7e-m+fp/hard/libc_nano.a(lib_a-memset.o)
                              /home/eddie/MaximSDK/Tools/GNUTools/bin/../lib/gcc/arm-none-eabi/10.3.1/../../../../arm-none-eabi/lib/thumb/v7e-m+fp/hard/crt0.o (memset)
/home/eddie/MaximSDK/Tools/GNUTools/bin/../lib/gcc/arm-none-eabi/10.3.1/../../../../arm-none-eabi/lib/thumb/v7e-m+fp/hard/libc_nano.a(lib_a-strlen.o)
                              build/main.o (strlen)
/home/eddie/MaximSDK/Tools/GNUTools/bin/../lib/gcc/arm-none-eabi/10.3.1/../../../../arm-none-eabi/lib/thumb/v7e-m+fp/hard/libc_nano.a(lib_a-vsprintf.o)
                              build/main.o (vsprintf)
/home/eddie/MaximSDK/Tools/GNUTools/bin/../lib/gcc/arm-none-eabi/10.3.1/../../../../arm-none-eabi/lib/thumb/v7e-m+fp/hard/libc_nano.a(lib_a-nano-svfprintf.o)
                              /home/eddie/MaximSDK/Tools/GNUTools/bin/../lib/gcc/arm-none-eabi/10.3.1/../../../../arm-none-eabi/lib/thumb/v7e-m+fp/hard/libc_nano.a(lib_a-vsprintf.o) (_svfprintf_r)
/home/eddie/MaximSDK/Tools/GNUTools/bin/../lib/gcc/arm-none-eabi/10.3.1/../../../../arm-none-eabi/lib/thumb/v7e-m+fp/hard/libc_nano.a(lib_a-nano-vfprintf_i.o)
                              /home/eddie/MaximSDK/Tools/GNUTools/bin/../lib/gcc/arm-none-eabi/10.3.1/../../../../arm-none-eabi/lib/thumb/v7e-m+fp/hard/libc_nano.a(lib_a-nano-svfprintf.o) (_printf_i)
/home/eddie/MaximSDK/Tools/GNUTools/bin/../lib/gcc/arm-none-eabi/10.3.1/../../../../arm-none-eabi/lib/thumb/v7e-m+fp/hard/libc_nano.a(lib_a-memchr.o)
                              /home/eddie/MaximSDK/Tools/GNUTools/bin/../lib/gcc/arm-none-eabi/10.3.1/../../../../arm-none-eabi/lib/thumb/v7e-m+fp/hard/libc_nano.a(lib_a-nano-svfprintf.o) (memchr)
/home/eddie/MaximSDK/Tools/GNUTools/bin/../lib/gcc/arm-none-eabi/10.3.1/../../../../arm-none-eabi/lib/thumb/v7e-m+fp/hard/libc_nano.a(lib_a-memcpy-stub.o)
                              /home/eddie/MaximSDK/Tools/GNUTools/bin/../lib/gcc/arm-none-eabi/10.3.1/../../../../arm-none-eabi/lib/thumb/v7e-m+fp/hard/libc_nano.a(lib_a-nano-svfprintf.o) (memcpy)
/home/eddie/MaximSDK/Tools/GNUTools/bin/../lib/gcc/arm-none-eabi/10.3.1/../../../../arm-none-eabi/lib/thumb/v7e-m+fp/hard/libc_nano.a(lib_a-memmove.o)
                              /home/eddie/MaximSDK/Tools/GNUTools/bin/../lib/gcc/arm-none-eabi/10.3.1/../../../../arm-none-eabi/lib/thumb/v7e-m+fp/hard/libc_nano.a(lib_a-nano-svfprintf.o) (memmove)
/home/eddie/MaximSDK/Tools/GNUTools/bin/../lib/gcc/arm-none-eabi/10.3.1/../../../../arm-none-eabi/lib/thumb/v7e-m+fp/hard/libc_nano.a(lib_a-nano-freer.o)
                              /home/eddie/MaximSDK/Tools/GNUTools/bin/../lib/gcc/arm-none-eabi/10.3.1/../../../../arm-none-eabi/lib/thumb/v7e-m+fp/hard/libc_nano.a(lib_a-nano-svfprintf.o) (_free_r)
/home/eddie/MaximSDK/Tools/GNUTools/bin/../lib/gcc/arm-none-eabi/10.3.1/../../../../arm-none-eabi/lib/thumb/v7e-m+fp/hard/libc_nano.a(lib_a-nano-mallocr.o)
                              /home/eddie/MaximSDK/Tools/GNUTools/bin/../lib/gcc/arm-none-eabi/10.3.1/../../../../arm-none-eabi/lib/thumb/v7e-m+fp/hard/libc_nano.a(lib_a-nano-svfprintf.o) (_malloc_r)
/home/eddie/MaximSDK/Tools/GNUTools/bin/../lib/gcc/arm-none-eabi/10.3.1/../../../../arm-none-eabi/lib/thumb/v7e-m+fp/hard/libc_nano.a(lib_a-nano-reallocr.o)
                              /home/eddie/MaximSDK/Tools/GNUTools/bin/../lib/gcc/arm-none-eabi/10.3.1/../../../../arm-none-eabi/lib/thumb/v7e-m+fp/hard/libc_nano.a(lib_a-nano-svfprintf.o) (_realloc_r)
/home/eddie/MaximSDK/Tools/GNUTools/bin/../lib/gcc/arm-none-eabi/10.3.1/../../../../arm-none-eabi/lib/thumb/v7e-m+fp/hard/libc_nano.a(lib_a-sbrkr.o)
                              /home/eddie/MaximSDK/Tools/GNUTools/bin/../lib/gcc/arm-none-eabi/10.3.1/../../../../arm-none-eabi/lib/thumb/v7e-m+fp/hard/libc_nano.a(lib_a-nano-mallocr.o) (_sbrk_r)
[...]
Memory Configuration

Name             Origin             Length             Attributes
RAM              0x0000000020000000 0x0000000000020000 xrw
FLASH            0x0000000008000000 0x0000000000080000 xr
*default*        0x0000000000000000 0xffffffffffffffff

Linker script and memory map

LOAD /home/eddie/MaximSDK/Tools/GNUTools/bin/../lib/gcc/arm-none-eabi/10.3.1/thumb/v7e-m+fp/hard/crti.o
LOAD /home/eddie/MaximSDK/Tools/GNUTools/bin/../lib/gcc/arm-none-eabi/10.3.1/thumb/v7e-m+fp/hard/crtbegin.o
LOAD /home/eddie/MaximSDK/Tools/GNUTools/bin/../lib/gcc/arm-none-eabi/10.3.1/../../../../arm-none-eabi/lib/thumb/v7e-m+fp/hard/crt0.o
LOAD build/main.o
LOAD build/gpio.o
LOAD build/usart.o
LOAD build/stm32f4xx_it.o
LOAD build/stm32f4xx_hal_msp.o
LOAD build/stm32f4xx_hal_tim.o
LOAD build/stm32f4xx_hal_tim_ex.o
LOAD build/stm32f4xx_hal_uart.o
LOAD build/stm32f4xx_hal_rcc.o
LOAD build/stm32f4xx_hal_rcc_ex.o
LOAD build/stm32f4xx_hal_flash.o
LOAD build/stm32f4xx_hal_flash_ex.o
LOAD build/stm32f4xx_hal_flash_ramfunc.o
LOAD build/stm32f4xx_hal_gpio.o
LOAD build/stm32f4xx_hal_dma_ex.o
LOAD build/stm32f4xx_hal_dma.o
LOAD build/stm32f4xx_hal_pwr.o
LOAD build/stm32f4xx_hal_pwr_ex.o
LOAD build/stm32f4xx_hal_cortex.o
LOAD build/stm32f4xx_hal.o
LOAD build/stm32f4xx_hal_exti.o
LOAD build/system_stm32f4xx.o
LOAD build/tinyKernel.o
LOAD build/startup_stm32f446xx.o
LOAD /home/eddie/MaximSDK/Tools/GNUTools/bin/../lib/gcc/arm-none-eabi/10.3.1/../../../../arm-none-eabi/lib/thumb/v7e-m+fp/hard/libc_nano.a
LOAD /home/eddie/MaximSDK/Tools/GNUTools/bin/../lib/gcc/arm-none-eabi/10.3.1/../../../../arm-none-eabi/lib/thumb/v7e-m+fp/hard/libm.a
LOAD /home/eddie/MaximSDK/Tools/GNUTools/bin/../lib/gcc/arm-none-eabi/10.3.1/../../../../arm-none-eabi/lib/thumb/v7e-m+fp/hard/libnosys.a
START GROUP
LOAD /home/eddie/MaximSDK/Tools/GNUTools/bin/../lib/gcc/arm-none-eabi/10.3.1/thumb/v7e-m+fp/hard/libgcc.a
LOAD /home/eddie/MaximSDK/Tools/GNUTools/bin/../lib/gcc/arm-none-eabi/10.3.1/../../../../arm-none-eabi/lib/thumb/v7e-m+fp/hard/libc_nano.a
END GROUP
START GROUP
LOAD /home/eddie/MaximSDK/Tools/GNUTools/bin/../lib/gcc/arm-none-eabi/10.3.1/thumb/v7e-m+fp/hard/libgcc.a
LOAD /home/eddie/MaximSDK/Tools/GNUTools/bin/../lib/gcc/arm-none-eabi/10.3.1/../../../../arm-none-eabi/lib/thumb/v7e-m+fp/hard/libc_nano.a
END GROUP
LOAD /home/eddie/MaximSDK/Tools/GNUTools/bin/../lib/gcc/arm-none-eabi/10.3.1/thumb/v7e-m+fp/hard/crtend.o
LOAD /home/eddie/MaximSDK/Tools/GNUTools/bin/../lib/gcc/arm-none-eabi/10.3.1/thumb/v7e-m+fp/hard/crtn.o
                0x0000000020020000                _estack = (ORIGIN (RAM) + LENGTH (RAM))
                0x0000000000002000                _Min_Heap_Size = 0x2000
                0x0000000000002000                _Min_Stack_Size = 0x2000

.isr_vector     0x0000000008000000      0x1c4
                0x0000000008000000                . = ALIGN (0x4)
 *(.isr_vector)
 .isr_vector    0x0000000008000000      0x1c4 build/startup_stm32f446xx.o
                0x0000000008000000                g_pfnVectors
                0x00000000080001c4                . = ALIGN (0x4)

.text           0x00000000080001d0     0x1d68
                0x00000000080001d0                . = ALIGN (0x4)
 *(.text)
 .text          0x00000000080001d0       0x40 /home/eddie/MaximSDK/Tools/GNUTools/bin/../lib/gcc/arm-none-eabi/10.3.1/thumb/v7e-m+fp/hard/crtbegin.o
 .text          0x0000000008000210       0x10 /home/eddie/MaximSDK/Tools/GNUTools/bin/../lib/gcc/arm-none-eabi/10.3.1/../../../../arm-none-eabi/lib/thumb/v7e-m+fp/hard/libc_nano.a(lib_a-strlen.o)
                0x0000000008000210                strlen
 .text          0x0000000008000220       0xa0 /home/eddie/MaximSDK/Tools/GNUTools/bin/../lib/gcc/arm-none-eabi/10.3.1/../../../../arm-none-eabi/lib/thumb/v7e-m+fp/hard/libc_nano.a(lib_a-memchr.o)
                0x0000000008000220                memchr
 .text          0x00000000080002c0       0x30 /home/eddie/MaximSDK/Tools/GNUTools/bin/../lib/gcc/arm-none-eabi/10.3.1/thumb/v7e-m+fp/hard/libgcc.a(_aeabi_uldivmod.o)
                0x00000000080002c0                __aeabi_uldivmod
 .text          0x00000000080002f0      0x2d0 /home/eddie/MaximSDK/Tools/GNUTools/bin/../lib/gcc/arm-none-eabi/10.3.1/thumb/v7e-m+fp/hard/libgcc.a(_udivmoddi4.o)
                0x00000000080002f0                __udivmoddi4
 .text          0x00000000080005c0        0x4 /home/eddie/MaximSDK/Tools/GNUTools/bin/../lib/gcc/arm-none-eabi/10.3.1/thumb/v7e-m+fp/hard/libgcc.a(_dvmd_tls.o)
                0x00000000080005c0                __aeabi_ldiv0
                0x00000000080005c0                __aeabi_idiv0
 *(.text*)
 .text.printMsg
                0x00000000080005c4       0x54 build/main.o
                0x00000000080005c4                printMsg
 .text.Error_Handler
                0x0000000008000618        0x4 build/main.o
                0x0000000008000618                Error_Handler
 .text.SystemClock_Config
                0x000000000800061c       0xb4 build/main.o
                0x000000000800061c                SystemClock_Config
 .text.main     0x00000000080006d0       0x50 build/main.o
                0x00000000080006d0                main
 .text.MX_GPIO_Init
                0x0000000008000720       0x68 build/gpio.o
                0x0000000008000720                MX_GPIO_Init
 .text.MX_USART2_UART_Init
                0x0000000008000788       0x34 build/usart.o
                0x0000000008000788                MX_USART2_UART_Init
 .text.HAL_UART_MspInit
                0x00000000080007bc       0x70 build/usart.o
                0x00000000080007bc                HAL_UART_MspInit
 .text.NMI_Handler
                0x000000000800082c        0x2 build/stm32f4xx_it.o
                0x000000000800082c                NMI_Handler
 .text.HardFault_Handler
                0x000000000800082e        0x2 build/stm32f4xx_it.o
                0x000000000800082e                HardFault_Handler
 .text.MemManage_Handler
                0x0000000008000830        0x2 build/stm32f4xx_it.o
                0x0000000008000830                MemManage_Handler
 .text.BusFault_Handler
                0x0000000008000832        0x2 build/stm32f4xx_it.o
                0x0000000008000832                BusFault_Handler
 .text.UsageFault_Handler
                0x0000000008000834        0x2 build/stm32f4xx_it.o
                0x0000000008000834                UsageFault_Handler
 .text.SVC_Handler
                0x0000000008000836        0x2 build/stm32f4xx_it.o
                0x0000000008000836                SVC_Handler
 .text.DebugMon_Handler
                0x0000000008000838        0x2 build/stm32f4xx_it.o
                0x0000000008000838                DebugMon_Handler
 .text.PendSV_Handler
                0x000000000800083a        0x2 build/stm32f4xx_it.o
                0x000000000800083a                PendSV_Handler
 .text.SysTick_Handler
                0x000000000800083c        0x8 build/stm32f4xx_it.o
                0x000000000800083c                SysTick_Handler
 .text.HAL_MspInit
                0x0000000008000844       0x38 build/stm32f4xx_hal_msp.o
                0x0000000008000844                HAL_MspInit
 .text.UART_SetConfig
                0x000000000800087c      0x110 build/stm32f4xx_hal_uart.o
 .text.HAL_UART_Init
                0x000000000800098c       0x60 build/stm32f4xx_hal_uart.o
                0x000000000800098c                HAL_UART_Init
 .text.HAL_RCC_ClockConfig
                0x00000000080009ec      0x160 build/stm32f4xx_hal_rcc.o
                0x00000000080009ec                HAL_RCC_ClockConfig
 .text.HAL_RCC_GetHCLKFreq
                0x0000000008000b4c        0xc build/stm32f4xx_hal_rcc.o
                0x0000000008000b4c                HAL_RCC_GetHCLKFreq
 .text.HAL_RCC_GetPCLK1Freq
                0x0000000008000b58       0x20 build/stm32f4xx_hal_rcc.o
                0x0000000008000b58                HAL_RCC_GetPCLK1Freq
 .text.HAL_RCC_GetPCLK2Freq
                0x0000000008000b78       0x20 build/stm32f4xx_hal_rcc.o
                0x0000000008000b78                HAL_RCC_GetPCLK2Freq
 .text.HAL_RCC_GetSysClockFreq
                0x0000000008000b98      0x180 build/stm32f4xx_hal_rcc_ex.o
                0x0000000008000b98                HAL_RCC_GetSysClockFreq
 .text.HAL_RCC_OscConfig
                0x0000000008000d18      0x444 build/stm32f4xx_hal_rcc_ex.o
                0x0000000008000d18                HAL_RCC_OscConfig
 .text.HAL_GPIO_Init
                0x000000000800115c      0x1d8 build/stm32f4xx_hal_gpio.o
                0x000000000800115c                HAL_GPIO_Init
 .text.HAL_GPIO_WritePin
                0x0000000008001334        0xc build/stm32f4xx_hal_gpio.o
                0x0000000008001334                HAL_GPIO_WritePin
 .text.HAL_GPIO_TogglePin
                0x0000000008001340       0x12 build/stm32f4xx_hal_gpio.o
                0x0000000008001340                HAL_GPIO_TogglePin
 *fill*         0x0000000008001352        0x2 
 .text.HAL_PWREx_EnableOverDrive
                0x0000000008001354       0x7c build/stm32f4xx_hal_pwr_ex.o
                0x0000000008001354                HAL_PWREx_EnableOverDrive
 .text.HAL_NVIC_SetPriorityGrouping
                0x00000000080013d0       0x24 build/stm32f4xx_hal_cortex.o
                0x00000000080013d0                HAL_NVIC_SetPriorityGrouping
 .text.HAL_NVIC_SetPriority
                0x00000000080013f4       0x70 build/stm32f4xx_hal_cortex.o
                0x00000000080013f4                HAL_NVIC_SetPriority
 .text.HAL_SYSTICK_Config
                0x0000000008001464       0x28 build/stm32f4xx_hal_cortex.o
                0x0000000008001464                HAL_SYSTICK_Config
 .text.HAL_InitTick
                0x000000000800148c       0x4c build/stm32f4xx_hal.o
                0x000000000800148c                HAL_InitTick
 .text.HAL_Init
                0x00000000080014d8       0x34 build/stm32f4xx_hal.o
                0x00000000080014d8                HAL_Init
 .text.HAL_IncTick
                0x000000000800150c       0x18 build/stm32f4xx_hal.o
                0x000000000800150c                HAL_IncTick
 .text.HAL_GetTick
                0x0000000008001524        0xc build/stm32f4xx_hal.o
                0x0000000008001524                HAL_GetTick
 .text.HAL_Delay
                0x0000000008001530       0x28 build/stm32f4xx_hal.o
                0x0000000008001530                HAL_Delay
 .text.SystemInit
                0x0000000008001558       0x14 build/system_stm32f4xx.o
                0x0000000008001558                SystemInit
 .text.tinyKernel_init
                0x000000000800156c        0xc build/tinyKernel.o
                0x000000000800156c                tinyKernel_init
 .text.tinyKernel_run
                0x0000000008001578        0x4 build/tinyKernel.o
                0x0000000008001578                tinyKernel_run
 .text.Reset_Handler
                0x000000000800157c       0x50 build/startup_stm32f446xx.o
                0x000000000800157c                Reset_Handler
 .text.Default_Handler
                0x00000000080015cc        0x2 build/startup_stm32f446xx.o
                0x00000000080015cc                RTC_Alarm_IRQHandler
                0x00000000080015cc                EXTI2_IRQHandler
                0x00000000080015cc                TIM8_CC_IRQHandler
                0x00000000080015cc                FMPI2C1_EV_IRQHandler
                0x00000000080015cc                SPI4_IRQHandler
                0x00000000080015cc                TIM1_CC_IRQHandler
                0x00000000080015cc                DMA2_Stream5_IRQHandler
                0x00000000080015cc                DMA1_Stream5_IRQHandler
                0x00000000080015cc                PVD_IRQHandler
                0x00000000080015cc                SDIO_IRQHandler
                0x00000000080015cc                TAMP_STAMP_IRQHandler
                0x00000000080015cc                CAN2_RX1_IRQHandler
                0x00000000080015cc                EXTI3_IRQHandler
                0x00000000080015cc                TIM8_TRG_COM_TIM14_IRQHandler
                0x00000000080015cc                TIM1_UP_TIM10_IRQHandler
                0x00000000080015cc                TIM8_UP_TIM13_IRQHandler
                0x00000000080015cc                I2C3_ER_IRQHandler
                0x00000000080015cc                EXTI0_IRQHandler
                0x00000000080015cc                I2C2_EV_IRQHandler
                0x00000000080015cc                DMA1_Stream2_IRQHandler
                0x00000000080015cc                CAN1_RX0_IRQHandler
                0x00000000080015cc                FPU_IRQHandler
                0x00000000080015cc                OTG_HS_WKUP_IRQHandler
                0x00000000080015cc                CAN2_SCE_IRQHandler
                0x00000000080015cc                DMA2_Stream2_IRQHandler
                0x00000000080015cc                SPI1_IRQHandler
                0x00000000080015cc                TIM6_DAC_IRQHandler
                0x00000000080015cc                TIM1_BRK_TIM9_IRQHandler
                0x00000000080015cc                DCMI_IRQHandler
                0x00000000080015cc                CAN2_RX0_IRQHandler
                0x00000000080015cc                DMA2_Stream3_IRQHandler
                0x00000000080015cc                SAI2_IRQHandler
                0x00000000080015cc                USART6_IRQHandler
                0x00000000080015cc                USART3_IRQHandler
                0x00000000080015cc                CAN1_RX1_IRQHandler
                0x00000000080015cc                UART5_IRQHandler
                0x00000000080015cc                DMA2_Stream0_IRQHandler
                0x00000000080015cc                TIM4_IRQHandler
                0x00000000080015cc                QUADSPI_IRQHandler
                0x00000000080015cc                I2C1_EV_IRQHandler
                0x00000000080015cc                DMA1_Stream6_IRQHandler
                0x00000000080015cc                DMA1_Stream1_IRQHandler
                0x00000000080015cc                UART4_IRQHandler
                0x00000000080015cc                TIM3_IRQHandler
                0x00000000080015cc                RCC_IRQHandler
                0x00000000080015cc                TIM8_BRK_TIM12_IRQHandler
                0x00000000080015cc                Default_Handler
                0x00000000080015cc                CEC_IRQHandler
                0x00000000080015cc                EXTI15_10_IRQHandler
                0x00000000080015cc                ADC_IRQHandler
                0x00000000080015cc                DMA1_Stream7_IRQHandler
                0x00000000080015cc                TIM7_IRQHandler
                0x00000000080015cc                CAN2_TX_IRQHandler
                0x00000000080015cc                TIM5_IRQHandler
                0x00000000080015cc                DMA2_Stream7_IRQHandler
                0x00000000080015cc                I2C3_EV_IRQHandler
                0x00000000080015cc                EXTI9_5_IRQHandler
                0x00000000080015cc                RTC_WKUP_IRQHandler
                0x00000000080015cc                SPDIF_RX_IRQHandler
                0x00000000080015cc                SPI2_IRQHandler
                0x00000000080015cc                OTG_HS_EP1_IN_IRQHandler
                0x00000000080015cc                DMA1_Stream0_IRQHandler
                0x00000000080015cc                CAN1_TX_IRQHandler
                0x00000000080015cc                FMPI2C1_ER_IRQHandler
                0x00000000080015cc                EXTI4_IRQHandler
                0x00000000080015cc                OTG_HS_EP1_OUT_IRQHandler
                0x00000000080015cc                WWDG_IRQHandler
                0x00000000080015cc                TIM2_IRQHandler
                0x00000000080015cc                OTG_FS_WKUP_IRQHandler
                0x00000000080015cc                TIM1_TRG_COM_TIM11_IRQHandler
                0x00000000080015cc                OTG_HS_IRQHandler
                0x00000000080015cc                EXTI1_IRQHandler
                0x00000000080015cc                USART2_IRQHandler
                0x00000000080015cc                I2C2_ER_IRQHandler
                0x00000000080015cc                DMA2_Stream1_IRQHandler
                0x00000000080015cc                CAN1_SCE_IRQHandler
                0x00000000080015cc                FLASH_IRQHandler
                0x00000000080015cc                DMA2_Stream4_IRQHandler
                0x00000000080015cc                USART1_IRQHandler
                0x00000000080015cc                OTG_FS_IRQHandler
                0x00000000080015cc                SPI3_IRQHandler
                0x00000000080015cc                DMA1_Stream4_IRQHandler
                0x00000000080015cc                I2C1_ER_IRQHandler
                0x00000000080015cc                FMC_IRQHandler
                0x00000000080015cc                DMA2_Stream6_IRQHandler
                0x00000000080015cc                SAI1_IRQHandler
                0x00000000080015cc                DMA1_Stream3_IRQHandler
 *fill*         0x00000000080015ce        0x2 
 .text.__libc_init_array
                0x00000000080015d0       0x48 /home/eddie/MaximSDK/Tools/GNUTools/bin/../lib/gcc/arm-none-eabi/10.3.1/../../../../arm-none-eabi/lib/thumb/v7e-m+fp/hard/libc_nano.a(lib_a-init.o)
                0x00000000080015d0                __libc_init_array
 .text.memset   0x0000000008001618       0x10 /home/eddie/MaximSDK/Tools/GNUTools/bin/../lib/gcc/arm-none-eabi/10.3.1/../../../../arm-none-eabi/lib/thumb/v7e-m+fp/hard/libc_nano.a(lib_a-memset.o)
                0x0000000008001618                memset
 .text._vsprintf_r
                0x0000000008001628       0x2c /home/eddie/MaximSDK/Tools/GNUTools/bin/../lib/gcc/arm-none-eabi/10.3.1/../../../../arm-none-eabi/lib/thumb/v7e-m+fp/hard/libc_nano.a(lib_a-vsprintf.o)
                0x0000000008001628                _vsiprintf_r
                0x0000000008001628                _vsprintf_r
 .text.vsprintf
                0x0000000008001654       0x14 /home/eddie/MaximSDK/Tools/GNUTools/bin/../lib/gcc/arm-none-eabi/10.3.1/../../../../arm-none-eabi/lib/thumb/v7e-m+fp/hard/libc_nano.a(lib_a-vsprintf.o)
                0x0000000008001654                vsprintf
                0x0000000008001654                vsiprintf
 .text.__ssputs_r
                0x0000000008001668       0xb6 /home/eddie/MaximSDK/Tools/GNUTools/bin/../lib/gcc/arm-none-eabi/10.3.1/../../../../arm-none-eabi/lib/thumb/v7e-m+fp/hard/libc_nano.a(lib_a-nano-svfprintf.o)
                0x0000000008001668                __ssputs_r
 *fill*         0x000000000800171e        0x2 
 .text._svfprintf_r
                0x0000000008001720      0x200 /home/eddie/MaximSDK/Tools/GNUTools/bin/../lib/gcc/arm-none-eabi/10.3.1/../../../../arm-none-eabi/lib/thumb/v7e-m+fp/hard/libc_nano.a(lib_a-nano-svfprintf.o)
                0x0000000008001720                _svfprintf_r
                0x0000000008001720                _svfiprintf_r
 .text._printf_common
                0x0000000008001920       0xda /home/eddie/MaximSDK/Tools/GNUTools/bin/../lib/gcc/arm-none-eabi/10.3.1/../../../../arm-none-eabi/lib/thumb/v7e-m+fp/hard/libc_nano.a(lib_a-nano-vfprintf_i.o)
                0x0000000008001920                _printf_common
 *fill*         0x00000000080019fa        0x2 
 .text._printf_i
                0x00000000080019fc      0x24c /home/eddie/MaximSDK/Tools/GNUTools/bin/../lib/gcc/arm-none-eabi/10.3.1/../../../../arm-none-eabi/lib/thumb/v7e-m+fp/hard/libc_nano.a(lib_a-nano-vfprintf_i.o)
                0x00000000080019fc                _printf_i
 .text.memcpy   0x0000000008001c48       0x1c /home/eddie/MaximSDK/Tools/GNUTools/bin/../lib/gcc/arm-none-eabi/10.3.1/../../../../arm-none-eabi/lib/thumb/v7e-m+fp/hard/libc_nano.a(lib_a-memcpy-stub.o)
                0x0000000008001c48                memcpy
 .text.memmove  0x0000000008001c64       0x34 /home/eddie/MaximSDK/Tools/GNUTools/bin/../lib/gcc/arm-none-eabi/10.3.1/../../../../arm-none-eabi/lib/thumb/v7e-m+fp/hard/libc_nano.a(lib_a-memmove.o)
                0x0000000008001c64                memmove
 .text._free_r  0x0000000008001c98       0x98 /home/eddie/MaximSDK/Tools/GNUTools/bin/../lib/gcc/arm-none-eabi/10.3.1/../../../../arm-none-eabi/lib/thumb/v7e-m+fp/hard/libc_nano.a(lib_a-nano-freer.o)
                0x0000000008001c98                _free_r
 .text.sbrk_aligned
                0x0000000008001d30       0x40 /home/eddie/MaximSDK/Tools/GNUTools/bin/../lib/gcc/arm-none-eabi/10.3.1/../../../../arm-none-eabi/lib/thumb/v7e-m+fp/hard/libc_nano.a(lib_a-nano-mallocr.o)
 .text._malloc_r
                0x0000000008001d70       0xe8 /home/eddie/MaximSDK/Tools/GNUTools/bin/../lib/gcc/arm-none-eabi/10.3.1/../../../../arm-none-eabi/lib/thumb/v7e-m+fp/hard/libc_nano.a(lib_a-nano-mallocr.o)
                0x0000000008001d70                _malloc_r
 .text._realloc_r
                0x0000000008001e58       0x5e /home/eddie/MaximSDK/Tools/GNUTools/bin/../lib/gcc/arm-none-eabi/10.3.1/../../../../arm-none-eabi/lib/thumb/v7e-m+fp/hard/libc_nano.a(lib_a-nano-reallocr.o)
                0x0000000008001e58                _realloc_r
 *fill*         0x0000000008001eb6        0x2 
 .text._sbrk_r  0x0000000008001eb8       0x20 /home/eddie/MaximSDK/Tools/GNUTools/bin/../lib/gcc/arm-none-eabi/10.3.1/../../../../arm-none-eabi/lib/thumb/v7e-m+fp/hard/libc_nano.a(lib_a-sbrkr.o)
                0x0000000008001eb8                _sbrk_r
 .text.__malloc_lock
                0x0000000008001ed8        0xc /home/eddie/MaximSDK/Tools/GNUTools/bin/../lib/gcc/arm-none-eabi/10.3.1/../../../../arm-none-eabi/lib/thumb/v7e-m+fp/hard/libc_nano.a(lib_a-mlock.o)
                0x0000000008001ed8                __malloc_lock
 .text.__malloc_unlock
                0x0000000008001ee4        0xc /home/eddie/MaximSDK/Tools/GNUTools/bin/../lib/gcc/arm-none-eabi/10.3.1/../../../../arm-none-eabi/lib/thumb/v7e-m+fp/hard/libc_nano.a(lib_a-mlock.o)
                0x0000000008001ee4                __malloc_unlock
 .text._malloc_usable_size_r
                0x0000000008001ef0       0x10 /home/eddie/MaximSDK/Tools/GNUTools/bin/../lib/gcc/arm-none-eabi/10.3.1/../../../../arm-none-eabi/lib/thumb/v7e-m+fp/hard/libc_nano.a(lib_a-nano-msizer.o)
                0x0000000008001ef0                _malloc_usable_size_r
 .text.__retarget_lock_acquire_recursive
                0x0000000008001f00        0x2 /home/eddie/MaximSDK/Tools/GNUTools/bin/../lib/gcc/arm-none-eabi/10.3.1/../../../../arm-none-eabi/lib/thumb/v7e-m+fp/hard/libc_nano.a(lib_a-lock.o)
                0x0000000008001f00                __retarget_lock_acquire_recursive
 .text.__retarget_lock_release_recursive
                0x0000000008001f02        0x2 /home/eddie/MaximSDK/Tools/GNUTools/bin/../lib/gcc/arm-none-eabi/10.3.1/../../../../arm-none-eabi/lib/thumb/v7e-m+fp/hard/libc_nano.a(lib_a-lock.o)
                0x0000000008001f02                __retarget_lock_release_recursive
 .text._sbrk    0x0000000008001f04       0x1c /home/eddie/MaximSDK/Tools/GNUTools/bin/../lib/gcc/arm-none-eabi/10.3.1/../../../../arm-none-eabi/lib/thumb/v7e-m+fp/hard/libnosys.a(sbrk.o)
                0x0000000008001f04                _sbrk
 *(.glue_7)
 .glue_7        0x0000000008001f20        0x0 linker stubs
 *(.glue_7t)
 .glue_7t       0x0000000008001f20        0x0 linker stubs
 *(.eh_frame)
 .eh_frame      0x0000000008001f20        0x0 /home/eddie/MaximSDK/Tools/GNUTools/bin/../lib/gcc/arm-none-eabi/10.3.1/thumb/v7e-m+fp/hard/crtbegin.o
 *(.init)
 .init          0x0000000008001f20        0x4 /home/eddie/MaximSDK/Tools/GNUTools/bin/../lib/gcc/arm-none-eabi/10.3.1/thumb/v7e-m+fp/hard/crti.o
                0x0000000008001f20                _init
 .init          0x0000000008001f24        0x8 /home/eddie/MaximSDK/Tools/GNUTools/bin/../lib/gcc/arm-none-eabi/10.3.1/thumb/v7e-m+fp/hard/crtn.o
 *(.fini)
 .fini          0x0000000008001f2c        0x4 /home/eddie/MaximSDK/Tools/GNUTools/bin/../lib/gcc/arm-none-eabi/10.3.1/thumb/v7e-m+fp/hard/crti.o
                0x0000000008001f2c                _fini
 .fini          0x0000000008001f30        0x8 /home/eddie/MaximSDK/Tools/GNUTools/bin/../lib/gcc/arm-none-eabi/10.3.1/thumb/v7e-m+fp/hard/crtn.o
                0x0000000008001f38                . = ALIGN (0x4)
                0x0000000008001f38                _etext = .

.vfp11_veneer   0x0000000008001f38        0x0
 .vfp11_veneer  0x0000000008001f38        0x0 linker stubs

.v4_bx          0x0000000008001f38        0x0
 .v4_bx         0x0000000008001f38        0x0 linker stubs

.iplt           0x0000000008001f38        0x0
 .iplt          0x0000000008001f38        0x0 /home/eddie/MaximSDK/Tools/GNUTools/bin/../lib/gcc/arm-none-eabi/10.3.1/thumb/v7e-m+fp/hard/crtbegin.o

.rodata         0x0000000008001f38       0xb0
                0x0000000008001f38                . = ALIGN (0x4)
 *(.rodata)
 *(.rodata*)
 .rodata.main.str1.4
                0x0000000008001f38       0x46 build/main.o
 *fill*         0x0000000008001f7e        0x2 
 .rodata.AHBPrescTable
                0x0000000008001f80       0x10 build/system_stm32f4xx.o
                0x0000000008001f80                AHBPrescTable
 .rodata.APBPrescTable
                0x0000000008001f90        0x8 build/system_stm32f4xx.o
                0x0000000008001f90                APBPrescTable
 .rodata.tinyKernel_init.str1.4
                0x0000000008001f98       0x1c build/tinyKernel.o
 .rodata._svfprintf_r.str1.1
                0x0000000008001fb4       0x11 /home/eddie/MaximSDK/Tools/GNUTools/bin/../lib/gcc/arm-none-eabi/10.3.1/../../../../arm-none-eabi/lib/thumb/v7e-m+fp/hard/libc_nano.a(lib_a-nano-svfprintf.o)
 .rodata._printf_i.str1.1
                0x0000000008001fc5       0x22 /home/eddie/MaximSDK/Tools/GNUTools/bin/../lib/gcc/arm-none-eabi/10.3.1/../../../../arm-none-eabi/lib/thumb/v7e-m+fp/hard/libc_nano.a(lib_a-nano-vfprintf_i.o)
                0x0000000008001fe8                . = ALIGN (0x4)
 *fill*         0x0000000008001fe7        0x1 

.ARM.extab
 *(.ARM.extab* .gnu.linkonce.armextab.*)

.ARM            0x0000000008001fe8        0x8
                0x0000000008001fe8                __exidx_start = .
 *(.ARM.exidx*)
 .ARM.exidx     0x0000000008001fe8        0x8 /home/eddie/MaximSDK/Tools/GNUTools/bin/../lib/gcc/arm-none-eabi/10.3.1/thumb/v7e-m+fp/hard/libgcc.a(_udivmoddi4.o)
                0x0000000008001ff0                __exidx_end = .

.rel.dyn        0x0000000008001ff0        0x0
 .rel.iplt      0x0000000008001ff0        0x0 /home/eddie/MaximSDK/Tools/GNUTools/bin/../lib/gcc/arm-none-eabi/10.3.1/thumb/v7e-m+fp/hard/crtbegin.o

.preinit_array  0x0000000008001ff0        0x0
                0x0000000008001ff0                PROVIDE (__preinit_array_start = .)
 *(.preinit_array*)
                0x0000000008001ff0                PROVIDE (__preinit_array_end = .)

.init_array     0x0000000008001ff0        0x4
                0x0000000008001ff0                PROVIDE (__init_array_start = .)
 *(SORT_BY_NAME(.init_array.*))
 *(.init_array*)
 .init_array    0x0000000008001ff0        0x4 /home/eddie/MaximSDK/Tools/GNUTools/bin/../lib/gcc/arm-none-eabi/10.3.1/thumb/v7e-m+fp/hard/crtbegin.o
                0x0000000008001ff4                PROVIDE (__init_array_end = .)

.fini_array     0x0000000008001ff4        0x4
                [!provide]                        PROVIDE (__fini_array_start = .)
 *(SORT_BY_NAME(.fini_array.*))
 *(.fini_array*)
 .fini_array    0x0000000008001ff4        0x4 /home/eddie/MaximSDK/Tools/GNUTools/bin/../lib/gcc/arm-none-eabi/10.3.1/thumb/v7e-m+fp/hard/crtbegin.o
                [!provide]                        PROVIDE (__fini_array_end = .)
                0x0000000008001ff8                _sidata = LOADADDR (.data)

.data           0x0000000020000000       0x70 load address 0x0000000008001ff8
                0x0000000020000000                . = ALIGN (0x4)
                0x0000000020000000                _sdata = .
 *(.data)
 *(.data*)
 .data.uwTickFreq
                0x0000000020000000        0x1 build/stm32f4xx_hal.o
                0x0000000020000000                uwTickFreq
 *fill*         0x0000000020000001        0x3 
 .data.uwTickPrio
                0x0000000020000004        0x4 build/stm32f4xx_hal.o
                0x0000000020000004                uwTickPrio
 .data.SystemCoreClock
                0x0000000020000008        0x4 build/system_stm32f4xx.o
                0x0000000020000008                SystemCoreClock
 .data._impure_ptr
                0x000000002000000c        0x4 /home/eddie/MaximSDK/Tools/GNUTools/bin/../lib/gcc/arm-none-eabi/10.3.1/../../../../arm-none-eabi/lib/thumb/v7e-m+fp/hard/libc_nano.a(lib_a-impure.o)
                0x000000002000000c                _impure_ptr
 .data.impure_data
                0x0000000020000010       0x60 /home/eddie/MaximSDK/Tools/GNUTools/bin/../lib/gcc/arm-none-eabi/10.3.1/../../../../arm-none-eabi/lib/thumb/v7e-m+fp/hard/libc_nano.a(lib_a-impure.o)
                0x0000000020000070                . = ALIGN (0x4)
                0x0000000020000070                _edata = .

.igot.plt       0x0000000020000070        0x0 load address 0x0000000008002068
 .igot.plt      0x0000000020000070        0x0 /home/eddie/MaximSDK/Tools/GNUTools/bin/../lib/gcc/arm-none-eabi/10.3.1/thumb/v7e-m+fp/hard/crtbegin.o
                0x0000000020000070                . = ALIGN (0x4)

.bss            0x0000000020000070       0x7c load address 0x0000000008002068
                0x0000000020000070                _sbss = .
                0x0000000020000070                __bss_start__ = _sbss
 *(.bss)
 .bss           0x0000000020000070       0x1c /home/eddie/MaximSDK/Tools/GNUTools/bin/../lib/gcc/arm-none-eabi/10.3.1/thumb/v7e-m+fp/hard/crtbegin.o
 *(.bss*)
 .bss.huart2    0x000000002000008c       0x48 build/usart.o
                0x000000002000008c                huart2
 .bss.uwTick    0x00000000200000d4        0x4 build/stm32f4xx_hal.o
                0x00000000200000d4                uwTick
 .bss.__malloc_free_list
                0x00000000200000d8        0x4 /home/eddie/MaximSDK/Tools/GNUTools/bin/../lib/gcc/arm-none-eabi/10.3.1/../../../../arm-none-eabi/lib/thumb/v7e-m+fp/hard/libc_nano.a(lib_a-nano-mallocr.o)
                0x00000000200000d8                __malloc_free_list
 .bss.__malloc_sbrk_start
                0x00000000200000dc        0x4 /home/eddie/MaximSDK/Tools/GNUTools/bin/../lib/gcc/arm-none-eabi/10.3.1/../../../../arm-none-eabi/lib/thumb/v7e-m+fp/hard/libc_nano.a(lib_a-nano-mallocr.o)
                0x00000000200000dc                __malloc_sbrk_start
 .bss.errno     0x00000000200000e0        0x4 /home/eddie/MaximSDK/Tools/GNUTools/bin/../lib/gcc/arm-none-eabi/10.3.1/../../../../arm-none-eabi/lib/thumb/v7e-m+fp/hard/libc_nano.a(lib_a-reent.o)
                0x00000000200000e0                errno
 .bss.__lock___malloc_recursive_mutex
                0x00000000200000e4        0x1 /home/eddie/MaximSDK/Tools/GNUTools/bin/../lib/gcc/arm-none-eabi/10.3.1/../../../../arm-none-eabi/lib/thumb/v7e-m+fp/hard/libc_nano.a(lib_a-lock.o)
                0x00000000200000e4                __lock___malloc_recursive_mutex
 *fill*         0x00000000200000e5        0x3 
 .bss.heap_end.0
                0x00000000200000e8        0x4 /home/eddie/MaximSDK/Tools/GNUTools/bin/../lib/gcc/arm-none-eabi/10.3.1/../../../../arm-none-eabi/lib/thumb/v7e-m+fp/hard/libnosys.a(sbrk.o)
 *(COMMON)
                0x00000000200000ec                . = ALIGN (0x4)
                0x00000000200000ec                _ebss = .
                0x00000000200000ec                __bss_end__ = _ebss

._user_heap_stack
                0x00000000200000ec     0x4004 load address 0x0000000008002068
                0x00000000200000f0                . = ALIGN (0x8)
 *fill*         0x00000000200000ec        0x4 
                0x00000000200000f0                PROVIDE (end = .)
                [!provide]                        PROVIDE (_end = .)
                0x00000000200020f0                . = (. + _Min_Heap_Size)
 *fill*         0x00000000200000f0     0x2000 
                0x00000000200040f0                . = (. + _Min_Stack_Size)
 *fill*         0x00000000200020f0     0x2000 
                0x00000000200040f0                . = ALIGN (0x8)

/DISCARD/
 libc.a(*)
 libm.a(*)
 libgcc.a(*)

.ARM.attributes
                0x0000000000000000       0x30
 *(.ARM.attributes)
 .ARM.attributes
                0x0000000000000000       0x1e /home/eddie/MaximSDK/Tools/GNUTools/bin/../lib/gcc/arm-none-eabi/10.3.1/thumb/v7e-m+fp/hard/crti.o
 .ARM.attributes
                0x000000000000001e       0x34 /home/eddie/MaximSDK/Tools/GNUTools/bin/../lib/gcc/arm-none-eabi/10.3.1/thumb/v7e-m+fp/hard/crtbegin.o
 .ARM.attributes
                0x0000000000000052       0x34 build/main.o
 .ARM.attributes
                0x0000000000000086       0x34 build/gpio.o
 .ARM.attributes
                0x00000000000000ba       0x34 build/usart.o
 .ARM.attributes
                0x00000000000000ee       0x34 build/stm32f4xx_it.o
 .ARM.attributes
                0x0000000000000122       0x34 build/stm32f4xx_hal_msp.o
 .ARM.attributes
                0x0000000000000156       0x34 build/stm32f4xx_hal_uart.o
 .ARM.attributes
                0x000000000000018a       0x34 build/stm32f4xx_hal_rcc.o
 .ARM.attributes
                0x00000000000001be       0x34 build/stm32f4xx_hal_rcc_ex.o
 .ARM.attributes
                0x00000000000001f2       0x34 build/stm32f4xx_hal_gpio.o
 .ARM.attributes
                0x0000000000000226       0x34 build/stm32f4xx_hal_pwr_ex.o
 .ARM.attributes
                0x000000000000025a       0x34 build/stm32f4xx_hal_cortex.o
 .ARM.attributes
                0x000000000000028e       0x34 build/stm32f4xx_hal.o
 .ARM.attributes
                0x00000000000002c2       0x34 build/system_stm32f4xx.o
 .ARM.attributes
                0x00000000000002f6       0x34 build/tinyKernel.o
 .ARM.attributes
                0x000000000000032a       0x21 build/startup_stm32f446xx.o
 .ARM.attributes
                0x000000000000034b       0x34 /home/eddie/MaximSDK/Tools/GNUTools/bin/../lib/gcc/arm-none-eabi/10.3.1/../../../../arm-none-eabi/lib/thumb/v7e-m+fp/hard/libc_nano.a(lib_a-impure.o)
 .ARM.attributes
                0x000000000000037f       0x34 /home/eddie/MaximSDK/Tools/GNUTools/bin/../lib/gcc/arm-none-eabi/10.3.1/../../../../arm-none-eabi/lib/thumb/v7e-m+fp/hard/libc_nano.a(lib_a-init.o)
 .ARM.attributes
                0x00000000000003b3       0x34 /home/eddie/MaximSDK/Tools/GNUTools/bin/../lib/gcc/arm-none-eabi/10.3.1/../../../../arm-none-eabi/lib/thumb/v7e-m+fp/hard/libc_nano.a(lib_a-memset.o)
 .ARM.attributes
                0x00000000000003e7       0x17 /home/eddie/MaximSDK/Tools/GNUTools/bin/../lib/gcc/arm-none-eabi/10.3.1/../../../../arm-none-eabi/lib/thumb/v7e-m+fp/hard/libc_nano.a(lib_a-strlen.o)
 .ARM.attributes
                0x00000000000003fe       0x34 /home/eddie/MaximSDK/Tools/GNUTools/bin/../lib/gcc/arm-none-eabi/10.3.1/../../../../arm-none-eabi/lib/thumb/v7e-m+fp/hard/libc_nano.a(lib_a-vsprintf.o)
 .ARM.attributes
                0x0000000000000432       0x34 /home/eddie/MaximSDK/Tools/GNUTools/bin/../lib/gcc/arm-none-eabi/10.3.1/../../../../arm-none-eabi/lib/thumb/v7e-m+fp/hard/libc_nano.a(lib_a-nano-svfprintf.o)
 .ARM.attributes
                0x0000000000000466       0x34 /home/eddie/MaximSDK/Tools/GNUTools/bin/../lib/gcc/arm-none-eabi/10.3.1/../../../../arm-none-eabi/lib/thumb/v7e-m+fp/hard/libc_nano.a(lib_a-nano-vfprintf_i.o)
 .ARM.attributes
                0x000000000000049a       0x1c /home/eddie/MaximSDK/Tools/GNUTools/bin/../lib/gcc/arm-none-eabi/10.3.1/../../../../arm-none-eabi/lib/thumb/v7e-m+fp/hard/libc_nano.a(lib_a-memchr.o)
 .ARM.attributes
                0x00000000000004b6       0x34 /home/eddie/MaximSDK/Tools/GNUTools/bin/../lib/gcc/arm-none-eabi/10.3.1/../../../../arm-none-eabi/lib/thumb/v7e-m+fp/hard/libc_nano.a(lib_a-memcpy-stub.o)
 .ARM.attributes
                0x00000000000004ea       0x34 /home/eddie/MaximSDK/Tools/GNUTools/bin/../lib/gcc/arm-none-eabi/10.3.1/../../../../arm-none-eabi/lib/thumb/v7e-m+fp/hard/libc_nano.a(lib_a-memmove.o)
 .ARM.attributes
                0x000000000000051e       0x34 /home/eddie/MaximSDK/Tools/GNUTools/bin/../lib/gcc/arm-none-eabi/10.3.1/../../../../arm-none-eabi/lib/thumb/v7e-m+fp/hard/libc_nano.a(lib_a-nano-freer.o)
 .ARM.attributes
                0x0000000000000552       0x34 /home/eddie/MaximSDK/Tools/GNUTools/bin/../lib/gcc/arm-none-eabi/10.3.1/../../../../arm-none-eabi/lib/thumb/v7e-m+fp/hard/libc_nano.a(lib_a-nano-mallocr.o)
 .ARM.attributes
                0x0000000000000586       0x34 /home/eddie/MaximSDK/Tools/GNUTools/bin/../lib/gcc/arm-none-eabi/10.3.1/../../../../arm-none-eabi/lib/thumb/v7e-m+fp/hard/libc_nano.a(lib_a-nano-reallocr.o)
 .ARM.attributes
                0x00000000000005ba       0x34 /home/eddie/MaximSDK/Tools/GNUTools/bin/../lib/gcc/arm-none-eabi/10.3.1/../../../../arm-none-eabi/lib/thumb/v7e-m+fp/hard/libc_nano.a(lib_a-sbrkr.o)
 .ARM.attributes
                0x00000000000005ee       0x34 /home/eddie/MaximSDK/Tools/GNUTools/bin/../lib/gcc/arm-none-eabi/10.3.1/../../../../arm-none-eabi/lib/thumb/v7e-m+fp/hard/libc_nano.a(lib_a-mlock.o)
 .ARM.attributes
                0x0000000000000622       0x34 /home/eddie/MaximSDK/Tools/GNUTools/bin/../lib/gcc/arm-none-eabi/10.3.1/../../../../arm-none-eabi/lib/thumb/v7e-m+fp/hard/libc_nano.a(lib_a-nano-msizer.o)
 .ARM.attributes
                0x0000000000000656       0x34 /home/eddie/MaximSDK/Tools/GNUTools/bin/../lib/gcc/arm-none-eabi/10.3.1/../../../../arm-none-eabi/lib/thumb/v7e-m+fp/hard/libc_nano.a(lib_a-reent.o)
 .ARM.attributes
                0x000000000000068a       0x34 /home/eddie/MaximSDK/Tools/GNUTools/bin/../lib/gcc/arm-none-eabi/10.3.1/../../../../arm-none-eabi/lib/thumb/v7e-m+fp/hard/libc_nano.a(lib_a-lock.o)
 .ARM.attributes
                0x00000000000006be       0x34 /home/eddie/MaximSDK/Tools/GNUTools/bin/../lib/gcc/arm-none-eabi/10.3.1/../../../../arm-none-eabi/lib/thumb/v7e-m+fp/hard/libnosys.a(sbrk.o)
 .ARM.attributes
                0x00000000000006f2       0x1e /home/eddie/MaximSDK/Tools/GNUTools/bin/../lib/gcc/arm-none-eabi/10.3.1/thumb/v7e-m+fp/hard/libgcc.a(_aeabi_uldivmod.o)
 .ARM.attributes
                0x0000000000000710       0x34 /home/eddie/MaximSDK/Tools/GNUTools/bin/../lib/gcc/arm-none-eabi/10.3.1/thumb/v7e-m+fp/hard/libgcc.a(_udivmoddi4.o)
 .ARM.attributes
                0x0000000000000744       0x1e /home/eddie/MaximSDK/Tools/GNUTools/bin/../lib/gcc/arm-none-eabi/10.3.1/thumb/v7e-m+fp/hard/libgcc.a(_dvmd_tls.o)
 .ARM.attributes
                0x0000000000000762       0x1e /home/eddie/MaximSDK/Tools/GNUTools/bin/../lib/gcc/arm-none-eabi/10.3.1/thumb/v7e-m+fp/hard/crtn.o
OUTPUT(build/tinyTasks_F4.elf elf32-littlearm)
LOAD linker stubs
LOAD /home/eddie/MaximSDK/Tools/GNUTools/bin/../lib/gcc/arm-none-eabi/10.3.1/../../../../arm-none-eabi/lib/thumb/v7e-m+fp/hard/libc.a
LOAD /home/eddie/MaximSDK/Tools/GNUTools/bin/../lib/gcc/arm-none-eabi/10.3.1/../../../../arm-none-eabi/lib/thumb/v7e-m+fp/hard/libm.a
LOAD /home/eddie/MaximSDK/Tools/GNUTools/bin/../lib/gcc/arm-none-eabi/10.3.1/thumb/v7e-m+fp/hard/libgcc.a

.debug_info     0x0000000000000000     0xb190
 .debug_info    0x0000000000000000      0x9df build/main.o
 .debug_info    0x00000000000009df      0x4e9 build/gpio.o
 .debug_info    0x0000000000000ec8      0xb22 build/usart.o
 .debug_info    0x00000000000019ea      0x15a build/stm32f4xx_it.o
 .debug_info    0x0000000000001b44      0x32f build/stm32f4xx_hal_msp.o
 .debug_info    0x0000000000001e73     0x432e build/stm32f4xx_hal_uart.o
 .debug_info    0x00000000000061a1      0xc39 build/stm32f4xx_hal_rcc.o
 .debug_info    0x0000000000006dda      0xdc5 build/stm32f4xx_hal_rcc_ex.o
 .debug_info    0x0000000000007b9f      0x8ac build/stm32f4xx_hal_gpio.o
 .debug_info    0x000000000000844b      0x880 build/stm32f4xx_hal_pwr_ex.o
 .debug_info    0x0000000000008ccb     0x11a9 build/stm32f4xx_hal_cortex.o
 .debug_info    0x0000000000009e74      0xb31 build/stm32f4xx_hal.o
 .debug_info    0x000000000000a9a5      0x5f7 build/system_stm32f4xx.o
 .debug_info    0x000000000000af9c      0x1d2 build/tinyKernel.o
 .debug_info    0x000000000000b16e       0x22 build/startup_stm32f446xx.o

.debug_abbrev   0x0000000000000000     0x1af6
 .debug_abbrev  0x0000000000000000      0x26e build/main.o
 .debug_abbrev  0x000000000000026e      0x151 build/gpio.o
 .debug_abbrev  0x00000000000003bf      0x1de build/usart.o
 .debug_abbrev  0x000000000000059d       0x81 build/stm32f4xx_it.o
 .debug_abbrev  0x000000000000061e       0xd3 build/stm32f4xx_hal_msp.o
 .debug_abbrev  0x00000000000006f1      0x356 build/stm32f4xx_hal_uart.o
 .debug_abbrev  0x0000000000000a47      0x2aa build/stm32f4xx_hal_rcc.o
 .debug_abbrev  0x0000000000000cf1      0x240 build/stm32f4xx_hal_rcc_ex.o
 .debug_abbrev  0x0000000000000f31      0x22b build/stm32f4xx_hal_gpio.o
 .debug_abbrev  0x000000000000115c      0x1c3 build/stm32f4xx_hal_pwr_ex.o
 .debug_abbrev  0x000000000000131f      0x382 build/stm32f4xx_hal_cortex.o
 .debug_abbrev  0x00000000000016a1      0x209 build/stm32f4xx_hal.o
 .debug_abbrev  0x00000000000018aa      0x11b build/system_stm32f4xx.o
 .debug_abbrev  0x00000000000019c5      0x11f build/tinyKernel.o
 .debug_abbrev  0x0000000000001ae4       0x12 build/startup_stm32f446xx.o

.debug_loc      0x0000000000000000     0x7b2b
 .debug_loc     0x0000000000000000      0x11e build/main.o
 .debug_loc     0x000000000000011e       0x38 build/gpio.o
 .debug_loc     0x0000000000000156      0x108 build/usart.o
 .debug_loc     0x000000000000025e       0x20 build/stm32f4xx_it.o
 .debug_loc     0x000000000000027e       0x2c build/stm32f4xx_hal_msp.o
 .debug_loc     0x00000000000002aa     0x4d30 build/stm32f4xx_hal_uart.o
 .debug_loc     0x0000000000004fda      0x6e4 build/stm32f4xx_hal_rcc.o
 .debug_loc     0x00000000000056be     0x100b build/stm32f4xx_hal_rcc_ex.o
 .debug_loc     0x00000000000066c9      0x5e8 build/stm32f4xx_hal_gpio.o
 .debug_loc     0x0000000000006cb1      0x378 build/stm32f4xx_hal_pwr_ex.o
 .debug_loc     0x0000000000007029      0x7a4 build/stm32f4xx_hal_cortex.o
 .debug_loc     0x00000000000077cd      0x1e1 build/stm32f4xx_hal.o
 .debug_loc     0x00000000000079ae      0x158 build/system_stm32f4xx.o
 .debug_loc     0x0000000000007b06       0x25 build/tinyKernel.o

.debug_aranges  0x0000000000000000      0x6e8
 .debug_aranges
                0x0000000000000000       0x38 build/main.o
 .debug_aranges
                0x0000000000000038       0x20 build/gpio.o
 .debug_aranges
                0x0000000000000058       0x30 build/usart.o
 .debug_aranges
                0x0000000000000088       0x60 build/stm32f4xx_it.o
 .debug_aranges
                0x00000000000000e8       0x20 build/stm32f4xx_hal_msp.o
 .debug_aranges
                0x0000000000000108      0x208 build/stm32f4xx_hal_uart.o
 .debug_aranges
                0x0000000000000310       0x88 build/stm32f4xx_hal_rcc.o
 .debug_aranges
                0x0000000000000398       0x78 build/stm32f4xx_hal_rcc_ex.o
 .debug_aranges
                0x0000000000000410       0x58 build/stm32f4xx_hal_gpio.o
 .debug_aranges
                0x0000000000000468       0x60 build/stm32f4xx_hal_pwr_ex.o
 .debug_aranges
                0x00000000000004c8       0xb0 build/stm32f4xx_hal_cortex.o
 .debug_aranges
                0x0000000000000578       0xf0 build/stm32f4xx_hal.o
 .debug_aranges
                0x0000000000000668       0x28 build/system_stm32f4xx.o
 .debug_aranges
                0x0000000000000690       0x30 build/tinyKernel.o
 .debug_aranges
                0x00000000000006c0       0x28 build/startup_stm32f446xx.o

.debug_ranges   0x0000000000000000      0x6a8
 .debug_ranges  0x0000000000000000       0x28 build/main.o
 .debug_ranges  0x0000000000000028       0x10 build/gpio.o
 .debug_ranges  0x0000000000000038       0x20 build/usart.o
 .debug_ranges  0x0000000000000058       0x50 build/stm32f4xx_it.o
 .debug_ranges  0x00000000000000a8       0x10 build/stm32f4xx_hal_msp.o
 .debug_ranges  0x00000000000000b8      0x210 build/stm32f4xx_hal_uart.o
 .debug_ranges  0x00000000000002c8       0x90 build/stm32f4xx_hal_rcc.o
 .debug_ranges  0x0000000000000358       0x80 build/stm32f4xx_hal_rcc_ex.o
 .debug_ranges  0x00000000000003d8       0x48 build/stm32f4xx_hal_gpio.o
 .debug_ranges  0x0000000000000420       0x50 build/stm32f4xx_hal_pwr_ex.o
 .debug_ranges  0x0000000000000470      0x100 build/stm32f4xx_hal_cortex.o
 .debug_ranges  0x0000000000000570       0xe0 build/stm32f4xx_hal.o
 .debug_ranges  0x0000000000000650       0x18 build/system_stm32f4xx.o
 .debug_ranges  0x0000000000000668       0x20 build/tinyKernel.o
 .debug_ranges  0x0000000000000688       0x20 build/startup_stm32f446xx.o

.debug_line     0x0000000000000000     0x88e5
 .debug_line    0x0000000000000000      0x4e0 build/main.o
 .debug_line    0x00000000000004e0      0x192 build/gpio.o
 .debug_line    0x0000000000000672      0x2a7 build/usart.o
 .debug_line    0x0000000000000919      0x179 build/stm32f4xx_it.o
 .debug_line    0x0000000000000a92      0x13d build/stm32f4xx_hal_msp.o
 .debug_line    0x0000000000000bcf     0x429d build/stm32f4xx_hal_uart.o
 .debug_line    0x0000000000004e6c      0xaf9 build/stm32f4xx_hal_rcc.o
 .debug_line    0x0000000000005965     0x1371 build/stm32f4xx_hal_rcc_ex.o
 .debug_line    0x0000000000006cd6      0x6b9 build/stm32f4xx_hal_gpio.o
 .debug_line    0x000000000000738f      0x494 build/stm32f4xx_hal_pwr_ex.o
 .debug_line    0x0000000000007823      0x773 build/stm32f4xx_hal_cortex.o
 .debug_line    0x0000000000007f96      0x547 build/stm32f4xx_hal.o
 .debug_line    0x00000000000084dd      0x232 build/system_stm32f4xx.o
 .debug_line    0x000000000000870f      0x160 build/tinyKernel.o
 .debug_line    0x000000000000886f       0x76 build/startup_stm32f446xx.o

.debug_str      0x0000000000000000     0x2748
 .debug_str     0x0000000000000000      0x5d6 build/main.o
                                        0x63d (size before relaxing)
 .debug_str     0x00000000000005d6       0x82 build/gpio.o
                                        0x388 (size before relaxing)
 .debug_str     0x0000000000000658      0x451 build/usart.o
                                        0x840 (size before relaxing)
 .debug_str     0x0000000000000aa9       0xb4 build/stm32f4xx_it.o
                                        0x226 (size before relaxing)
 .debug_str     0x0000000000000b5d       0x29 build/stm32f4xx_hal_msp.o
                                        0x2d7 (size before relaxing)
 .debug_str     0x0000000000000b86      0x6e5 build/stm32f4xx_hal_uart.o
                                        0xd92 (size before relaxing)
 .debug_str     0x000000000000126b      0x1d7 build/stm32f4xx_hal_rcc.o
                                        0x727 (size before relaxing)
 .debug_str     0x0000000000001442      0x344 build/stm32f4xx_hal_rcc_ex.o
                                        0x80e (size before relaxing)
 .debug_str     0x0000000000001786      0x112 build/stm32f4xx_hal_gpio.o
                                        0x4fc (size before relaxing)
 .debug_str     0x0000000000001898      0x187 build/stm32f4xx_hal_pwr_ex.o
                                        0x4e7 (size before relaxing)
 .debug_str     0x0000000000001a1f      0x9df build/stm32f4xx_hal_cortex.o
                                        0xc7b (size before relaxing)
 .debug_str     0x00000000000023fe      0x295 build/stm32f4xx_hal.o
                                        0xbb7 (size before relaxing)
 .debug_str     0x0000000000002693       0x47 build/system_stm32f4xx.o
                                        0x391 (size before relaxing)
 .debug_str     0x00000000000026da       0x4a build/tinyKernel.o
                                        0x286 (size before relaxing)
 .debug_str     0x0000000000002724       0x24 build/startup_stm32f446xx.o
                                         0x61 (size before relaxing)

.comment        0x0000000000000000       0x49
 .comment       0x0000000000000000       0x49 build/main.o
                                         0x4a (size before relaxing)
 .comment       0x0000000000000049       0x4a build/gpio.o
 .comment       0x0000000000000049       0x4a build/usart.o
 .comment       0x0000000000000049       0x4a build/stm32f4xx_it.o
 .comment       0x0000000000000049       0x4a build/stm32f4xx_hal_msp.o
 .comment       0x0000000000000049       0x4a build/stm32f4xx_hal_uart.o
 .comment       0x0000000000000049       0x4a build/stm32f4xx_hal_rcc.o
 .comment       0x0000000000000049       0x4a build/stm32f4xx_hal_rcc_ex.o
 .comment       0x0000000000000049       0x4a build/stm32f4xx_hal_gpio.o
 .comment       0x0000000000000049       0x4a build/stm32f4xx_hal_pwr_ex.o
 .comment       0x0000000000000049       0x4a build/stm32f4xx_hal_cortex.o
 .comment       0x0000000000000049       0x4a build/stm32f4xx_hal.o
 .comment       0x0000000000000049       0x4a build/system_stm32f4xx.o
 .comment       0x0000000000000049       0x4a build/tinyKernel.o

.debug_frame    0x0000000000000000     0x149c
 .debug_frame   0x0000000000000000       0x90 build/main.o
 .debug_frame   0x0000000000000090       0x30 build/gpio.o
 .debug_frame   0x00000000000000c0       0x60 build/usart.o
 .debug_frame   0x0000000000000120       0xa8 build/stm32f4xx_it.o
 .debug_frame   0x00000000000001c8       0x28 build/stm32f4xx_hal_msp.o
 .debug_frame   0x00000000000001f0      0x5e4 build/stm32f4xx_hal_uart.o
 .debug_frame   0x00000000000007d4      0x16c build/stm32f4xx_hal_rcc.o
 .debug_frame   0x0000000000000940      0x14c build/stm32f4xx_hal_rcc_ex.o
 .debug_frame   0x0000000000000a8c       0xd8 build/stm32f4xx_hal_gpio.o
 .debug_frame   0x0000000000000b64       0xf4 build/stm32f4xx_hal_pwr_ex.o
 .debug_frame   0x0000000000000c58      0x158 build/stm32f4xx_hal_cortex.o
 .debug_frame   0x0000000000000db0      0x1ec build/stm32f4xx_hal.o
 .debug_frame   0x0000000000000f9c       0x30 build/system_stm32f4xx.o
 .debug_frame   0x0000000000000fcc       0x40 build/tinyKernel.o
 .debug_frame   0x000000000000100c       0x2c /home/eddie/MaximSDK/Tools/GNUTools/bin/../lib/gcc/arm-none-eabi/10.3.1/../../../../arm-none-eabi/lib/thumb/v7e-m+fp/hard/libc_nano.a(lib_a-init.o)
 .debug_frame   0x0000000000001038       0x20 /home/eddie/MaximSDK/Tools/GNUTools/bin/../lib/gcc/arm-none-eabi/10.3.1/../../../../arm-none-eabi/lib/thumb/v7e-m+fp/hard/libc_nano.a(lib_a-memset.o)
 .debug_frame   0x0000000000001058       0x3c /home/eddie/MaximSDK/Tools/GNUTools/bin/../lib/gcc/arm-none-eabi/10.3.1/../../../../arm-none-eabi/lib/thumb/v7e-m+fp/hard/libc_nano.a(lib_a-vsprintf.o)
 .debug_frame   0x0000000000001094       0x90 /home/eddie/MaximSDK/Tools/GNUTools/bin/../lib/gcc/arm-none-eabi/10.3.1/../../../../arm-none-eabi/lib/thumb/v7e-m+fp/hard/libc_nano.a(lib_a-nano-svfprintf.o)
 .debug_frame   0x0000000000001124       0x60 /home/eddie/MaximSDK/Tools/GNUTools/bin/../lib/gcc/arm-none-eabi/10.3.1/../../../../arm-none-eabi/lib/thumb/v7e-m+fp/hard/libc_nano.a(lib_a-nano-vfprintf_i.o)
 .debug_frame   0x0000000000001184       0x28 /home/eddie/MaximSDK/Tools/GNUTools/bin/../lib/gcc/arm-none-eabi/10.3.1/../../../../arm-none-eabi/lib/thumb/v7e-m+fp/hard/libc_nano.a(lib_a-memcpy-stub.o)
 .debug_frame   0x00000000000011ac       0x28 /home/eddie/MaximSDK/Tools/GNUTools/bin/../lib/gcc/arm-none-eabi/10.3.1/../../../../arm-none-eabi/lib/thumb/v7e-m+fp/hard/libc_nano.a(lib_a-memmove.o)
 .debug_frame   0x00000000000011d4       0x38 /home/eddie/MaximSDK/Tools/GNUTools/bin/../lib/gcc/arm-none-eabi/10.3.1/../../../../arm-none-eabi/lib/thumb/v7e-m+fp/hard/libc_nano.a(lib_a-nano-freer.o)
 .debug_frame   0x000000000000120c       0x4c /home/eddie/MaximSDK/Tools/GNUTools/bin/../lib/gcc/arm-none-eabi/10.3.1/../../../../arm-none-eabi/lib/thumb/v7e-m+fp/hard/libc_nano.a(lib_a-nano-mallocr.o)
 .debug_frame   0x0000000000001258       0x3c /home/eddie/MaximSDK/Tools/GNUTools/bin/../lib/gcc/arm-none-eabi/10.3.1/../../../../arm-none-eabi/lib/thumb/v7e-m+fp/hard/libc_nano.a(lib_a-nano-reallocr.o)
 .debug_frame   0x0000000000001294       0x2c /home/eddie/MaximSDK/Tools/GNUTools/bin/../lib/gcc/arm-none-eabi/10.3.1/../../../../arm-none-eabi/lib/thumb/v7e-m+fp/hard/libc_nano.a(lib_a-sbrkr.o)
 .debug_frame   0x00000000000012c0       0x30 /home/eddie/MaximSDK/Tools/GNUTools/bin/../lib/gcc/arm-none-eabi/10.3.1/../../../../arm-none-eabi/lib/thumb/v7e-m+fp/hard/libc_nano.a(lib_a-mlock.o)
 .debug_frame   0x00000000000012f0       0x20 /home/eddie/MaximSDK/Tools/GNUTools/bin/../lib/gcc/arm-none-eabi/10.3.1/../../../../arm-none-eabi/lib/thumb/v7e-m+fp/hard/libc_nano.a(lib_a-nano-msizer.o)
 .debug_frame   0x0000000000001310       0x5c /home/eddie/MaximSDK/Tools/GNUTools/bin/../lib/gcc/arm-none-eabi/10.3.1/../../../../arm-none-eabi/lib/thumb/v7e-m+fp/hard/libc_nano.a(lib_a-reent.o)
 .debug_frame   0x000000000000136c       0xb0 /home/eddie/MaximSDK/Tools/GNUTools/bin/../lib/gcc/arm-none-eabi/10.3.1/../../../../arm-none-eabi/lib/thumb/v7e-m+fp/hard/libc_nano.a(lib_a-lock.o)
 .debug_frame   0x000000000000141c       0x20 /home/eddie/MaximSDK/Tools/GNUTools/bin/../lib/gcc/arm-none-eabi/10.3.1/../../../../arm-none-eabi/lib/thumb/v7e-m+fp/hard/libnosys.a(sbrk.o)
 .debug_frame   0x000000000000143c       0x2c /home/eddie/MaximSDK/Tools/GNUTools/bin/../lib/gcc/arm-none-eabi/10.3.1/thumb/v7e-m+fp/hard/libgcc.a(_aeabi_uldivmod.o)
 .debug_frame   0x0000000000001468       0x34 /home/eddie/MaximSDK/Tools/GNUTools/bin/../lib/gcc/arm-none-eabi/10.3.1/thumb/v7e-m+fp/hard/libgcc.a(_udivmoddi4.o)

Cross Reference Table

Symbol                                            File
ADC_IRQHandler                                    build/startup_stm32f446xx.o
AHBPrescTable                                     build/system_stm32f4xx.o
                                                  build/stm32f4xx_hal_rcc.o
APBPrescTable                                     build/system_stm32f4xx.o
                                                  build/stm32f4xx_hal_rcc.o
BusFault_Handler                                  build/stm32f4xx_it.o
CAN1_RX0_IRQHandler                               build/startup_stm32f446xx.o
CAN1_RX1_IRQHandler                               build/startup_stm32f446xx.o
CAN1_SCE_IRQHandler                               build/startup_stm32f446xx.o
CAN1_TX_IRQHandler                                build/startup_stm32f446xx.o
CAN2_RX0_IRQHandler                               build/startup_stm32f446xx.o
CAN2_RX1_IRQHandler                               build/startup_stm32f446xx.o
CAN2_SCE_IRQHandler                               build/startup_stm32f446xx.o
CAN2_TX_IRQHandler                                build/startup_stm32f446xx.o
CEC_IRQHandler                                    build/startup_stm32f446xx.o
DCMI_IRQHandler                                   build/startup_stm32f446xx.o
DMA1_Stream0_IRQHandler                           build/startup_stm32f446xx.o
DMA1_Stream1_IRQHandler                           build/startup_stm32f446xx.o
DMA1_Stream2_IRQHandler                           build/startup_stm32f446xx.o
DMA1_Stream3_IRQHandler                           build/startup_stm32f446xx.o
DMA1_Stream4_IRQHandler                           build/startup_stm32f446xx.o
DMA1_Stream5_IRQHandler                           build/startup_stm32f446xx.o
DMA1_Stream6_IRQHandler                           build/startup_stm32f446xx.o
DMA1_Stream7_IRQHandler                           build/startup_stm32f446xx.o
DMA2_Stream0_IRQHandler                           build/startup_stm32f446xx.o
DMA2_Stream1_IRQHandler                           build/startup_stm32f446xx.o
DMA2_Stream2_IRQHandler                           build/startup_stm32f446xx.o
DMA2_Stream3_IRQHandler                           build/startup_stm32f446xx.o
DMA2_Stream4_IRQHandler                           build/startup_stm32f446xx.o
DMA2_Stream5_IRQHandler                           build/startup_stm32f446xx.o
DMA2_Stream6_IRQHandler                           build/startup_stm32f446xx.o
DMA2_Stream7_IRQHandler                           build/startup_stm32f446xx.o
DebugMon_Handler                                  build/stm32f4xx_it.o
Default_Handler                                   build/startup_stm32f446xx.o
EXTI0_IRQHandler                                  build/startup_stm32f446xx.o
EXTI15_10_IRQHandler                              build/startup_stm32f446xx.o
EXTI1_IRQHandler                                  build/startup_stm32f446xx.o
EXTI2_IRQHandler                                  build/startup_stm32f446xx.o
EXTI3_IRQHandler                                  build/startup_stm32f446xx.o
EXTI4_IRQHandler                                  build/startup_stm32f446xx.o
EXTI9_5_IRQHandler                                build/startup_stm32f446xx.o
Error_Handler                                     build/main.o
                                                  build/usart.o
FLASH_Erase_Sector                                build/stm32f4xx_hal_flash_ex.o
                                                  build/stm32f4xx_hal_flash.o
FLASH_FlushCaches                                 build/stm32f4xx_hal_flash_ex.o
                                                  build/stm32f4xx_hal_flash.o
FLASH_IRQHandler                                  build/startup_stm32f446xx.o
FLASH_WaitForLastOperation                        build/stm32f4xx_hal_flash.o
                                                  build/stm32f4xx_hal_flash_ex.o
FMC_IRQHandler                                    build/startup_stm32f446xx.o
FMPI2C1_ER_IRQHandler                             build/startup_stm32f446xx.o
FMPI2C1_EV_IRQHandler                             build/startup_stm32f446xx.o
FPU_IRQHandler                                    build/startup_stm32f446xx.o
HAL_CORTEX_ClearEvent                             build/stm32f4xx_hal_cortex.o
HAL_DBGMCU_DisableDBGSleepMode                    build/stm32f4xx_hal.o
HAL_DBGMCU_DisableDBGStandbyMode                  build/stm32f4xx_hal.o
HAL_DBGMCU_DisableDBGStopMode                     build/stm32f4xx_hal.o
HAL_DBGMCU_EnableDBGSleepMode                     build/stm32f4xx_hal.o
HAL_DBGMCU_EnableDBGStandbyMode                   build/stm32f4xx_hal.o
HAL_DBGMCU_EnableDBGStopMode                      build/stm32f4xx_hal.o
HAL_DMAEx_ChangeMemory                            build/stm32f4xx_hal_dma_ex.o
HAL_DMAEx_MultiBufferStart                        build/stm32f4xx_hal_dma_ex.o
HAL_DMAEx_MultiBufferStart_IT                     build/stm32f4xx_hal_dma_ex.o
HAL_DMA_Abort                                     build/stm32f4xx_hal_dma.o
                                                  build/stm32f4xx_hal_uart.o
HAL_DMA_Abort_IT                                  build/stm32f4xx_hal_dma.o
                                                  build/stm32f4xx_hal_uart.o
HAL_DMA_DeInit                                    build/stm32f4xx_hal_dma.o
HAL_DMA_GetError                                  build/stm32f4xx_hal_dma.o
                                                  build/stm32f4xx_hal_uart.o
HAL_DMA_GetState                                  build/stm32f4xx_hal_dma.o
HAL_DMA_IRQHandler                                build/stm32f4xx_hal_dma.o
HAL_DMA_Init                                      build/stm32f4xx_hal_dma.o
HAL_DMA_PollForTransfer                           build/stm32f4xx_hal_dma.o
HAL_DMA_RegisterCallback                          build/stm32f4xx_hal_dma.o
HAL_DMA_Start                                     build/stm32f4xx_hal_dma.o
HAL_DMA_Start_IT                                  build/stm32f4xx_hal_dma.o
                                                  build/stm32f4xx_hal_uart.o
HAL_DMA_UnRegisterCallback                        build/stm32f4xx_hal_dma.o
HAL_DeInit                                        build/stm32f4xx_hal.o
HAL_Delay                                         build/stm32f4xx_hal.o
                                                  build/main.o
HAL_DisableCompensationCell                       build/stm32f4xx_hal.o
HAL_EXTI_ClearConfigLine                          build/stm32f4xx_hal_exti.o
HAL_EXTI_ClearPending                             build/stm32f4xx_hal_exti.o
HAL_EXTI_GenerateSWI                              build/stm32f4xx_hal_exti.o
HAL_EXTI_GetConfigLine                            build/stm32f4xx_hal_exti.o
HAL_EXTI_GetHandle                                build/stm32f4xx_hal_exti.o
HAL_EXTI_GetPending                               build/stm32f4xx_hal_exti.o
HAL_EXTI_IRQHandler                               build/stm32f4xx_hal_exti.o
HAL_EXTI_RegisterCallback                         build/stm32f4xx_hal_exti.o
HAL_EXTI_SetConfigLine                            build/stm32f4xx_hal_exti.o
HAL_EnableCompensationCell                        build/stm32f4xx_hal.o
HAL_FLASHEx_AdvOBGetConfig                        build/stm32f4xx_hal_flash_ex.o
HAL_FLASHEx_AdvOBProgram                          build/stm32f4xx_hal_flash_ex.o
HAL_FLASHEx_DisableFlashSleepMode                 build/stm32f4xx_hal_flash_ramfunc.o
HAL_FLASHEx_EnableFlashSleepMode                  build/stm32f4xx_hal_flash_ramfunc.o
HAL_FLASHEx_Erase                                 build/stm32f4xx_hal_flash_ex.o
HAL_FLASHEx_Erase_IT                              build/stm32f4xx_hal_flash_ex.o
HAL_FLASHEx_OBGetConfig                           build/stm32f4xx_hal_flash_ex.o
HAL_FLASHEx_OBProgram                             build/stm32f4xx_hal_flash_ex.o
HAL_FLASHEx_OB_DeSelectPCROP                      build/stm32f4xx_hal_flash_ex.o
HAL_FLASHEx_OB_SelectPCROP                        build/stm32f4xx_hal_flash_ex.o
HAL_FLASHEx_StartFlashInterfaceClk                build/stm32f4xx_hal_flash_ramfunc.o
HAL_FLASHEx_StopFlashInterfaceClk                 build/stm32f4xx_hal_flash_ramfunc.o
HAL_FLASH_EndOfOperationCallback                  build/stm32f4xx_hal_flash.o
HAL_FLASH_GetError                                build/stm32f4xx_hal_flash.o
HAL_FLASH_IRQHandler                              build/stm32f4xx_hal_flash.o
HAL_FLASH_Lock                                    build/stm32f4xx_hal_flash.o
HAL_FLASH_OB_Launch                               build/stm32f4xx_hal_flash.o
HAL_FLASH_OB_Lock                                 build/stm32f4xx_hal_flash.o
HAL_FLASH_OB_Unlock                               build/stm32f4xx_hal_flash.o
HAL_FLASH_OperationErrorCallback                  build/stm32f4xx_hal_flash.o
HAL_FLASH_Program                                 build/stm32f4xx_hal_flash.o
HAL_FLASH_Program_IT                              build/stm32f4xx_hal_flash.o
HAL_FLASH_Unlock                                  build/stm32f4xx_hal_flash.o
HAL_GPIO_DeInit                                   build/stm32f4xx_hal_gpio.o
                                                  build/usart.o
HAL_GPIO_EXTI_Callback                            build/stm32f4xx_hal_gpio.o
HAL_GPIO_EXTI_IRQHandler                          build/stm32f4xx_hal_gpio.o
HAL_GPIO_Init                                     build/stm32f4xx_hal_gpio.o
                                                  build/stm32f4xx_hal_rcc.o
                                                  build/usart.o
                                                  build/gpio.o
HAL_GPIO_LockPin                                  build/stm32f4xx_hal_gpio.o
HAL_GPIO_ReadPin                                  build/stm32f4xx_hal_gpio.o
HAL_GPIO_TogglePin                                build/stm32f4xx_hal_gpio.o
                                                  build/main.o
HAL_GPIO_WritePin                                 build/stm32f4xx_hal_gpio.o
                                                  build/gpio.o
HAL_GetDEVID                                      build/stm32f4xx_hal.o
HAL_GetHalVersion                                 build/stm32f4xx_hal.o
HAL_GetREVID                                      build/stm32f4xx_hal.o
HAL_GetTick                                       build/stm32f4xx_hal.o
                                                  build/stm32f4xx_hal_pwr_ex.o
                                                  build/stm32f4xx_hal_dma.o
                                                  build/stm32f4xx_hal_flash.o
                                                  build/stm32f4xx_hal_rcc_ex.o
                                                  build/stm32f4xx_hal_rcc.o
                                                  build/stm32f4xx_hal_uart.o
HAL_GetTickFreq                                   build/stm32f4xx_hal.o
HAL_GetTickPrio                                   build/stm32f4xx_hal.o
HAL_GetUIDw0                                      build/stm32f4xx_hal.o
HAL_GetUIDw1                                      build/stm32f4xx_hal.o
HAL_GetUIDw2                                      build/stm32f4xx_hal.o
HAL_HalfDuplex_EnableReceiver                     build/stm32f4xx_hal_uart.o
HAL_HalfDuplex_EnableTransmitter                  build/stm32f4xx_hal_uart.o
HAL_HalfDuplex_Init                               build/stm32f4xx_hal_uart.o
HAL_IncTick                                       build/stm32f4xx_hal.o
                                                  build/stm32f4xx_it.o
HAL_Init                                          build/stm32f4xx_hal.o
                                                  build/main.o
HAL_InitTick                                      build/stm32f4xx_hal.o
                                                  build/stm32f4xx_hal_rcc_ex.o
                                                  build/stm32f4xx_hal_rcc.o
HAL_LIN_Init                                      build/stm32f4xx_hal_uart.o
HAL_LIN_SendBreak                                 build/stm32f4xx_hal_uart.o
HAL_MPU_ConfigRegion                              build/stm32f4xx_hal_cortex.o
HAL_MPU_Disable                                   build/stm32f4xx_hal_cortex.o
HAL_MPU_Enable                                    build/stm32f4xx_hal_cortex.o
HAL_MspDeInit                                     build/stm32f4xx_hal.o
HAL_MspInit                                       build/stm32f4xx_hal_msp.o
HAL_MultiProcessor_EnterMuteMode                  build/stm32f4xx_hal_uart.o
HAL_MultiProcessor_ExitMuteMode                   build/stm32f4xx_hal_uart.o
HAL_MultiProcessor_Init                           build/stm32f4xx_hal_uart.o
HAL_NVIC_ClearPendingIRQ                          build/stm32f4xx_hal_cortex.o
HAL_NVIC_DisableIRQ                               build/stm32f4xx_hal_cortex.o
HAL_NVIC_EnableIRQ                                build/stm32f4xx_hal_cortex.o
HAL_NVIC_GetActive                                build/stm32f4xx_hal_cortex.o
HAL_NVIC_GetPendingIRQ                            build/stm32f4xx_hal_cortex.o
HAL_NVIC_GetPriority                              build/stm32f4xx_hal_cortex.o
HAL_NVIC_GetPriorityGrouping                      build/stm32f4xx_hal_cortex.o
HAL_NVIC_SetPendingIRQ                            build/stm32f4xx_hal_cortex.o
HAL_NVIC_SetPriority                              build/stm32f4xx_hal_cortex.o
                                                  build/stm32f4xx_hal.o
HAL_NVIC_SetPriorityGrouping                      build/stm32f4xx_hal_cortex.o
                                                  build/stm32f4xx_hal.o
HAL_NVIC_SystemReset                              build/stm32f4xx_hal_cortex.o
HAL_PWREx_ControlVoltageScaling                   build/stm32f4xx_hal_pwr_ex.o
HAL_PWREx_DisableBkUpReg                          build/stm32f4xx_hal_pwr_ex.o
HAL_PWREx_DisableFlashPowerDown                   build/stm32f4xx_hal_pwr_ex.o
HAL_PWREx_DisableOverDrive                        build/stm32f4xx_hal_pwr_ex.o
HAL_PWREx_EnableBkUpReg                           build/stm32f4xx_hal_pwr_ex.o
HAL_PWREx_EnableFlashPowerDown                    build/stm32f4xx_hal_pwr_ex.o
HAL_PWREx_EnableOverDrive                         build/stm32f4xx_hal_pwr_ex.o
                                                  build/main.o
HAL_PWREx_EnterUnderDriveSTOPMode                 build/stm32f4xx_hal_pwr_ex.o
HAL_PWREx_GetVoltageRange                         build/stm32f4xx_hal_pwr_ex.o
HAL_PWR_ConfigPVD                                 build/stm32f4xx_hal_pwr.o
HAL_PWR_DeInit                                    build/stm32f4xx_hal_pwr.o
HAL_PWR_DisableBkUpAccess                         build/stm32f4xx_hal_pwr.o
HAL_PWR_DisablePVD                                build/stm32f4xx_hal_pwr.o
HAL_PWR_DisableSEVOnPend                          build/stm32f4xx_hal_pwr.o
HAL_PWR_DisableSleepOnExit                        build/stm32f4xx_hal_pwr.o
HAL_PWR_DisableWakeUpPin                          build/stm32f4xx_hal_pwr.o
HAL_PWR_EnableBkUpAccess                          build/stm32f4xx_hal_pwr.o
HAL_PWR_EnablePVD                                 build/stm32f4xx_hal_pwr.o
HAL_PWR_EnableSEVOnPend                           build/stm32f4xx_hal_pwr.o
HAL_PWR_EnableSleepOnExit                         build/stm32f4xx_hal_pwr.o
HAL_PWR_EnableWakeUpPin                           build/stm32f4xx_hal_pwr.o
HAL_PWR_EnterSLEEPMode                            build/stm32f4xx_hal_pwr.o
HAL_PWR_EnterSTANDBYMode                          build/stm32f4xx_hal_pwr.o
HAL_PWR_EnterSTOPMode                             build/stm32f4xx_hal_pwr.o
HAL_PWR_PVDCallback                               build/stm32f4xx_hal_pwr.o
HAL_PWR_PVD_IRQHandler                            build/stm32f4xx_hal_pwr.o
HAL_RCCEx_DisablePLLI2S                           build/stm32f4xx_hal_rcc_ex.o
HAL_RCCEx_DisablePLLSAI                           build/stm32f4xx_hal_rcc_ex.o
HAL_RCCEx_EnablePLLI2S                            build/stm32f4xx_hal_rcc_ex.o
HAL_RCCEx_EnablePLLSAI                            build/stm32f4xx_hal_rcc_ex.o
HAL_RCCEx_GetPeriphCLKConfig                      build/stm32f4xx_hal_rcc_ex.o
HAL_RCCEx_GetPeriphCLKFreq                        build/stm32f4xx_hal_rcc_ex.o
HAL_RCCEx_PeriphCLKConfig                         build/stm32f4xx_hal_rcc_ex.o
HAL_RCCEx_SelectLSEMode                           build/stm32f4xx_hal_rcc_ex.o
HAL_RCC_CSSCallback                               build/stm32f4xx_hal_rcc.o
HAL_RCC_ClockConfig                               build/stm32f4xx_hal_rcc.o
                                                  build/main.o
HAL_RCC_DeInit                                    build/stm32f4xx_hal_rcc_ex.o
                                                  build/stm32f4xx_hal_rcc.o
HAL_RCC_DisableCSS                                build/stm32f4xx_hal_rcc.o
HAL_RCC_EnableCSS                                 build/stm32f4xx_hal_rcc.o
HAL_RCC_GetClockConfig                            build/stm32f4xx_hal_rcc.o
HAL_RCC_GetHCLKFreq                               build/stm32f4xx_hal_rcc.o
HAL_RCC_GetOscConfig                              build/stm32f4xx_hal_rcc_ex.o
                                                  build/stm32f4xx_hal_rcc.o
HAL_RCC_GetPCLK1Freq                              build/stm32f4xx_hal_rcc.o
                                                  build/stm32f4xx_hal_uart.o
HAL_RCC_GetPCLK2Freq                              build/stm32f4xx_hal_rcc.o
                                                  build/stm32f4xx_hal_uart.o
HAL_RCC_GetSysClockFreq                           build/stm32f4xx_hal_rcc_ex.o
                                                  build/stm32f4xx_hal_rcc.o
HAL_RCC_MCOConfig                                 build/stm32f4xx_hal_rcc.o
HAL_RCC_NMI_IRQHandler                            build/stm32f4xx_hal_rcc.o
HAL_RCC_OscConfig                                 build/stm32f4xx_hal_rcc_ex.o
                                                  build/stm32f4xx_hal_rcc.o
                                                  build/main.o
HAL_ResumeTick                                    build/stm32f4xx_hal.o
HAL_SYSTICK_CLKSourceConfig                       build/stm32f4xx_hal_cortex.o
HAL_SYSTICK_Callback                              build/stm32f4xx_hal_cortex.o
HAL_SYSTICK_Config                                build/stm32f4xx_hal_cortex.o
                                                  build/stm32f4xx_hal.o
HAL_SYSTICK_IRQHandler                            build/stm32f4xx_hal_cortex.o
HAL_SetTickFreq                                   build/stm32f4xx_hal.o
HAL_SuspendTick                                   build/stm32f4xx_hal.o
HAL_UARTEx_GetRxEventType                         build/stm32f4xx_hal_uart.o
HAL_UARTEx_ReceiveToIdle                          build/stm32f4xx_hal_uart.o
HAL_UARTEx_ReceiveToIdle_DMA                      build/stm32f4xx_hal_uart.o
HAL_UARTEx_ReceiveToIdle_IT                       build/stm32f4xx_hal_uart.o
HAL_UARTEx_RxEventCallback                        build/stm32f4xx_hal_uart.o
HAL_UART_Abort                                    build/stm32f4xx_hal_uart.o
HAL_UART_AbortCpltCallback                        build/stm32f4xx_hal_uart.o
HAL_UART_AbortReceive                             build/stm32f4xx_hal_uart.o
HAL_UART_AbortReceiveCpltCallback                 build/stm32f4xx_hal_uart.o
HAL_UART_AbortReceive_IT                          build/stm32f4xx_hal_uart.o
HAL_UART_AbortTransmit                            build/stm32f4xx_hal_uart.o
HAL_UART_AbortTransmitCpltCallback                build/stm32f4xx_hal_uart.o
HAL_UART_AbortTransmit_IT                         build/stm32f4xx_hal_uart.o
HAL_UART_Abort_IT                                 build/stm32f4xx_hal_uart.o
HAL_UART_DMAPause                                 build/stm32f4xx_hal_uart.o
HAL_UART_DMAResume                                build/stm32f4xx_hal_uart.o
HAL_UART_DMAStop                                  build/stm32f4xx_hal_uart.o
HAL_UART_DeInit                                   build/stm32f4xx_hal_uart.o
HAL_UART_ErrorCallback                            build/stm32f4xx_hal_uart.o
HAL_UART_GetError                                 build/stm32f4xx_hal_uart.o
HAL_UART_GetState                                 build/stm32f4xx_hal_uart.o
HAL_UART_IRQHandler                               build/stm32f4xx_hal_uart.o
HAL_UART_Init                                     build/stm32f4xx_hal_uart.o
                                                  build/usart.o
HAL_UART_MspDeInit                                build/usart.o
HAL_UART_MspInit                                  build/usart.o
HAL_UART_Receive                                  build/stm32f4xx_hal_uart.o
HAL_UART_Receive_DMA                              build/stm32f4xx_hal_uart.o
HAL_UART_Receive_IT                               build/stm32f4xx_hal_uart.o
HAL_UART_RxCpltCallback                           build/stm32f4xx_hal_uart.o
HAL_UART_RxHalfCpltCallback                       build/stm32f4xx_hal_uart.o
HAL_UART_Transmit                                 build/stm32f4xx_hal_uart.o
HAL_UART_Transmit_DMA                             build/stm32f4xx_hal_uart.o
HAL_UART_Transmit_IT                              build/stm32f4xx_hal_uart.o
HAL_UART_TxCpltCallback                           build/stm32f4xx_hal_uart.o
HAL_UART_TxHalfCpltCallback                       build/stm32f4xx_hal_uart.o
HardFault_Handler                                 build/stm32f4xx_it.o
I2C1_ER_IRQHandler                                build/startup_stm32f446xx.o
I2C1_EV_IRQHandler                                build/startup_stm32f446xx.o
I2C2_ER_IRQHandler                                build/startup_stm32f446xx.o
I2C2_EV_IRQHandler                                build/startup_stm32f446xx.o
I2C3_ER_IRQHandler                                build/startup_stm32f446xx.o
I2C3_EV_IRQHandler                                build/startup_stm32f446xx.o
MX_GPIO_Init                                      build/gpio.o
                                                  build/main.o
MX_USART2_UART_Init                               build/usart.o
                                                  build/main.o
MemManage_Handler                                 build/stm32f4xx_it.o
NMI_Handler                                       build/stm32f4xx_it.o
OTG_FS_IRQHandler                                 build/startup_stm32f446xx.o
OTG_FS_WKUP_IRQHandler                            build/startup_stm32f446xx.o
OTG_HS_EP1_IN_IRQHandler                          build/startup_stm32f446xx.o
OTG_HS_EP1_OUT_IRQHandler                         build/startup_stm32f446xx.o
OTG_HS_IRQHandler                                 build/startup_stm32f446xx.o
OTG_HS_WKUP_IRQHandler                            build/startup_stm32f446xx.o
PVD_IRQHandler                                    build/startup_stm32f446xx.o
PendSV_Handler                                    build/stm32f4xx_it.o
QUADSPI_IRQHandler                                build/startup_stm32f446xx.o
RCC_IRQHandler                                    build/startup_stm32f446xx.o
RTC_Alarm_IRQHandler                              build/startup_stm32f446xx.o
RTC_WKUP_IRQHandler                               build/startup_stm32f446xx.o
Reset_Handler                                     build/startup_stm32f446xx.o
SAI1_IRQHandler                                   build/startup_stm32f446xx.o
SAI2_IRQHandler                                   build/startup_stm32f446xx.o
SDIO_IRQHandler                                   build/startup_stm32f446xx.o
SPDIF_RX_IRQHandler                               build/startup_stm32f446xx.o
SPI1_IRQHandler                                   build/startup_stm32f446xx.o
SPI2_IRQHandler                                   build/startup_stm32f446xx.o
SPI3_IRQHandler                                   build/startup_stm32f446xx.o
SPI4_IRQHandler                                   build/startup_stm32f446xx.o
SVC_Handler                                       build/stm32f4xx_it.o
SysTick_Handler                                   build/stm32f4xx_it.o
SystemClock_Config                                build/main.o
SystemCoreClock                                   build/system_stm32f4xx.o
                                                  build/stm32f4xx_hal.o
                                                  build/stm32f4xx_hal_dma.o
                                                  build/stm32f4xx_hal_rcc_ex.o
                                                  build/stm32f4xx_hal_rcc.o
SystemCoreClockUpdate                             build/system_stm32f4xx.o
SystemInit                                        build/system_stm32f4xx.o
                                                  build/startup_stm32f446xx.o
TAMP_STAMP_IRQHandler                             build/startup_stm32f446xx.o
TIM1_BRK_TIM9_IRQHandler                          build/startup_stm32f446xx.o
TIM1_CC_IRQHandler                                build/startup_stm32f446xx.o
TIM1_TRG_COM_TIM11_IRQHandler                     build/startup_stm32f446xx.o
TIM1_UP_TIM10_IRQHandler                          build/startup_stm32f446xx.o
TIM2_IRQHandler                                   build/startup_stm32f446xx.o
TIM3_IRQHandler                                   build/startup_stm32f446xx.o
TIM4_IRQHandler                                   build/startup_stm32f446xx.o
TIM5_IRQHandler                                   build/startup_stm32f446xx.o
TIM6_DAC_IRQHandler                               build/startup_stm32f446xx.o
TIM7_IRQHandler                                   build/startup_stm32f446xx.o
TIM8_BRK_TIM12_IRQHandler                         build/startup_stm32f446xx.o
TIM8_CC_IRQHandler                                build/startup_stm32f446xx.o
TIM8_TRG_COM_TIM14_IRQHandler                     build/startup_stm32f446xx.o
TIM8_UP_TIM13_IRQHandler                          build/startup_stm32f446xx.o
UART4_IRQHandler                                  build/startup_stm32f446xx.o
UART5_IRQHandler                                  build/startup_stm32f446xx.o
UART_Start_Receive_DMA                            build/stm32f4xx_hal_uart.o
UART_Start_Receive_IT                             build/stm32f4xx_hal_uart.o
USART1_IRQHandler                                 build/startup_stm32f446xx.o
USART2_IRQHandler                                 build/startup_stm32f446xx.o
USART3_IRQHandler                                 build/startup_stm32f446xx.o
USART6_IRQHandler                                 build/startup_stm32f446xx.o
UsageFault_Handler                                build/stm32f4xx_it.o
WWDG_IRQHandler                                   build/startup_stm32f446xx.o
__aeabi_idiv0                                     /home/eddie/MaximSDK/Tools/GNUTools/bin/../lib/gcc/arm-none-eabi/10.3.1/thumb/v7e-m+fp/hard/libgcc.a(_dvmd_tls.o)
__aeabi_ldiv0                                     /home/eddie/MaximSDK/Tools/GNUTools/bin/../lib/gcc/arm-none-eabi/10.3.1/thumb/v7e-m+fp/hard/libgcc.a(_dvmd_tls.o)
                                                  /home/eddie/MaximSDK/Tools/GNUTools/bin/../lib/gcc/arm-none-eabi/10.3.1/thumb/v7e-m+fp/hard/libgcc.a(_aeabi_uldivmod.o)
__aeabi_uldivmod                                  /home/eddie/MaximSDK/Tools/GNUTools/bin/../lib/gcc/arm-none-eabi/10.3.1/thumb/v7e-m+fp/hard/libgcc.a(_aeabi_uldivmod.o)
                                                  build/stm32f4xx_hal_rcc_ex.o
                                                  build/stm32f4xx_hal_rcc.o
                                                  build/stm32f4xx_hal_uart.o
__bss_end__                                       /home/eddie/MaximSDK/Tools/GNUTools/bin/../lib/gcc/arm-none-eabi/10.3.1/../../../../arm-none-eabi/lib/thumb/v7e-m+fp/hard/crt0.o
__bss_start__                                     /home/eddie/MaximSDK/Tools/GNUTools/bin/../lib/gcc/arm-none-eabi/10.3.1/../../../../arm-none-eabi/lib/thumb/v7e-m+fp/hard/crt0.o
__call_exitprocs                                  /home/eddie/MaximSDK/Tools/GNUTools/bin/../lib/gcc/arm-none-eabi/10.3.1/../../../../arm-none-eabi/lib/thumb/v7e-m+fp/hard/libc_nano.a(lib_a-exit.o)
__deregister_frame_info                           /home/eddie/MaximSDK/Tools/GNUTools/bin/../lib/gcc/arm-none-eabi/10.3.1/thumb/v7e-m+fp/hard/crtbegin.o
__dso_handle                                      /home/eddie/MaximSDK/Tools/GNUTools/bin/../lib/gcc/arm-none-eabi/10.3.1/thumb/v7e-m+fp/hard/crtbegin.o
__init_array_end                                  /home/eddie/MaximSDK/Tools/GNUTools/bin/../lib/gcc/arm-none-eabi/10.3.1/../../../../arm-none-eabi/lib/thumb/v7e-m+fp/hard/libc_nano.a(lib_a-init.o)
__init_array_start                                /home/eddie/MaximSDK/Tools/GNUTools/bin/../lib/gcc/arm-none-eabi/10.3.1/../../../../arm-none-eabi/lib/thumb/v7e-m+fp/hard/libc_nano.a(lib_a-init.o)
__libc_fini_array                                 /home/eddie/MaximSDK/Tools/GNUTools/bin/../lib/gcc/arm-none-eabi/10.3.1/../../../../arm-none-eabi/lib/thumb/v7e-m+fp/hard/crt0.o
__libc_init_array                                 /home/eddie/MaximSDK/Tools/GNUTools/bin/../lib/gcc/arm-none-eabi/10.3.1/../../../../arm-none-eabi/lib/thumb/v7e-m+fp/hard/libc_nano.a(lib_a-init.o)
                                                  build/startup_stm32f446xx.o
                                                  /home/eddie/MaximSDK/Tools/GNUTools/bin/../lib/gcc/arm-none-eabi/10.3.1/../../../../arm-none-eabi/lib/thumb/v7e-m+fp/hard/crt0.o
__lock___arc4random_mutex                         /home/eddie/MaximSDK/Tools/GNUTools/bin/../lib/gcc/arm-none-eabi/10.3.1/../../../../arm-none-eabi/lib/thumb/v7e-m+fp/hard/libc_nano.a(lib_a-lock.o)
__lock___at_quick_exit_mutex                      /home/eddie/MaximSDK/Tools/GNUTools/bin/../lib/gcc/arm-none-eabi/10.3.1/../../../../arm-none-eabi/lib/thumb/v7e-m+fp/hard/libc_nano.a(lib_a-lock.o)
__lock___atexit_recursive_mutex                   /home/eddie/MaximSDK/Tools/GNUTools/bin/../lib/gcc/arm-none-eabi/10.3.1/../../../../arm-none-eabi/lib/thumb/v7e-m+fp/hard/libc_nano.a(lib_a-lock.o)
__lock___dd_hash_mutex                            /home/eddie/MaximSDK/Tools/GNUTools/bin/../lib/gcc/arm-none-eabi/10.3.1/../../../../arm-none-eabi/lib/thumb/v7e-m+fp/hard/libc_nano.a(lib_a-lock.o)
__lock___env_recursive_mutex                      /home/eddie/MaximSDK/Tools/GNUTools/bin/../lib/gcc/arm-none-eabi/10.3.1/../../../../arm-none-eabi/lib/thumb/v7e-m+fp/hard/libc_nano.a(lib_a-lock.o)
__lock___malloc_recursive_mutex                   /home/eddie/MaximSDK/Tools/GNUTools/bin/../lib/gcc/arm-none-eabi/10.3.1/../../../../arm-none-eabi/lib/thumb/v7e-m+fp/hard/libc_nano.a(lib_a-lock.o)
                                                  /home/eddie/MaximSDK/Tools/GNUTools/bin/../lib/gcc/arm-none-eabi/10.3.1/../../../../arm-none-eabi/lib/thumb/v7e-m+fp/hard/libc_nano.a(lib_a-mlock.o)
__lock___sfp_recursive_mutex                      /home/eddie/MaximSDK/Tools/GNUTools/bin/../lib/gcc/arm-none-eabi/10.3.1/../../../../arm-none-eabi/lib/thumb/v7e-m+fp/hard/libc_nano.a(lib_a-lock.o)
__lock___sinit_recursive_mutex                    /home/eddie/MaximSDK/Tools/GNUTools/bin/../lib/gcc/arm-none-eabi/10.3.1/../../../../arm-none-eabi/lib/thumb/v7e-m+fp/hard/libc_nano.a(lib_a-lock.o)
__lock___tz_mutex                                 /home/eddie/MaximSDK/Tools/GNUTools/bin/../lib/gcc/arm-none-eabi/10.3.1/../../../../arm-none-eabi/lib/thumb/v7e-m+fp/hard/libc_nano.a(lib_a-lock.o)
__malloc_free_list                                /home/eddie/MaximSDK/Tools/GNUTools/bin/../lib/gcc/arm-none-eabi/10.3.1/../../../../arm-none-eabi/lib/thumb/v7e-m+fp/hard/libc_nano.a(lib_a-nano-mallocr.o)
                                                  /home/eddie/MaximSDK/Tools/GNUTools/bin/../lib/gcc/arm-none-eabi/10.3.1/../../../../arm-none-eabi/lib/thumb/v7e-m+fp/hard/libc_nano.a(lib_a-nano-freer.o)
__malloc_lock                                     /home/eddie/MaximSDK/Tools/GNUTools/bin/../lib/gcc/arm-none-eabi/10.3.1/../../../../arm-none-eabi/lib/thumb/v7e-m+fp/hard/libc_nano.a(lib_a-mlock.o)
                                                  /home/eddie/MaximSDK/Tools/GNUTools/bin/../lib/gcc/arm-none-eabi/10.3.1/../../../../arm-none-eabi/lib/thumb/v7e-m+fp/hard/libc_nano.a(lib_a-nano-mallocr.o)
                                                  /home/eddie/MaximSDK/Tools/GNUTools/bin/../lib/gcc/arm-none-eabi/10.3.1/../../../../arm-none-eabi/lib/thumb/v7e-m+fp/hard/libc_nano.a(lib_a-nano-freer.o)
__malloc_sbrk_start                               /home/eddie/MaximSDK/Tools/GNUTools/bin/../lib/gcc/arm-none-eabi/10.3.1/../../../../arm-none-eabi/lib/thumb/v7e-m+fp/hard/libc_nano.a(lib_a-nano-mallocr.o)
__malloc_unlock                                   /home/eddie/MaximSDK/Tools/GNUTools/bin/../lib/gcc/arm-none-eabi/10.3.1/../../../../arm-none-eabi/lib/thumb/v7e-m+fp/hard/libc_nano.a(lib_a-mlock.o)
                                                  /home/eddie/MaximSDK/Tools/GNUTools/bin/../lib/gcc/arm-none-eabi/10.3.1/../../../../arm-none-eabi/lib/thumb/v7e-m+fp/hard/libc_nano.a(lib_a-nano-mallocr.o)
                                                  /home/eddie/MaximSDK/Tools/GNUTools/bin/../lib/gcc/arm-none-eabi/10.3.1/../../../../arm-none-eabi/lib/thumb/v7e-m+fp/hard/libc_nano.a(lib_a-nano-freer.o)
__preinit_array_end                               /home/eddie/MaximSDK/Tools/GNUTools/bin/../lib/gcc/arm-none-eabi/10.3.1/../../../../arm-none-eabi/lib/thumb/v7e-m+fp/hard/libc_nano.a(lib_a-init.o)
__preinit_array_start                             /home/eddie/MaximSDK/Tools/GNUTools/bin/../lib/gcc/arm-none-eabi/10.3.1/../../../../arm-none-eabi/lib/thumb/v7e-m+fp/hard/libc_nano.a(lib_a-init.o)
__register_frame_info                             /home/eddie/MaximSDK/Tools/GNUTools/bin/../lib/gcc/arm-none-eabi/10.3.1/thumb/v7e-m+fp/hard/crtbegin.o
__retarget_lock_acquire                           /home/eddie/MaximSDK/Tools/GNUTools/bin/../lib/gcc/arm-none-eabi/10.3.1/../../../../arm-none-eabi/lib/thumb/v7e-m+fp/hard/libc_nano.a(lib_a-lock.o)
__retarget_lock_acquire_recursive                 /home/eddie/MaximSDK/Tools/GNUTools/bin/../lib/gcc/arm-none-eabi/10.3.1/../../../../arm-none-eabi/lib/thumb/v7e-m+fp/hard/libc_nano.a(lib_a-lock.o)
                                                  /home/eddie/MaximSDK/Tools/GNUTools/bin/../lib/gcc/arm-none-eabi/10.3.1/../../../../arm-none-eabi/lib/thumb/v7e-m+fp/hard/libc_nano.a(lib_a-mlock.o)
__retarget_lock_close                             /home/eddie/MaximSDK/Tools/GNUTools/bin/../lib/gcc/arm-none-eabi/10.3.1/../../../../arm-none-eabi/lib/thumb/v7e-m+fp/hard/libc_nano.a(lib_a-lock.o)
__retarget_lock_close_recursive                   /home/eddie/MaximSDK/Tools/GNUTools/bin/../lib/gcc/arm-none-eabi/10.3.1/../../../../arm-none-eabi/lib/thumb/v7e-m+fp/hard/libc_nano.a(lib_a-lock.o)
__retarget_lock_init                              /home/eddie/MaximSDK/Tools/GNUTools/bin/../lib/gcc/arm-none-eabi/10.3.1/../../../../arm-none-eabi/lib/thumb/v7e-m+fp/hard/libc_nano.a(lib_a-lock.o)
__retarget_lock_init_recursive                    /home/eddie/MaximSDK/Tools/GNUTools/bin/../lib/gcc/arm-none-eabi/10.3.1/../../../../arm-none-eabi/lib/thumb/v7e-m+fp/hard/libc_nano.a(lib_a-lock.o)
__retarget_lock_release                           /home/eddie/MaximSDK/Tools/GNUTools/bin/../lib/gcc/arm-none-eabi/10.3.1/../../../../arm-none-eabi/lib/thumb/v7e-m+fp/hard/libc_nano.a(lib_a-lock.o)
__retarget_lock_release_recursive                 /home/eddie/MaximSDK/Tools/GNUTools/bin/../lib/gcc/arm-none-eabi/10.3.1/../../../../arm-none-eabi/lib/thumb/v7e-m+fp/hard/libc_nano.a(lib_a-lock.o)
                                                  /home/eddie/MaximSDK/Tools/GNUTools/bin/../lib/gcc/arm-none-eabi/10.3.1/../../../../arm-none-eabi/lib/thumb/v7e-m+fp/hard/libc_nano.a(lib_a-mlock.o)
__retarget_lock_try_acquire                       /home/eddie/MaximSDK/Tools/GNUTools/bin/../lib/gcc/arm-none-eabi/10.3.1/../../../../arm-none-eabi/lib/thumb/v7e-m+fp/hard/libc_nano.a(lib_a-lock.o)
__retarget_lock_try_acquire_recursive             /home/eddie/MaximSDK/Tools/GNUTools/bin/../lib/gcc/arm-none-eabi/10.3.1/../../../../arm-none-eabi/lib/thumb/v7e-m+fp/hard/libc_nano.a(lib_a-lock.o)
__sf_fake_stderr                                  /home/eddie/MaximSDK/Tools/GNUTools/bin/../lib/gcc/arm-none-eabi/10.3.1/../../../../arm-none-eabi/lib/thumb/v7e-m+fp/hard/libc_nano.a(lib_a-impure.o)
__sf_fake_stdin                                   /home/eddie/MaximSDK/Tools/GNUTools/bin/../lib/gcc/arm-none-eabi/10.3.1/../../../../arm-none-eabi/lib/thumb/v7e-m+fp/hard/libc_nano.a(lib_a-impure.o)
__sf_fake_stdout                                  /home/eddie/MaximSDK/Tools/GNUTools/bin/../lib/gcc/arm-none-eabi/10.3.1/../../../../arm-none-eabi/lib/thumb/v7e-m+fp/hard/libc_nano.a(lib_a-impure.o)
__ssprint_r                                       /home/eddie/MaximSDK/Tools/GNUTools/bin/../lib/gcc/arm-none-eabi/10.3.1/../../../../arm-none-eabi/lib/thumb/v7e-m+fp/hard/libc_nano.a(lib_a-nano-svfprintf.o)
__ssputs_r                                        /home/eddie/MaximSDK/Tools/GNUTools/bin/../lib/gcc/arm-none-eabi/10.3.1/../../../../arm-none-eabi/lib/thumb/v7e-m+fp/hard/libc_nano.a(lib_a-nano-svfprintf.o)
__stack                                           /home/eddie/MaximSDK/Tools/GNUTools/bin/../lib/gcc/arm-none-eabi/10.3.1/../../../../arm-none-eabi/lib/thumb/v7e-m+fp/hard/crt0.o
__udivmoddi4                                      /home/eddie/MaximSDK/Tools/GNUTools/bin/../lib/gcc/arm-none-eabi/10.3.1/thumb/v7e-m+fp/hard/libgcc.a(_udivmoddi4.o)
                                                  /home/eddie/MaximSDK/Tools/GNUTools/bin/../lib/gcc/arm-none-eabi/10.3.1/thumb/v7e-m+fp/hard/libgcc.a(_aeabi_uldivmod.o)
_ebss                                             build/startup_stm32f446xx.o
_edata                                            build/startup_stm32f446xx.o
_estack                                           build/startup_stm32f446xx.o
_exit                                             /home/eddie/MaximSDK/Tools/GNUTools/bin/../lib/gcc/arm-none-eabi/10.3.1/../../../../arm-none-eabi/lib/thumb/v7e-m+fp/hard/libnosys.a(_exit.o)
                                                  /home/eddie/MaximSDK/Tools/GNUTools/bin/../lib/gcc/arm-none-eabi/10.3.1/../../../../arm-none-eabi/lib/thumb/v7e-m+fp/hard/libc_nano.a(lib_a-exit.o)
_fini                                             /home/eddie/MaximSDK/Tools/GNUTools/bin/../lib/gcc/arm-none-eabi/10.3.1/thumb/v7e-m+fp/hard/crti.o
_free_r                                           /home/eddie/MaximSDK/Tools/GNUTools/bin/../lib/gcc/arm-none-eabi/10.3.1/../../../../arm-none-eabi/lib/thumb/v7e-m+fp/hard/libc_nano.a(lib_a-nano-freer.o)
                                                  /home/eddie/MaximSDK/Tools/GNUTools/bin/../lib/gcc/arm-none-eabi/10.3.1/../../../../arm-none-eabi/lib/thumb/v7e-m+fp/hard/libc_nano.a(lib_a-reent.o)
                                                  /home/eddie/MaximSDK/Tools/GNUTools/bin/../lib/gcc/arm-none-eabi/10.3.1/../../../../arm-none-eabi/lib/thumb/v7e-m+fp/hard/libc_nano.a(lib_a-nano-reallocr.o)
                                                  /home/eddie/MaximSDK/Tools/GNUTools/bin/../lib/gcc/arm-none-eabi/10.3.1/../../../../arm-none-eabi/lib/thumb/v7e-m+fp/hard/libc_nano.a(lib_a-nano-svfprintf.o)
_global_impure_ptr                                /home/eddie/MaximSDK/Tools/GNUTools/bin/../lib/gcc/arm-none-eabi/10.3.1/../../../../arm-none-eabi/lib/thumb/v7e-m+fp/hard/libc_nano.a(lib_a-impure.o)
                                                  /home/eddie/MaximSDK/Tools/GNUTools/bin/../lib/gcc/arm-none-eabi/10.3.1/../../../../arm-none-eabi/lib/thumb/v7e-m+fp/hard/libc_nano.a(lib_a-exit.o)
_impure_ptr                                       /home/eddie/MaximSDK/Tools/GNUTools/bin/../lib/gcc/arm-none-eabi/10.3.1/../../../../arm-none-eabi/lib/thumb/v7e-m+fp/hard/libc_nano.a(lib_a-impure.o)
                                                  /home/eddie/MaximSDK/Tools/GNUTools/bin/../lib/gcc/arm-none-eabi/10.3.1/../../../../arm-none-eabi/lib/thumb/v7e-m+fp/hard/libc_nano.a(lib_a-reent.o)
                                                  /home/eddie/MaximSDK/Tools/GNUTools/bin/../lib/gcc/arm-none-eabi/10.3.1/../../../../arm-none-eabi/lib/thumb/v7e-m+fp/hard/libc_nano.a(lib_a-vsprintf.o)
_init                                             /home/eddie/MaximSDK/Tools/GNUTools/bin/../lib/gcc/arm-none-eabi/10.3.1/thumb/v7e-m+fp/hard/crti.o
                                                  /home/eddie/MaximSDK/Tools/GNUTools/bin/../lib/gcc/arm-none-eabi/10.3.1/../../../../arm-none-eabi/lib/thumb/v7e-m+fp/hard/libc_nano.a(lib_a-init.o)
_mainCRTStartup                                   /home/eddie/MaximSDK/Tools/GNUTools/bin/../lib/gcc/arm-none-eabi/10.3.1/../../../../arm-none-eabi/lib/thumb/v7e-m+fp/hard/crt0.o
_malloc_r                                         /home/eddie/MaximSDK/Tools/GNUTools/bin/../lib/gcc/arm-none-eabi/10.3.1/../../../../arm-none-eabi/lib/thumb/v7e-m+fp/hard/libc_nano.a(lib_a-nano-mallocr.o)