Archive member included to satisfy reference by file (symbol)

/home/eddie/workspace/msdk/Libraries/PeriphDrivers/bin/MAX32655/softfp/libPeriphDriver_softfp.a(mxc_delay.o)
                              /home/eddie/projects/tinyTasks/tinyTasks/build/main.o (MXC_Delay)
/home/eddie/workspace/msdk/Libraries/PeriphDrivers/bin/MAX32655/softfp/libPeriphDriver_softfp.a(sys_me17.o)
                              /home/eddie/projects/tinyTasks/tinyTasks/build/board.o (MXC_SYS_ClockEnable)
/home/eddie/workspace/msdk/Libraries/PeriphDrivers/bin/MAX32655/softfp/libPeriphDriver_softfp.a(aes_me17.o)
                              /home/eddie/workspace/msdk/Libraries/PeriphDrivers/bin/MAX32655/softfp/libPeriphDriver_softfp.a(sys_me17.o) (MXC_AES_Init)
/home/eddie/workspace/msdk/Libraries/PeriphDrivers/bin/MAX32655/softfp/libPeriphDriver_softfp.a(aes_revb.o)
                              /home/eddie/workspace/msdk/Libraries/PeriphDrivers/bin/MAX32655/softfp/libPeriphDriver_softfp.a(aes_me17.o) (MXC_AES_RevB_IsBusy)
/home/eddie/workspace/msdk/Libraries/PeriphDrivers/bin/MAX32655/softfp/libPeriphDriver_softfp.a(dma_me17.o)
                              /home/eddie/workspace/msdk/Libraries/PeriphDrivers/bin/MAX32655/softfp/libPeriphDriver_softfp.a(aes_revb.o) (MXC_DMA_Init)
/home/eddie/workspace/msdk/Libraries/PeriphDrivers/bin/MAX32655/softfp/libPeriphDriver_softfp.a(dma_reva.o)
                              /home/eddie/workspace/msdk/Libraries/PeriphDrivers/bin/MAX32655/softfp/libPeriphDriver_softfp.a(dma_me17.o) (MXC_DMA_RevA_Init)
/home/eddie/workspace/msdk/Libraries/PeriphDrivers/bin/MAX32655/softfp/libPeriphDriver_softfp.a(flc_me17.o)
                              /home/eddie/workspace/msdk/Libraries/PeriphDrivers/bin/MAX32655/softfp/libPeriphDriver_softfp.a(sys_me17.o) (MXC_FLC_UnlockInfoBlock)
/home/eddie/workspace/msdk/Libraries/PeriphDrivers/bin/MAX32655/softfp/libPeriphDriver_softfp.a(flc_reva.o)
                              /home/eddie/workspace/msdk/Libraries/PeriphDrivers/bin/MAX32655/softfp/libPeriphDriver_softfp.a(flc_me17.o) (MXC_FLC_RevA_Busy)
/home/eddie/workspace/msdk/Libraries/PeriphDrivers/bin/MAX32655/softfp/libPeriphDriver_softfp.a(gpio_me17.o)
                              /home/eddie/projects/tinyTasks/tinyTasks/build/pb.o (MXC_GPIO_InGet)
/home/eddie/workspace/msdk/Libraries/PeriphDrivers/bin/MAX32655/softfp/libPeriphDriver_softfp.a(gpio_reva.o)
                              /home/eddie/workspace/msdk/Libraries/PeriphDrivers/bin/MAX32655/softfp/libPeriphDriver_softfp.a(gpio_me17.o) (MXC_GPIO_RevA_InGet)
/home/eddie/workspace/msdk/Libraries/PeriphDrivers/bin/MAX32655/softfp/libPeriphDriver_softfp.a(i2c_me17.o)
                              /home/eddie/projects/tinyTasks/tinyTasks/build/max20303.o (MXC_I2C_Init)
/home/eddie/workspace/msdk/Libraries/PeriphDrivers/bin/MAX32655/softfp/libPeriphDriver_softfp.a(i2c_reva.o)
                              /home/eddie/workspace/msdk/Libraries/PeriphDrivers/bin/MAX32655/softfp/libPeriphDriver_softfp.a(i2c_me17.o) (MXC_I2C_RevA_DMACallback)
/home/eddie/workspace/msdk/Libraries/PeriphDrivers/bin/MAX32655/softfp/libPeriphDriver_softfp.a(icc_me17.o)
                              /home/eddie/projects/tinyTasks/tinyTasks/build/system_max32655.o (MXC_ICC_Enable)
/home/eddie/workspace/msdk/Libraries/PeriphDrivers/bin/MAX32655/softfp/libPeriphDriver_softfp.a(icc_reva.o)
                              /home/eddie/workspace/msdk/Libraries/PeriphDrivers/bin/MAX32655/softfp/libPeriphDriver_softfp.a(icc_me17.o) (MXC_ICC_RevA_ID)
/home/eddie/workspace/msdk/Libraries/PeriphDrivers/bin/MAX32655/softfp/libPeriphDriver_softfp.a(simo_me17.o)
                              /home/eddie/projects/tinyTasks/tinyTasks/build/system_max32655.o (MXC_SIMO_SetVregO_A)
/home/eddie/workspace/msdk/Libraries/PeriphDrivers/bin/MAX32655/softfp/libPeriphDriver_softfp.a(simo_reva.o)
                              /home/eddie/workspace/msdk/Libraries/PeriphDrivers/bin/MAX32655/softfp/libPeriphDriver_softfp.a(simo_me17.o) (MXC_SIMO_RevA_SetVregO_A)
/home/eddie/workspace/msdk/Libraries/PeriphDrivers/bin/MAX32655/softfp/libPeriphDriver_softfp.a(spi_me17.o)
                              /home/eddie/projects/tinyTasks/tinyTasks/build/board.o (MXC_SPI_Init)
/home/eddie/workspace/msdk/Libraries/PeriphDrivers/bin/MAX32655/softfp/libPeriphDriver_softfp.a(trng_revb.o)
                              /home/eddie/workspace/msdk/Libraries/PeriphDrivers/bin/MAX32655/softfp/libPeriphDriver_softfp.a(aes_me17.o) (MXC_TRNG_RevB_GenerateKey)
/home/eddie/workspace/msdk/Libraries/PeriphDrivers/bin/MAX32655/softfp/libPeriphDriver_softfp.a(uart_me17.o)
                              /home/eddie/projects/tinyTasks/tinyTasks/build/board.o (MXC_UART_Shutdown)
/home/eddie/workspace/msdk/Libraries/PeriphDrivers/bin/MAX32655/softfp/libPeriphDriver_softfp.a(uart_revb.o)
                              /home/eddie/workspace/msdk/Libraries/PeriphDrivers/bin/MAX32655/softfp/libPeriphDriver_softfp.a(uart_me17.o) (MXC_UART_RevB_Init)
[...]
Memory Configuration

Name             Origin             Length             Attributes
ROM              0x0000000000000000 0x0000000000010000 xr
FLASH            0x0000000010000000 0x0000000000080000 xr
PAL_NVM_DB       0x0000000010080000 0x0000000000000000 r
RISCV_FLASH      0x0000000010080000 0x0000000000000000 xr
SRAM             0x0000000020000000 0x0000000000020000 xrw
MAILBOX_0        0x0000000020020000 0x0000000000000000 rw
MAILBOX_1        0x0000000020020000 0x0000000000000000 rw
RISCV_SRAM       0x0000000020020000 0x0000000000000000 xrw
*default*        0x0000000000000000 0xffffffffffffffff

Linker script and memory map

LOAD /home/eddie/arm/arm_tools/bin/../lib/gcc/arm-none-eabi/10.3.1/thumb/v7e-m+fp/softfp/crti.o
LOAD /home/eddie/arm/arm_tools/bin/../lib/gcc/arm-none-eabi/10.3.1/thumb/v7e-m+fp/softfp/crtbegin.o
LOAD /home/eddie/arm/arm_tools/bin/../lib/gcc/arm-none-eabi/10.3.1/../../../../arm-none-eabi/lib/thumb/v7e-m+fp/softfp/crt0.o
LOAD /home/eddie/projects/tinyTasks/tinyTasks/build/main.o
LOAD /home/eddie/projects/tinyTasks/tinyTasks/build/tinyKernel.o
LOAD /home/eddie/projects/tinyTasks/tinyTasks/build/board.o
LOAD /home/eddie/projects/tinyTasks/tinyTasks/build/stdio.o
LOAD /home/eddie/projects/tinyTasks/tinyTasks/build/led.o
LOAD /home/eddie/projects/tinyTasks/tinyTasks/build/pb.o
LOAD /home/eddie/projects/tinyTasks/tinyTasks/build/max20303.o
LOAD /home/eddie/projects/tinyTasks/tinyTasks/build/w25.o
LOAD /home/eddie/projects/tinyTasks/tinyTasks/build/startup_max32655.o
LOAD /home/eddie/projects/tinyTasks/tinyTasks/build/heap.o
LOAD /home/eddie/projects/tinyTasks/tinyTasks/build/system_max32655.o
START GROUP
LOAD /home/eddie/workspace/msdk/Libraries/PeriphDrivers/bin/MAX32655/softfp/libPeriphDriver_softfp.a
LOAD /home/eddie/arm/arm_tools/bin/../lib/gcc/arm-none-eabi/10.3.1/../../../../arm-none-eabi/lib/thumb/v7e-m+fp/softfp/libc.a
LOAD /home/eddie/arm/arm_tools/bin/../lib/gcc/arm-none-eabi/10.3.1/../../../../arm-none-eabi/lib/thumb/v7e-m+fp/softfp/libm.a
LOAD /home/eddie/arm/arm_tools/bin/../lib/gcc/arm-none-eabi/10.3.1/../../../../arm-none-eabi/lib/thumb/v7e-m+fp/softfp/libnosys.a
END GROUP
START GROUP
LOAD /home/eddie/arm/arm_tools/bin/../lib/gcc/arm-none-eabi/10.3.1/thumb/v7e-m+fp/softfp/libgcc.a
LOAD /home/eddie/arm/arm_tools/bin/../lib/gcc/arm-none-eabi/10.3.1/../../../../arm-none-eabi/lib/thumb/v7e-m+fp/softfp/libc.a
END GROUP
LOAD /home/eddie/arm/arm_tools/bin/../lib/gcc/arm-none-eabi/10.3.1/thumb/v7e-m+fp/softfp/crtend.o
LOAD /home/eddie/arm/arm_tools/bin/../lib/gcc/arm-none-eabi/10.3.1/thumb/v7e-m+fp/softfp/crtn.o
                0x0000000000080000                FLASH_MEM_SIZE = (_ARM_FLASH_SIZE - _PAL_NVM_SIZE)
                0x0000000010080000                PAL_NVM_ORIGIN = ((_ARM_FLASH_SIZE - _PAL_NVM_SIZE) + _ARM_FLASH_ORIGIN)
                0x0000000010080000                RISCV_FLASH_ORIGIN = (PAL_NVM_ORIGIN + _PAL_NVM_SIZE)
                0x0000000000000000                RISCV_FLASH_SIZE = (_FLASH_SIZE - _ARM_FLASH_SIZE)
                0x0000000020020000                MAILBOX_ORIGIN = (_ARM_SRAM_ORIGIN + _ARM_SRAM_SIZE)
                0x0000000020020000                RISCV_SRAM_ORIGIN = (MAILBOX_ORIGIN + (0x2 * _MAILBOX_SIZE))
                0x0000000000000000                RISCV_SRAM_SIZE = ((_SRAM_SIZE - _ARM_SRAM_SIZE) - (0x2 * _MAILBOX_SIZE))

.rom
 *(.rom_vector)
 *(.rom_handlers*)

.text           0x0000000010000000     0x9fcc
                0x0000000010000000                _text = .
 *(.isr_vector)
 .isr_vector    0x0000000010000000      0x1f8 /home/eddie/projects/tinyTasks/tinyTasks/build/startup_max32655.o
                0x0000000010000000                __isr_vector
 EXCLUDE_FILE(*riscv.o) *(.text*)
 .text          0x00000000100001f8       0x40 /home/eddie/arm/arm_tools/bin/../lib/gcc/arm-none-eabi/10.3.1/thumb/v7e-m+fp/softfp/crtbegin.o
 .text.main     0x0000000010000238       0x28 /home/eddie/projects/tinyTasks/tinyTasks/build/main.o
                0x0000000010000238                main
 .text.SysTick_Handler
                0x0000000010000260       0x24 /home/eddie/projects/tinyTasks/tinyTasks/build/tinyKernel.o
                0x0000000010000260                SysTick_Handler
 .text.tos_StartScheduler
                0x0000000010000284       0x24 /home/eddie/projects/tinyTasks/tinyTasks/build/tinyKernel.o
                0x0000000010000284                tos_StartScheduler
 .text.tos_KernelStart
                0x00000000100002a8       0x50 /home/eddie/projects/tinyTasks/tinyTasks/build/tinyKernel.o
                0x00000000100002a8                tos_KernelStart
 .text.ext_flash_clock
                0x00000000100002f8       0x7c /home/eddie/projects/tinyTasks/tinyTasks/build/board.o
 .text.ext_flash_board_init_quad
                0x0000000010000374       0x48 /home/eddie/projects/tinyTasks/tinyTasks/build/board.o
 .text.ext_flash_board_write
                0x00000000100003bc       0x7c /home/eddie/projects/tinyTasks/tinyTasks/build/board.o
 .text.ext_flash_board_read
                0x0000000010000438       0x7c /home/eddie/projects/tinyTasks/tinyTasks/build/board.o
 .text.ext_flash_board_init
                0x00000000100004b4       0x74 /home/eddie/projects/tinyTasks/tinyTasks/build/board.o
 .text.GPIO0_IRQHandler
                0x0000000010000528        0xa /home/eddie/projects/tinyTasks/tinyTasks/build/board.o
                0x0000000010000528                GPIO0_IRQHandler
 *fill*         0x0000000010000532        0x2 
 .text.mxc_assert
                0x0000000010000534       0x10 /home/eddie/projects/tinyTasks/tinyTasks/build/board.o
                0x0000000010000534                mxc_assert
 .text.Console_Init
                0x0000000010000544       0x18 /home/eddie/projects/tinyTasks/tinyTasks/build/board.o
                0x0000000010000544                Console_Init
 .text.Board_Init
                0x000000001000055c       0x6c /home/eddie/projects/tinyTasks/tinyTasks/build/board.o
                0x000000001000055c                Board_Init
 .text.NMI_Handler
                0x00000000100005c8        0x4 /home/eddie/projects/tinyTasks/tinyTasks/build/board.o
                0x00000000100005c8                NMI_Handler
 .text._close   0x00000000100005cc        0x6 /home/eddie/projects/tinyTasks/tinyTasks/build/stdio.o
                0x00000000100005cc                _close
 .text._isatty  0x00000000100005d2        0x6 /home/eddie/projects/tinyTasks/tinyTasks/build/stdio.o
                0x00000000100005d2                _isatty
 .text._lseek   0x00000000100005d8        0x6 /home/eddie/projects/tinyTasks/tinyTasks/build/stdio.o
                0x00000000100005d8                _lseek
 .text._fstat   0x00000000100005de        0x6 /home/eddie/projects/tinyTasks/tinyTasks/build/stdio.o
                0x00000000100005de                _fstat
 .text._read    0x00000000100005e4       0x50 /home/eddie/projects/tinyTasks/tinyTasks/build/stdio.o
                0x00000000100005e4                _read
 .text._write   0x0000000010000634       0x58 /home/eddie/projects/tinyTasks/tinyTasks/build/stdio.o
                0x0000000010000634                _write
 .text.LED_On   0x000000001000068c       0x44 /home/eddie/projects/tinyTasks/tinyTasks/build/led.o
                0x000000001000068c                LED_On
 .text.LED_Off  0x00000000100006d0       0x44 /home/eddie/projects/tinyTasks/tinyTasks/build/led.o
                0x00000000100006d0                LED_Off
 .text.LED_Init
                0x0000000010000714       0x3c /home/eddie/projects/tinyTasks/tinyTasks/build/led.o
                0x0000000010000714                LED_Init
 .text.PB_Init  0x0000000010000750       0x38 /home/eddie/projects/tinyTasks/tinyTasks/build/pb.o
                0x0000000010000750                PB_Init
 .text.Ext_Flash_Configure
                0x0000000010000788       0x28 /home/eddie/projects/tinyTasks/tinyTasks/build/w25.o
                0x0000000010000788                Ext_Flash_Configure
 .text          0x00000000100007b0      0x154 /home/eddie/projects/tinyTasks/tinyTasks/build/startup_max32655.o
                0x00000000100007b0                Reset_Handler
                0x00000000100007ee                HardFault_Handler
                0x00000000100007f0                MemManage_Handler
                0x00000000100007f2                BusFault_Handler
                0x00000000100007f4                UsageFault_Handler
                0x00000000100007f6                SVC_Handler
                0x00000000100007f8                DebugMon_Handler
                0x00000000100007fa                PendSV_Handler
                0x00000000100007fe                Default_Handler
                0x0000000010000800                PF_IRQHandler
                0x0000000010000802                WDT0_IRQHandler
                0x0000000010000804                RSV02_IRQHandler
                0x0000000010000806                RTC_IRQHandler
                0x0000000010000808                TRNG_IRQHandler
                0x000000001000080a                TMR0_IRQHandler
                0x000000001000080c                TMR1_IRQHandler
                0x000000001000080e                TMR2_IRQHandler
                0x0000000010000810                TMR3_IRQHandler
                0x0000000010000812                TMR4_IRQHandler
                0x0000000010000814                TMR5_IRQHandler
                0x0000000010000816                RSV11_IRQHandler
                0x0000000010000818                RSV12_IRQHandler
                0x000000001000081a                I2C0_IRQHandler
                0x000000001000081c                UART0_IRQHandler
                0x000000001000081e                UART1_IRQHandler
                0x0000000010000820                SPI1_IRQHandler
                0x0000000010000822                RSV17_IRQHandler
                0x0000000010000824                RSV18_IRQHandler
                0x0000000010000826                RSV19_IRQHandler
                0x0000000010000828                ADC_IRQHandler
                0x000000001000082a                RSV21_IRQHandler
                0x000000001000082c                RSV22_IRQHandler
                0x000000001000082e                FLC0_IRQHandler
                0x0000000010000832                GPIO1_IRQHandler
                0x0000000010000834                GPIO2_IRQHandler
                0x0000000010000836                RSV27_IRQHandler
                0x0000000010000838                DMA0_IRQHandler
                0x000000001000083a                DMA1_IRQHandler
                0x000000001000083c                DMA2_IRQHandler
                0x000000001000083e                DMA3_IRQHandler
                0x0000000010000840                RSV32_IRQHandler
                0x0000000010000842                RSV33_IRQHandler
                0x0000000010000844                UART2_IRQHandler
                0x0000000010000846                RSV35_IRQHandler
                0x0000000010000848                I2C1_IRQHandler
                0x000000001000084a                RSV37_IRQHandler
                0x000000001000084c                RSV38_IRQHandler
                0x000000001000084e                BTLE_TX_DONE_IRQHandler
                0x0000000010000850                BTLE_RX_RCVD_IRQHandler
                0x0000000010000852                BTLE_RX_ENG_DET_IRQHandler
                0x0000000010000854                BTLE_SFD_DET_IRQHandler
                0x0000000010000856                BTLE_SFD_TO_IRQHandler
                0x0000000010000858                BTLE_GP_EVENT_IRQHandler
                0x000000001000085a                BTLE_CFO_IRQHandler
                0x000000001000085c                BTLE_SIG_DET_IRQHandler
                0x000000001000085e                BTLE_AGC_EVENT_IRQHandler
                0x0000000010000860                BTLE_RFFE_SPIM_IRQHandler
                0x0000000010000862                BTLE_TX_AES_IRQHandler
                0x0000000010000864                BTLE_RX_AES_IRQHandler
                0x0000000010000866                BTLE_INV_APB_ADDR_IRQHandler
                0x0000000010000868                BTLE_IQ_DATA_VALID_IRQHandler
                0x000000001000086a                WUT0_IRQHandler
                0x000000001000086c                GPIOWAKE_IRQHandler
                0x000000001000086e                RSV55_IRQHandler
                0x0000000010000870                SPI0_IRQHandler
                0x0000000010000872                WDT1_IRQHandler
                0x0000000010000874                RSV57_IRQHandler
                0x0000000010000876                PT_IRQHandler
                0x0000000010000878                RSV60_IRQHandler
                0x000000001000087a                RSV61_IRQHandler
                0x000000001000087c                I2C2_IRQHandler
                0x000000001000087e                RISCV_IRQHandler
                0x0000000010000880                RSV64_IRQHandler
                0x0000000010000882                RSV65_IRQHandler
                0x0000000010000884                RSV66_IRQHandler
                0x0000000010000886                OWM_IRQHandler
                0x0000000010000888                RSV68_IRQHandler
                0x000000001000088a                RSV69_IRQHandler
                0x000000001000088c                RSV70_IRQHandler
                0x000000001000088e                RSV71_IRQHandler
                0x0000000010000890                RSV72_IRQHandler
                0x0000000010000892                RSV73_IRQHandler
                0x0000000010000894                RSV74_IRQHandler
                0x0000000010000896                RSV75_IRQHandler
                0x0000000010000898                RSV76_IRQHandler
                0x000000001000089a                RSV77_IRQHandler
                0x000000001000089c                RSV78_IRQHandler
                0x000000001000089e                RSV79_IRQHandler
                0x00000000100008a0                RSV80_IRQHandler
                0x00000000100008a2                RSV81_IRQHandler
                0x00000000100008a4                ECC_IRQHandler
                0x00000000100008a6                DVS_IRQHandler
                0x00000000100008a8                SIMO_IRQHandler
                0x00000000100008aa                RSV85_IRQHandler
                0x00000000100008ac                RSV86_IRQHandler
                0x00000000100008ae                RSV87_IRQHandler
                0x00000000100008b0                UART3_IRQHandler
                0x00000000100008b2                RSV89_IRQHandler
                0x00000000100008b4                RSV90_IRQHandler
                0x00000000100008b6                RSV91_IRQHandler
                0x00000000100008b8                RSV92_IRQHandler
                0x00000000100008ba                RSV93_IRQHandler
                0x00000000100008bc                RSV94_IRQHandler
                0x00000000100008be                RSV95_IRQHandler
                0x00000000100008c0                RSV96_IRQHandler
                0x00000000100008c2                AES_IRQHandler
                0x00000000100008c4                CRC_IRQHandler
                0x00000000100008c6                I2S_IRQHandler
                0x00000000100008c8                RSV116_IRQHandler
                0x00000000100008ca                RSV117_IRQHandler
                0x00000000100008cc                RSV118_IRQHandler
                0x00000000100008ce                LPCMP_IRQHandler
                0x00000000100008d0                RSV120_IRQHandler
                0x00000000100008d2                RSV121_IRQHandler
                0x00000000100008d4                RSV122_IRQHandler
                0x00000000100008d6                RSV123_IRQHandler
                0x00000000100008d8                RSV124_IRQHandler
                0x00000000100008da                WUT1_IRQHandler
 .text._sbrk    0x0000000010000904       0x40 /home/eddie/projects/tinyTasks/tinyTasks/build/heap.o
                0x0000000010000904                _sbrk
 .text.SystemCoreClockUpdate
                0x0000000010000944       0x80 /home/eddie/projects/tinyTasks/tinyTasks/build/system_max32655.o
                0x0000000010000944                SystemCoreClockUpdate
 .text.PreInit  0x00000000100009c4       0x48 /home/eddie/projects/tinyTasks/tinyTasks/build/system_max32655.o
                0x00000000100009c4                PreInit
 .text.PalSysInit
                0x0000000010000a0c        0x2 /home/eddie/projects/tinyTasks/tinyTasks/build/system_max32655.o
                0x0000000010000a0c                PalSysInit
 *fill*         0x0000000010000a0e        0x2 
 .text.SystemInit
                0x0000000010000a10       0x7c /home/eddie/projects/tinyTasks/tinyTasks/build/system_max32655.o
                0x0000000010000a10                SystemInit
 .text.MXC_DelayInit
                0x0000000010000a8c       0x84 /home/eddie/workspace/msdk/Libraries/PeriphDrivers/bin/MAX32655/softfp/libPeriphDriver_softfp.a(mxc_delay.o)
 .text.MXC_DelayAsync
                0x0000000010000b10       0x44 /home/eddie/workspace/msdk/Libraries/PeriphDrivers/bin/MAX32655/softfp/libPeriphDriver_softfp.a(mxc_delay.o)
                0x0000000010000b10                MXC_DelayAsync
 .text.MXC_DelayAbort
                0x0000000010000b54       0x34 /home/eddie/workspace/msdk/Libraries/PeriphDrivers/bin/MAX32655/softfp/libPeriphDriver_softfp.a(mxc_delay.o)
                0x0000000010000b54                MXC_DelayAbort
 .text.MXC_DelayCheck
                0x0000000010000b88       0x64 /home/eddie/workspace/msdk/Libraries/PeriphDrivers/bin/MAX32655/softfp/libPeriphDriver_softfp.a(mxc_delay.o)
                0x0000000010000b88                MXC_DelayCheck
 .text.MXC_SYS_ClockDisable
                0x0000000010000bec       0x48 /home/eddie/workspace/msdk/Libraries/PeriphDrivers/bin/MAX32655/softfp/libPeriphDriver_softfp.a(sys_me17.o)
                0x0000000010000bec                MXC_SYS_ClockDisable
 .text.MXC_SYS_ClockEnable
                0x0000000010000c34       0x50 /home/eddie/workspace/msdk/Libraries/PeriphDrivers/bin/MAX32655/softfp/libPeriphDriver_softfp.a(sys_me17.o)
                0x0000000010000c34                MXC_SYS_ClockEnable
 .text.MXC_SYS_Clock_Timeout
                0x0000000010000c84       0x30 /home/eddie/workspace/msdk/Libraries/PeriphDrivers/bin/MAX32655/softfp/libPeriphDriver_softfp.a(sys_me17.o)
                0x0000000010000c84                MXC_SYS_Clock_Timeout
 .text.MXC_SYS_ClockSourceEnable
                0x0000000010000cb4       0x9c /home/eddie/workspace/msdk/Libraries/PeriphDrivers/bin/MAX32655/softfp/libPeriphDriver_softfp.a(sys_me17.o)
                0x0000000010000cb4                MXC_SYS_ClockSourceEnable
 .text.MXC_SYS_Clock_Select
                0x0000000010000d50      0x19c /home/eddie/workspace/msdk/Libraries/PeriphDrivers/bin/MAX32655/softfp/libPeriphDriver_softfp.a(sys_me17.o)
                0x0000000010000d50                MXC_SYS_Clock_Select
 .text.MXC_SYS_GetClockDiv
                0x0000000010000eec        0xc /home/eddie/workspace/msdk/Libraries/PeriphDrivers/bin/MAX32655/softfp/libPeriphDriver_softfp.a(sys_me17.o)
                0x0000000010000eec                MXC_SYS_GetClockDiv
 .text.MXC_SYS_SetClockDiv
                0x0000000010000ef8       0x24 /home/eddie/workspace/msdk/Libraries/PeriphDrivers/bin/MAX32655/softfp/libPeriphDriver_softfp.a(sys_me17.o)
                0x0000000010000ef8                MXC_SYS_SetClockDiv
 .text.MXC_SYS_Reset_Periph
                0x0000000010000f1c       0x58 /home/eddie/workspace/msdk/Libraries/PeriphDrivers/bin/MAX32655/softfp/libPeriphDriver_softfp.a(sys_me17.o)
                0x0000000010000f1c                MXC_SYS_Reset_Periph
 .text.MXC_GPIO_Init
                0x0000000010000f74       0x36 /home/eddie/workspace/msdk/Libraries/PeriphDrivers/bin/MAX32655/softfp/libPeriphDriver_softfp.a(gpio_me17.o)
                0x0000000010000f74                MXC_GPIO_Init
 *fill*         0x0000000010000faa        0x2 
 .text.MXC_GPIO_OutSet
                0x0000000010000fac       0x2c /home/eddie/workspace/msdk/Libraries/PeriphDrivers/bin/MAX32655/softfp/libPeriphDriver_softfp.a(gpio_me17.o)
                0x0000000010000fac                MXC_GPIO_OutSet
 .text.MXC_GPIO_OutClr
                0x0000000010000fd8       0x30 /home/eddie/workspace/msdk/Libraries/PeriphDrivers/bin/MAX32655/softfp/libPeriphDriver_softfp.a(gpio_me17.o)
                0x0000000010000fd8                MXC_GPIO_OutClr
 .text.MXC_GPIO_Handler
                0x0000000010001008        0x8 /home/eddie/workspace/msdk/Libraries/PeriphDrivers/bin/MAX32655/softfp/libPeriphDriver_softfp.a(gpio_me17.o)
                0x0000000010001008                MXC_GPIO_Handler
 .text.MXC_GPIO_ClearFlags
                0x0000000010001010       0x1c /home/eddie/workspace/msdk/Libraries/PeriphDrivers/bin/MAX32655/softfp/libPeriphDriver_softfp.a(gpio_me17.o)
                0x0000000010001010                MXC_GPIO_ClearFlags
 .text.MXC_GPIO_GetFlags
                0x000000001000102c       0x1c /home/eddie/workspace/msdk/Libraries/PeriphDrivers/bin/MAX32655/softfp/libPeriphDriver_softfp.a(gpio_me17.o)
                0x000000001000102c                MXC_GPIO_GetFlags
 .text.MXC_GPIO_SetVSSEL
                0x0000000010001048       0x20 /home/eddie/workspace/msdk/Libraries/PeriphDrivers/bin/MAX32655/softfp/libPeriphDriver_softfp.a(gpio_me17.o)
                0x0000000010001048                MXC_GPIO_SetVSSEL
 .text.MXC_GPIO_Config
                0x0000000010001068      0x25c /home/eddie/workspace/msdk/Libraries/PeriphDrivers/bin/MAX32655/softfp/libPeriphDriver_softfp.a(gpio_me17.o)
                0x0000000010001068                MXC_GPIO_Config
 .text.MXC_GPIO_RevA_OutSet
                0x00000000100012c4        0x4 /home/eddie/workspace/msdk/Libraries/PeriphDrivers/bin/MAX32655/softfp/libPeriphDriver_softfp.a(gpio_reva.o)
                0x00000000100012c4                MXC_GPIO_RevA_OutSet
 .text.MXC_GPIO_RevA_OutClr
                0x00000000100012c8        0x4 /home/eddie/workspace/msdk/Libraries/PeriphDrivers/bin/MAX32655/softfp/libPeriphDriver_softfp.a(gpio_reva.o)
                0x00000000100012c8                MXC_GPIO_RevA_OutClr
 .text.MXC_GPIO_RevA_ClearFlags
                0x00000000100012cc        0x4 /home/eddie/workspace/msdk/Libraries/PeriphDrivers/bin/MAX32655/softfp/libPeriphDriver_softfp.a(gpio_reva.o)
                0x00000000100012cc                MXC_GPIO_RevA_ClearFlags
 .text.MXC_GPIO_RevA_GetFlags
                0x00000000100012d0        0x4 /home/eddie/workspace/msdk/Libraries/PeriphDrivers/bin/MAX32655/softfp/libPeriphDriver_softfp.a(gpio_reva.o)
                0x00000000100012d0                MXC_GPIO_RevA_GetFlags
 .text.MXC_GPIO_RevA_SetVSSEL
                0x00000000100012d4       0x2a /home/eddie/workspace/msdk/Libraries/PeriphDrivers/bin/MAX32655/softfp/libPeriphDriver_softfp.a(gpio_reva.o)
                0x00000000100012d4                MXC_GPIO_RevA_SetVSSEL
 .text.MXC_GPIO_RevA_SetAF
                0x00000000100012fe       0x74 /home/eddie/workspace/msdk/Libraries/PeriphDrivers/bin/MAX32655/softfp/libPeriphDriver_softfp.a(gpio_reva.o)
                0x00000000100012fe                MXC_GPIO_RevA_SetAF
 .text.MXC_ICC_Enable
                0x0000000010001372        0x8 /home/eddie/workspace/msdk/Libraries/PeriphDrivers/bin/MAX32655/softfp/libPeriphDriver_softfp.a(icc_me17.o)
                0x0000000010001372                MXC_ICC_Enable
 .text.MXC_ICC_Ready
                0x000000001000137a        0xa /home/eddie/workspace/msdk/Libraries/PeriphDrivers/bin/MAX32655/softfp/libPeriphDriver_softfp.a(icc_reva.o)
 .text.MXC_ICC_RevA_Enable
                0x0000000010001384       0x38 /home/eddie/workspace/msdk/Libraries/PeriphDrivers/bin/MAX32655/softfp/libPeriphDriver_softfp.a(icc_reva.o)
                0x0000000010001384                MXC_ICC_RevA_Enable
 .text.MXC_SIMO_SetVregO_A
                0x00000000100013bc       0x10 /home/eddie/workspace/msdk/Libraries/PeriphDrivers/bin/MAX32655/softfp/libPeriphDriver_softfp.a(simo_me17.o)
                0x00000000100013bc                MXC_SIMO_SetVregO_A
 .text.MXC_SIMO_SetVregO_B
                0x00000000100013cc       0x10 /home/eddie/workspace/msdk/Libraries/PeriphDrivers/bin/MAX32655/softfp/libPeriphDriver_softfp.a(simo_me17.o)
                0x00000000100013cc                MXC_SIMO_SetVregO_B
 .text.MXC_SIMO_SetVregO_C
                0x00000000100013dc       0x10 /home/eddie/workspace/msdk/Libraries/PeriphDrivers/bin/MAX32655/softfp/libPeriphDriver_softfp.a(simo_me17.o)
                0x00000000100013dc                MXC_SIMO_SetVregO_C
 .text.MXC_SIMO_GetOutReadyA
                0x00000000100013ec       0x10 /home/eddie/workspace/msdk/Libraries/PeriphDrivers/bin/MAX32655/softfp/libPeriphDriver_softfp.a(simo_me17.o)
                0x00000000100013ec                MXC_SIMO_GetOutReadyA
 .text.MXC_SIMO_GetOutReadyB
                0x00000000100013fc       0x10 /home/eddie/workspace/msdk/Libraries/PeriphDrivers/bin/MAX32655/softfp/libPeriphDriver_softfp.a(simo_me17.o)
                0x00000000100013fc                MXC_SIMO_GetOutReadyB
 .text.MXC_SIMO_GetOutReadyC
                0x000000001000140c       0x10 /home/eddie/workspace/msdk/Libraries/PeriphDrivers/bin/MAX32655/softfp/libPeriphDriver_softfp.a(simo_me17.o)
                0x000000001000140c                MXC_SIMO_GetOutReadyC
 .text.MXC_SIMO_RevA_SetVregO_A
                0x000000001000141c       0x30 /home/eddie/workspace/msdk/Libraries/PeriphDrivers/bin/MAX32655/softfp/libPeriphDriver_softfp.a(simo_reva.o)
                0x000000001000141c                MXC_SIMO_RevA_SetVregO_A
 .text.MXC_SIMO_RevA_SetVregO_B
                0x000000001000144c       0x30 /home/eddie/workspace/msdk/Libraries/PeriphDrivers/bin/MAX32655/softfp/libPeriphDriver_softfp.a(simo_reva.o)
                0x000000001000144c                MXC_SIMO_RevA_SetVregO_B
 .text.MXC_SIMO_RevA_SetVregO_C
                0x000000001000147c       0x30 /home/eddie/workspace/msdk/Libraries/PeriphDrivers/bin/MAX32655/softfp/libPeriphDriver_softfp.a(simo_reva.o)
                0x000000001000147c                MXC_SIMO_RevA_SetVregO_C
 .text.MXC_SIMO_RevA_GetOutReadyA
                0x00000000100014ac       0x12 /home/eddie/workspace/msdk/Libraries/PeriphDrivers/bin/MAX32655/softfp/libPeriphDriver_softfp.a(simo_reva.o)
                0x00000000100014ac                MXC_SIMO_RevA_GetOutReadyA
 .text.MXC_SIMO_RevA_GetOutReadyB
                0x00000000100014be       0x12 /home/eddie/workspace/msdk/Libraries/PeriphDrivers/bin/MAX32655/softfp/libPeriphDriver_softfp.a(simo_reva.o)
                0x00000000100014be                MXC_SIMO_RevA_GetOutReadyB
 .text.MXC_SIMO_RevA_GetOutReadyC
                0x00000000100014d0       0x12 /home/eddie/workspace/msdk/Libraries/PeriphDrivers/bin/MAX32655/softfp/libPeriphDriver_softfp.a(simo_reva.o)
                0x00000000100014d0                MXC_SIMO_RevA_GetOutReadyC
 *fill*         0x00000000100014e2        0x2 
 .text.MXC_SPI_Init
                0x00000000100014e4      0x214 /home/eddie/workspace/msdk/Libraries/PeriphDrivers/bin/MAX32655/softfp/libPeriphDriver_softfp.a(spi_me17.o)
                0x00000000100014e4                MXC_SPI_Init
 .text.MXC_SPI_GetPeripheralClock
                0x00000000100016f8       0x7c /home/eddie/workspace/msdk/Libraries/PeriphDrivers/bin/MAX32655/softfp/libPeriphDriver_softfp.a(spi_me17.o)
                0x00000000100016f8                MXC_SPI_GetPeripheralClock
 .text.MXC_SPI_SetFrequency
                0x0000000010001774        0x8 /home/eddie/workspace/msdk/Libraries/PeriphDrivers/bin/MAX32655/softfp/libPeriphDriver_softfp.a(spi_me17.o)
                0x0000000010001774                MXC_SPI_SetFrequency
 .text.MXC_SPI_SetDataSize
                0x000000001000177c        0x8 /home/eddie/workspace/msdk/Libraries/PeriphDrivers/bin/MAX32655/softfp/libPeriphDriver_softfp.a(spi_me17.o)
                0x000000001000177c                MXC_SPI_SetDataSize
 .text.MXC_SPI_GetDataSize
                0x0000000010001784        0x8 /home/eddie/workspace/msdk/Libraries/PeriphDrivers/bin/MAX32655/softfp/libPeriphDriver_softfp.a(spi_me17.o)
                0x0000000010001784                MXC_SPI_GetDataSize
 .text.MXC_SPI_SetSlave
                0x000000001000178c        0x8 /home/eddie/workspace/msdk/Libraries/PeriphDrivers/bin/MAX32655/softfp/libPeriphDriver_softfp.a(spi_me17.o)
                0x000000001000178c                MXC_SPI_SetSlave
 .text.MXC_SPI_SetWidth
                0x0000000010001794        0x8 /home/eddie/workspace/msdk/Libraries/PeriphDrivers/bin/MAX32655/softfp/libPeriphDriver_softfp.a(spi_me17.o)
                0x0000000010001794                MXC_SPI_SetWidth
 .text.MXC_SPI_GetWidth
                0x000000001000179c        0x8 /home/eddie/workspace/msdk/Libraries/PeriphDrivers/bin/MAX32655/softfp/libPeriphDriver_softfp.a(spi_me17.o)
                0x000000001000179c                MXC_SPI_GetWidth
 .text.MXC_SPI_SetMode
                0x00000000100017a4        0x8 /home/eddie/workspace/msdk/Libraries/PeriphDrivers/bin/MAX32655/softfp/libPeriphDriver_softfp.a(spi_me17.o)
                0x00000000100017a4                MXC_SPI_SetMode
 .text.MXC_SPI_StartTransmission
                0x00000000100017ac        0x8 /home/eddie/workspace/msdk/Libraries/PeriphDrivers/bin/MAX32655/softfp/libPeriphDriver_softfp.a(spi_me17.o)
                0x00000000100017ac                MXC_SPI_StartTransmission
 .text.MXC_SPI_GetActive
                0x00000000100017b4        0x8 /home/eddie/workspace/msdk/Libraries/PeriphDrivers/bin/MAX32655/softfp/libPeriphDriver_softfp.a(spi_me17.o)
                0x00000000100017b4                MXC_SPI_GetActive
 .text.MXC_SPI_ReadRXFIFO
                0x00000000100017bc        0x8 /home/eddie/workspace/msdk/Libraries/PeriphDrivers/bin/MAX32655/softfp/libPeriphDriver_softfp.a(spi_me17.o)
                0x00000000100017bc                MXC_SPI_ReadRXFIFO
 .text.MXC_SPI_GetRXFIFOAvailable
                0x00000000100017c4        0x8 /home/eddie/workspace/msdk/Libraries/PeriphDrivers/bin/MAX32655/softfp/libPeriphDriver_softfp.a(spi_me17.o)
                0x00000000100017c4                MXC_SPI_GetRXFIFOAvailable
 .text.MXC_SPI_WriteTXFIFO
                0x00000000100017cc        0x8 /home/eddie/workspace/msdk/Libraries/PeriphDrivers/bin/MAX32655/softfp/libPeriphDriver_softfp.a(spi_me17.o)
                0x00000000100017cc                MXC_SPI_WriteTXFIFO
 .text.MXC_SPI_GetTXFIFOAvailable
                0x00000000100017d4        0x8 /home/eddie/workspace/msdk/Libraries/PeriphDrivers/bin/MAX32655/softfp/libPeriphDriver_softfp.a(spi_me17.o)
                0x00000000100017d4                MXC_SPI_GetTXFIFOAvailable
 .text.MXC_SPI_SetRXThreshold
                0x00000000100017dc        0x8 /home/eddie/workspace/msdk/Libraries/PeriphDrivers/bin/MAX32655/softfp/libPeriphDriver_softfp.a(spi_me17.o)
                0x00000000100017dc                MXC_SPI_SetRXThreshold
 .text.MXC_SPI_SetTXThreshold
                0x00000000100017e4        0x8 /home/eddie/workspace/msdk/Libraries/PeriphDrivers/bin/MAX32655/softfp/libPeriphDriver_softfp.a(spi_me17.o)
                0x00000000100017e4                MXC_SPI_SetTXThreshold
 .text.MXC_SPI_MasterTransaction
                0x00000000100017ec        0x8 /home/eddie/workspace/msdk/Libraries/PeriphDrivers/bin/MAX32655/softfp/libPeriphDriver_softfp.a(spi_me17.o)
                0x00000000100017ec                MXC_SPI_MasterTransaction
 .text.MXC_UART_Shutdown
                0x00000000100017f4       0x70 /home/eddie/workspace/msdk/Libraries/PeriphDrivers/bin/MAX32655/softfp/libPeriphDriver_softfp.a(uart_me17.o)
                0x00000000100017f4                MXC_UART_Shutdown
 .text.MXC_UART_Init
                0x0000000010001864       0xa4 /home/eddie/workspace/msdk/Libraries/PeriphDrivers/bin/MAX32655/softfp/libPeriphDriver_softfp.a(uart_me17.o)
                0x0000000010001864                MXC_UART_Init
 .text.MXC_UART_GetFrequency
                0x0000000010001908       0x64 /home/eddie/workspace/msdk/Libraries/PeriphDrivers/bin/MAX32655/softfp/libPeriphDriver_softfp.a(uart_me17.o)
                0x0000000010001908                MXC_UART_GetFrequency
 .text.MXC_UART_SetFrequency
                0x000000001000196c       0xdc /home/eddie/workspace/msdk/Libraries/PeriphDrivers/bin/MAX32655/softfp/libPeriphDriver_softfp.a(uart_me17.o)
                0x000000001000196c                MXC_UART_SetFrequency
 .text.MXC_UART_SetDataSize
                0x0000000010001a48        0x8 /home/eddie/workspace/msdk/Libraries/PeriphDrivers/bin/MAX32655/softfp/libPeriphDriver_softfp.a(uart_me17.o)
                0x0000000010001a48                MXC_UART_SetDataSize
 .text.MXC_UART_SetStopBits
                0x0000000010001a50        0x8 /home/eddie/workspace/msdk/Libraries/PeriphDrivers/bin/MAX32655/softfp/libPeriphDriver_softfp.a(uart_me17.o)
                0x0000000010001a50                MXC_UART_SetStopBits
 .text.MXC_UART_SetParity
                0x0000000010001a58        0x8 /home/eddie/workspace/msdk/Libraries/PeriphDrivers/bin/MAX32655/softfp/libPeriphDriver_softfp.a(uart_me17.o)
                0x0000000010001a58                MXC_UART_SetParity
 .text.MXC_UART_ReadCharacterRaw
                0x0000000010001a60        0x8 /home/eddie/workspace/msdk/Libraries/PeriphDrivers/bin/MAX32655/softfp/libPeriphDriver_softfp.a(uart_me17.o)
                0x0000000010001a60                MXC_UART_ReadCharacterRaw
 .text.MXC_UART_WriteCharacterRaw
                0x0000000010001a68        0x8 /home/eddie/workspace/msdk/Libraries/PeriphDrivers/bin/MAX32655/softfp/libPeriphDriver_softfp.a(uart_me17.o)
                0x0000000010001a68                MXC_UART_WriteCharacterRaw
 .text.MXC_UART_ReadCharacter
                0x0000000010001a70        0x8 /home/eddie/workspace/msdk/Libraries/PeriphDrivers/bin/MAX32655/softfp/libPeriphDriver_softfp.a(uart_me17.o)
                0x0000000010001a70                MXC_UART_ReadCharacter
 .text.MXC_UART_WriteCharacter
                0x0000000010001a78        0x8 /home/eddie/workspace/msdk/Libraries/PeriphDrivers/bin/MAX32655/softfp/libPeriphDriver_softfp.a(uart_me17.o)
                0x0000000010001a78                MXC_UART_WriteCharacter
 .text.MXC_UART_GetRXFIFOAvailable
                0x0000000010001a80        0x8 /home/eddie/workspace/msdk/Libraries/PeriphDrivers/bin/MAX32655/softfp/libPeriphDriver_softfp.a(uart_me17.o)
                0x0000000010001a80                MXC_UART_GetRXFIFOAvailable
 .text.MXC_UART_GetTXFIFOAvailable
                0x0000000010001a88        0x8 /home/eddie/workspace/msdk/Libraries/PeriphDrivers/bin/MAX32655/softfp/libPeriphDriver_softfp.a(uart_me17.o)
                0x0000000010001a88                MXC_UART_GetTXFIFOAvailable
 .text.MXC_UART_SetRXThreshold
                0x0000000010001a90        0x8 /home/eddie/workspace/msdk/Libraries/PeriphDrivers/bin/MAX32655/softfp/libPeriphDriver_softfp.a(uart_me17.o)
                0x0000000010001a90                MXC_UART_SetRXThreshold
 .text.MXC_UART_RevB_Init
                0x0000000010001a98       0x7c /home/eddie/workspace/msdk/Libraries/PeriphDrivers/bin/MAX32655/softfp/libPeriphDriver_softfp.a(uart_revb.o)
                0x0000000010001a98                MXC_UART_RevB_Init
 .text.MXC_UART_RevB_SetFrequency
                0x0000000010001b14       0xac /home/eddie/workspace/msdk/Libraries/PeriphDrivers/bin/MAX32655/softfp/libPeriphDriver_softfp.a(uart_revb.o)
                0x0000000010001b14                MXC_UART_RevB_SetFrequency
 .text.MXC_UART_RevB_GetFrequency
                0x0000000010001bc0       0x80 /home/eddie/workspace/msdk/Libraries/PeriphDrivers/bin/MAX32655/softfp/libPeriphDriver_softfp.a(uart_revb.o)
                0x0000000010001bc0                MXC_UART_RevB_GetFrequency
 .text.MXC_UART_RevB_SetDataSize
                0x0000000010001c40       0x48 /home/eddie/workspace/msdk/Libraries/PeriphDrivers/bin/MAX32655/softfp/libPeriphDriver_softfp.a(uart_revb.o)
                0x0000000010001c40                MXC_UART_RevB_SetDataSize
 .text.MXC_UART_RevB_SetStopBits
                0x0000000010001c88       0x4c /home/eddie/workspace/msdk/Libraries/PeriphDrivers/bin/MAX32655/softfp/libPeriphDriver_softfp.a(uart_revb.o)
                0x0000000010001c88                MXC_UART_RevB_SetStopBits
 .text.MXC_UART_RevB_SetParity
                0x0000000010001cd4       0xb8 /home/eddie/workspace/msdk/Libraries/PeriphDrivers/bin/MAX32655/softfp/libPeriphDriver_softfp.a(uart_revb.o)
                0x0000000010001cd4                MXC_UART_RevB_SetParity
 .text.MXC_UART_RevB_ReadCharacterRaw
                0x0000000010001d8c       0x3c /home/eddie/workspace/msdk/Libraries/PeriphDrivers/bin/MAX32655/softfp/libPeriphDriver_softfp.a(uart_revb.o)
                0x0000000010001d8c                MXC_UART_RevB_ReadCharacterRaw
 .text.MXC_UART_RevB_WriteCharacterRaw
                0x0000000010001dc8       0x3c /home/eddie/workspace/msdk/Libraries/PeriphDrivers/bin/MAX32655/softfp/libPeriphDriver_softfp.a(uart_revb.o)
                0x0000000010001dc8                MXC_UART_RevB_WriteCharacterRaw
 .text.MXC_UART_RevB_GetRXFIFOAvailable
                0x0000000010001e04        0x8 /home/eddie/workspace/msdk/Libraries/PeriphDrivers/bin/MAX32655/softfp/libPeriphDriver_softfp.a(uart_revb.o)
                0x0000000010001e04                MXC_UART_RevB_GetRXFIFOAvailable
 .text.MXC_UART_RevB_GetTXFIFOAvailable
                0x0000000010001e0c        0xc /home/eddie/workspace/msdk/Libraries/PeriphDrivers/bin/MAX32655/softfp/libPeriphDriver_softfp.a(uart_revb.o)
                0x0000000010001e0c                MXC_UART_RevB_GetTXFIFOAvailable
 .text.MXC_UART_RevB_SetRXThreshold
                0x0000000010001e18       0x48 /home/eddie/workspace/msdk/Libraries/PeriphDrivers/bin/MAX32655/softfp/libPeriphDriver_softfp.a(uart_revb.o)
                0x0000000010001e18                MXC_UART_RevB_SetRXThreshold
 .text.MXC_SPI_RevA1_TransSetup
                0x0000000010001e60      0x1c4 /home/eddie/workspace/msdk/Libraries/PeriphDrivers/bin/MAX32655/softfp/libPeriphDriver_softfp.a(spi_reva1.o)
 .text.MXC_SPI_RevA1_TransHandler
                0x0000000010002024      0x18c /home/eddie/workspace/msdk/Libraries/PeriphDrivers/bin/MAX32655/softfp/libPeriphDriver_softfp.a(spi_reva1.o)
 .text.MXC_SPI_RevA1_MasterTransHandler
                0x00000000100021b0       0x94 /home/eddie/workspace/msdk/Libraries/PeriphDrivers/bin/MAX32655/softfp/libPeriphDriver_softfp.a(spi_reva1.o)
 .text.MXC_SPI_RevA1_Init
                0x0000000010002244      0x104 /home/eddie/workspace/msdk/Libraries/PeriphDrivers/bin/MAX32655/softfp/libPeriphDriver_softfp.a(spi_reva1.o)
                0x0000000010002244                MXC_SPI_RevA1_Init
 .text.MXC_SPI_RevA1_SetFrequency
                0x0000000010002348       0x84 /home/eddie/workspace/msdk/Libraries/PeriphDrivers/bin/MAX32655/softfp/libPeriphDriver_softfp.a(spi_reva1.o)
                0x0000000010002348                MXC_SPI_RevA1_SetFrequency
 .text.MXC_SPI_RevA1_SetDataSize
                0x00000000100023cc       0x9c /home/eddie/workspace/msdk/Libraries/PeriphDrivers/bin/MAX32655/softfp/libPeriphDriver_softfp.a(spi_reva1.o)
                0x00000000100023cc                MXC_SPI_RevA1_SetDataSize
 .text.MXC_SPI_RevA1_GetDataSize
                0x0000000010002468       0x14 /home/eddie/workspace/msdk/Libraries/PeriphDrivers/bin/MAX32655/softfp/libPeriphDriver_softfp.a(spi_reva1.o)
                0x0000000010002468                MXC_SPI_RevA1_GetDataSize
 .text.MXC_SPI_RevA1_SetSlave
                0x000000001000247c       0x74 /home/eddie/workspace/msdk/Libraries/PeriphDrivers/bin/MAX32655/softfp/libPeriphDriver_softfp.a(spi_reva1.o)
                0x000000001000247c                MXC_SPI_RevA1_SetSlave
 .text.MXC_SPI_RevA1_SetWidth
                0x00000000100024f0       0x3a /home/eddie/workspace/msdk/Libraries/PeriphDrivers/bin/MAX32655/softfp/libPeriphDriver_softfp.a(spi_reva1.o)
                0x00000000100024f0                MXC_SPI_RevA1_SetWidth
 .text.MXC_SPI_RevA1_GetWidth
                0x000000001000252a       0x28 /home/eddie/workspace/msdk/Libraries/PeriphDrivers/bin/MAX32655/softfp/libPeriphDriver_softfp.a(spi_reva1.o)
                0x000000001000252a                MXC_SPI_RevA1_GetWidth
 .text.MXC_SPI_RevA1_SetMode
                0x0000000010002552       0x56 /home/eddie/workspace/msdk/Libraries/PeriphDrivers/bin/MAX32655/softfp/libPeriphDriver_softfp.a(spi_reva1.o)
                0x0000000010002552                MXC_SPI_RevA1_SetMode
 .text.MXC_SPI_RevA1_StartTransmission
                0x00000000100025a8       0x1a /home/eddie/workspace/msdk/Libraries/PeriphDrivers/bin/MAX32655/softfp/libPeriphDriver_softfp.a(spi_reva1.o)
                0x00000000100025a8                MXC_SPI_RevA1_StartTransmission
 .text.MXC_SPI_RevA1_GetActive
                0x00000000100025c2       0x12 /home/eddie/workspace/msdk/Libraries/PeriphDrivers/bin/MAX32655/softfp/libPeriphDriver_softfp.a(spi_reva1.o)
                0x00000000100025c2                MXC_SPI_RevA1_GetActive
 .text.MXC_SPI_RevA1_ReadRXFIFO
                0x00000000100025d4       0x76 /home/eddie/workspace/msdk/Libraries/PeriphDrivers/bin/MAX32655/softfp/libPeriphDriver_softfp.a(spi_reva1.o)
                0x00000000100025d4                MXC_SPI_RevA1_ReadRXFIFO
 .text.MXC_SPI_RevA1_GetRXFIFOAvailable
                0x000000001000264a        0x8 /home/eddie/workspace/msdk/Libraries/PeriphDrivers/bin/MAX32655/softfp/libPeriphDriver_softfp.a(spi_reva1.o)
                0x000000001000264a                MXC_SPI_RevA1_GetRXFIFOAvailable
 .text.MXC_SPI_RevA1_WriteTXFIFO
                0x0000000010002652       0x60 /home/eddie/workspace/msdk/Libraries/PeriphDrivers/bin/MAX32655/softfp/libPeriphDriver_softfp.a(spi_reva1.o)
                0x0000000010002652                MXC_SPI_RevA1_WriteTXFIFO
 .text.MXC_SPI_RevA1_GetTXFIFOAvailable
                0x00000000100026b2        0xc /home/eddie/workspace/msdk/Libraries/PeriphDrivers/bin/MAX32655/softfp/libPeriphDriver_softfp.a(spi_reva1.o)
                0x00000000100026b2                MXC_SPI_RevA1_GetTXFIFOAvailable
 .text.MXC_SPI_RevA1_SetRXThreshold
                0x00000000100026be       0x1e /home/eddie/workspace/msdk/Libraries/PeriphDrivers/bin/MAX32655/softfp/libPeriphDriver_softfp.a(spi_reva1.o)
                0x00000000100026be                MXC_SPI_RevA1_SetRXThreshold
 .text.MXC_SPI_RevA1_SetTXThreshold
                0x00000000100026dc       0x1e /home/eddie/workspace/msdk/Libraries/PeriphDrivers/bin/MAX32655/softfp/libPeriphDriver_softfp.a(spi_reva1.o)
                0x00000000100026dc                MXC_SPI_RevA1_SetTXThreshold
 *fill*         0x00000000100026fa        0x2 
 .text.MXC_SPI_RevA1_MasterTransaction
                0x00000000100026fc       0x5c /home/eddie/workspace/msdk/Libraries/PeriphDrivers/bin/MAX32655/softfp/libPeriphDriver_softfp.a(spi_reva1.o)
                0x00000000100026fc                MXC_SPI_RevA1_MasterTransaction
 .text.MXC_FreeLock
                0x0000000010002758        0xa /home/eddie/workspace/msdk/Libraries/PeriphDrivers/bin/MAX32655/softfp/libPeriphDriver_softfp.a(mxc_lock.o)
                0x0000000010002758                MXC_FreeLock
 *fill*         0x0000000010002762        0x2 
 .text.MXC_GPIO_Common_Init
                0x0000000010002764       0x40 /home/eddie/workspace/msdk/Libraries/PeriphDrivers/bin/MAX32655/softfp/libPeriphDriver_softfp.a(gpio_common.o)
                0x0000000010002764                MXC_GPIO_Common_Init
 .text.MXC_GPIO_Common_Handler
                0x00000000100027a4       0x90 /home/eddie/workspace/msdk/Libraries/PeriphDrivers/bin/MAX32655/softfp/libPeriphDriver_softfp.a(gpio_common.o)
                0x00000000100027a4                MXC_GPIO_Common_Handler
 .text.MXC_UART_Common_ReadCharacter
                0x0000000010002834       0x16 /home/eddie/workspace/msdk/Libraries/PeriphDrivers/bin/MAX32655/softfp/libPeriphDriver_softfp.a(uart_common.o)
                0x0000000010002834                MXC_UART_Common_ReadCharacter
 .text.MXC_UART_Common_WriteCharacter
                0x000000001000284a       0x1a /home/eddie/workspace/msdk/Libraries/PeriphDrivers/bin/MAX32655/softfp/libPeriphDriver_softfp.a(uart_common.o)
                0x000000001000284a                MXC_UART_Common_WriteCharacter
 .text.__errno  0x0000000010002864        0xc /home/eddie/arm/arm_tools/bin/../lib/gcc/arm-none-eabi/10.3.1/../../../../arm-none-eabi/lib/thumb/v7e-m+fp/softfp/libc.a(lib_a-errno.o)
                0x0000000010002864                __errno
 .text.__libc_init_array
                0x0000000010002870       0x48 /home/eddie/arm/arm_tools/bin/../lib/gcc/arm-none-eabi/10.3.1/../../../../arm-none-eabi/lib/thumb/v7e-m+fp/softfp/libc.a(lib_a-init.o)
                0x0000000010002870                __libc_init_array
 .text.malloc   0x00000000100028b8       0x10 /home/eddie/arm/arm_tools/bin/../lib/gcc/arm-none-eabi/10.3.1/../../../../arm-none-eabi/lib/thumb/v7e-m+fp/softfp/libc.a(lib_a-malloc.o)
                0x00000000100028b8                malloc
 .text.free     0x00000000100028c8       0x10 /home/eddie/arm/arm_tools/bin/../lib/gcc/arm-none-eabi/10.3.1/../../../../arm-none-eabi/lib/thumb/v7e-m+fp/softfp/libc.a(lib_a-malloc.o)
                0x00000000100028c8                free
 .text._malloc_r
                0x00000000100028d8      0x560 /home/eddie/arm/arm_tools/bin/../lib/gcc/arm-none-eabi/10.3.1/../../../../arm-none-eabi/lib/thumb/v7e-m+fp/softfp/libc.a(lib_a-mallocr.o)
                0x00000000100028d8                _malloc_r
 .text          0x0000000010002e38      0x134 /home/eddie/arm/arm_tools/bin/../lib/gcc/arm-none-eabi/10.3.1/../../../../arm-none-eabi/lib/thumb/v7e-m+fp/softfp/libc.a(lib_a-memcpy.o)
                0x0000000010002e38                memcpy
 .text.memset   0x0000000010002f6c       0xa4 /home/eddie/arm/arm_tools/bin/../lib/gcc/arm-none-eabi/10.3.1/../../../../arm-none-eabi/lib/thumb/v7e-m+fp/softfp/libc.a(lib_a-memset.o)
                0x0000000010002f6c                memset
 .text.__malloc_lock
                0x0000000010003010        0xc /home/eddie/arm/arm_tools/bin/../lib/gcc/arm-none-eabi/10.3.1/../../../../arm-none-eabi/lib/thumb/v7e-m+fp/softfp/libc.a(lib_a-mlock.o)
                0x0000000010003010                __malloc_lock
 .text.__malloc_unlock
                0x000000001000301c        0xc /home/eddie/arm/arm_tools/bin/../lib/gcc/arm-none-eabi/10.3.1/../../../../arm-none-eabi/lib/thumb/v7e-m+fp/softfp/libc.a(lib_a-mlock.o)
                0x000000001000301c                __malloc_unlock
 .text.printf   0x0000000010003028       0x28 /home/eddie/arm/arm_tools/bin/../lib/gcc/arm-none-eabi/10.3.1/../../../../arm-none-eabi/lib/thumb/v7e-m+fp/softfp/libc.a(lib_a-printf.o)
                0x0000000010003028                printf
 .text._puts_r  0x0000000010003050       0x9c /home/eddie/arm/arm_tools/bin/../lib/gcc/arm-none-eabi/10.3.1/../../../../arm-none-eabi/lib/thumb/v7e-m+fp/softfp/libc.a(lib_a-puts.o)
                0x0000000010003050                _puts_r
 .text.puts     0x00000000100030ec       0x10 /home/eddie/arm/arm_tools/bin/../lib/gcc/arm-none-eabi/10.3.1/../../../../arm-none-eabi/lib/thumb/v7e-m+fp/softfp/libc.a(lib_a-puts.o)
                0x00000000100030ec                puts
 .text._sbrk_r  0x00000000100030fc       0x24 /home/eddie/arm/arm_tools/bin/../lib/gcc/arm-none-eabi/10.3.1/../../../../arm-none-eabi/lib/thumb/v7e-m+fp/softfp/libc.a(lib_a-sbrkr.o)
                0x00000000100030fc                _sbrk_r
 *fill*         0x0000000010003120       0x20 
 .text          0x0000000010003140       0xdc /home/eddie/arm/arm_tools/bin/../lib/gcc/arm-none-eabi/10.3.1/../../../../arm-none-eabi/lib/thumb/v7e-m+fp/softfp/libc.a(lib_a-strlen.o)
                0x0000000010003140                strlen
 *fill*         0x000000001000321c        0x4 
 .text._vfprintf_r
                0x0000000010003220     0x1b8c /home/eddie/arm/arm_tools/bin/../lib/gcc/arm-none-eabi/10.3.1/../../../../arm-none-eabi/lib/thumb/v7e-m+fp/softfp/libc.a(lib_a-vfprintf.o)
                0x0000000010003220                _vfprintf_r
 .text.__sbprintf
                0x0000000010004dac       0x80 /home/eddie/arm/arm_tools/bin/../lib/gcc/arm-none-eabi/10.3.1/../../../../arm-none-eabi/lib/thumb/v7e-m+fp/softfp/libc.a(lib_a-vfprintf.o)
 .text.__swsetup_r
                0x0000000010004e2c       0xd4 /home/eddie/arm/arm_tools/bin/../lib/gcc/arm-none-eabi/10.3.1/../../../../arm-none-eabi/lib/thumb/v7e-m+fp/softfp/libc.a(lib_a-wsetup.o)
                0x0000000010004e2c                __swsetup_r
 .text.startup.register_fini
                0x0000000010004f00       0x14 /home/eddie/arm/arm_tools/bin/../lib/gcc/arm-none-eabi/10.3.1/../../../../arm-none-eabi/lib/thumb/v7e-m+fp/softfp/libc.a(lib_a-__call_atexit.o)
 .text.atexit   0x0000000010004f14        0xc /home/eddie/arm/arm_tools/bin/../lib/gcc/arm-none-eabi/10.3.1/../../../../arm-none-eabi/lib/thumb/v7e-m+fp/softfp/libc.a(lib_a-atexit.o)
                0x0000000010004f14                atexit
 .text.quorem   0x0000000010004f20      0x128 /home/eddie/arm/arm_tools/bin/../lib/gcc/arm-none-eabi/10.3.1/../../../../arm-none-eabi/lib/thumb/v7e-m+fp/softfp/libc.a(lib_a-dtoa.o)
 .text._dtoa_r  0x0000000010005048      0xf34 /home/eddie/arm/arm_tools/bin/../lib/gcc/arm-none-eabi/10.3.1/../../../../arm-none-eabi/lib/thumb/v7e-m+fp/softfp/libc.a(lib_a-dtoa.o)
                0x0000000010005048                _dtoa_r
 .text.__sflush_r
                0x0000000010005f7c      0x130 /home/eddie/arm/arm_tools/bin/../lib/gcc/arm-none-eabi/10.3.1/../../../../arm-none-eabi/lib/thumb/v7e-m+fp/softfp/libc.a(lib_a-fflush.o)
                0x0000000010005f7c                __sflush_r
 .text._fflush_r
                0x00000000100060ac       0x5c /home/eddie/arm/arm_tools/bin/../lib/gcc/arm-none-eabi/10.3.1/../../../../arm-none-eabi/lib/thumb/v7e-m+fp/softfp/libc.a(lib_a-fflush.o)
                0x00000000100060ac                _fflush_r
 .text._cleanup_r
                0x0000000010006108        0xc /home/eddie/arm/arm_tools/bin/../lib/gcc/arm-none-eabi/10.3.1/../../../../arm-none-eabi/lib/thumb/v7e-m+fp/softfp/libc.a(lib_a-findfp.o)
                0x0000000010006108                _cleanup_r
 .text.__sinit  0x0000000010006114      0x10c /home/eddie/arm/arm_tools/bin/../lib/gcc/arm-none-eabi/10.3.1/../../../../arm-none-eabi/lib/thumb/v7e-m+fp/softfp/libc.a(lib_a-findfp.o)
                0x0000000010006114                __sinit
 .text.__sfp_lock_acquire
                0x0000000010006220        0xc /home/eddie/arm/arm_tools/bin/../lib/gcc/arm-none-eabi/10.3.1/../../../../arm-none-eabi/lib/thumb/v7e-m+fp/softfp/libc.a(lib_a-findfp.o)
                0x0000000010006220                __sfp_lock_acquire
 .text.__sfp_lock_release
                0x000000001000622c        0xc /home/eddie/arm/arm_tools/bin/../lib/gcc/arm-none-eabi/10.3.1/../../../../arm-none-eabi/lib/thumb/v7e-m+fp/softfp/libc.a(lib_a-findfp.o)
                0x000000001000622c                __sfp_lock_release
 .text.__libc_fini_array
                0x0000000010006238       0x2c /home/eddie/arm/arm_tools/bin/../lib/gcc/arm-none-eabi/10.3.1/../../../../arm-none-eabi/lib/thumb/v7e-m+fp/softfp/libc.a(lib_a-fini.o)
                0x0000000010006238                __libc_fini_array
 .text._malloc_trim_r
                0x0000000010006264       0xa0 /home/eddie/arm/arm_tools/bin/../lib/gcc/arm-none-eabi/10.3.1/../../../../arm-none-eabi/lib/thumb/v7e-m+fp/softfp/libc.a(lib_a-freer.o)
                0x0000000010006264                _malloc_trim_r
 .text._free_r  0x0000000010006304      0x20c /home/eddie/arm/arm_tools/bin/../lib/gcc/arm-none-eabi/10.3.1/../../../../arm-none-eabi/lib/thumb/v7e-m+fp/softfp/libc.a(lib_a-freer.o)
                0x0000000010006304                _free_r
 .text.__sfvwrite_r
                0x0000000010006510      0x2f0 /home/eddie/arm/arm_tools/bin/../lib/gcc/arm-none-eabi/10.3.1/../../../../arm-none-eabi/lib/thumb/v7e-m+fp/softfp/libc.a(lib_a-fvwrite.o)
                0x0000000010006510                __sfvwrite_r
 .text._fwalk_reent
                0x0000000010006800       0x48 /home/eddie/arm/arm_tools/bin/../lib/gcc/arm-none-eabi/10.3.1/../../../../arm-none-eabi/lib/thumb/v7e-m+fp/softfp/libc.a(lib_a-fwalk.o)
                0x0000000010006800                _fwalk_reent
 .text._localeconv_r
                0x0000000010006848        0x8 /home/eddie/arm/arm_tools/bin/../lib/gcc/arm-none-eabi/10.3.1/../../../../arm-none-eabi/lib/thumb/v7e-m+fp/softfp/libc.a(lib_a-localeconv.o)
                0x0000000010006848                _localeconv_r
 .text.__retarget_lock_init_recursive
                0x0000000010006850        0x4 /home/eddie/arm/arm_tools/bin/../lib/gcc/arm-none-eabi/10.3.1/../../../../arm-none-eabi/lib/thumb/v7e-m+fp/softfp/libc.a(lib_a-lock.o)
                0x0000000010006850                __retarget_lock_init_recursive
 .text.__retarget_lock_close_recursive
                0x0000000010006854        0x4 /home/eddie/arm/arm_tools/bin/../lib/gcc/arm-none-eabi/10.3.1/../../../../arm-none-eabi/lib/thumb/v7e-m+fp/softfp/libc.a(lib_a-lock.o)
                0x0000000010006854                __retarget_lock_close_recursive
 .text.__retarget_lock_acquire_recursive
                0x0000000010006858        0x4 /home/eddie/arm/arm_tools/bin/../lib/gcc/arm-none-eabi/10.3.1/../../../../arm-none-eabi/lib/thumb/v7e-m+fp/softfp/libc.a(lib_a-lock.o)
                0x0000000010006858                __retarget_lock_acquire_recursive
 .text.__retarget_lock_release_recursive
                0x000000001000685c        0x4 /home/eddie/arm/arm_tools/bin/../lib/gcc/arm-none-eabi/10.3.1/../../../../arm-none-eabi/lib/thumb/v7e-m+fp/softfp/libc.a(lib_a-lock.o)
                0x000000001000685c                __retarget_lock_release_recursive
 .text.__smakebuf_r
                0x0000000010006860       0xe0 /home/eddie/arm/arm_tools/bin/../lib/gcc/arm-none-eabi/10.3.1/../../../../arm-none-eabi/lib/thumb/v7e-m+fp/softfp/libc.a(lib_a-makebuf.o)
                0x0000000010006860                __smakebuf_r
 .text          0x0000000010006940       0xa0 /home/eddie/arm/arm_tools/bin/../lib/gcc/arm-none-eabi/10.3.1/../../../../arm-none-eabi/lib/thumb/v7e-m+fp/softfp/libc.a(lib_a-memchr.o)
                0x0000000010006940                memchr
 .text.memmove  0x00000000100069e0       0xf8 /home/eddie/arm/arm_tools/bin/../lib/gcc/arm-none-eabi/10.3.1/../../../../arm-none-eabi/lib/thumb/v7e-m+fp/softfp/libc.a(lib_a-memmove.o)
                0x00000000100069e0                memmove
 .text._Balloc  0x0000000010006ad8       0x4c /home/eddie/arm/arm_tools/bin/../lib/gcc/arm-none-eabi/10.3.1/../../../../arm-none-eabi/lib/thumb/v7e-m+fp/softfp/libc.a(lib_a-mprec.o)
                0x0000000010006ad8                _Balloc
 .text._Bfree   0x0000000010006b24       0x14 /home/eddie/arm/arm_tools/bin/../lib/gcc/arm-none-eabi/10.3.1/../../../../arm-none-eabi/lib/thumb/v7e-m+fp/softfp/libc.a(lib_a-mprec.o)
                0x0000000010006b24                _Bfree
 .text.__multadd
                0x0000000010006b38       0xa8 /home/eddie/arm/arm_tools/bin/../lib/gcc/arm-none-eabi/10.3.1/../../../../arm-none-eabi/lib/thumb/v7e-m+fp/softfp/libc.a(lib_a-mprec.o)
                0x0000000010006b38                __multadd
 .text.__hi0bits
                0x0000000010006be0       0x40 /home/eddie/arm/arm_tools/bin/../lib/gcc/arm-none-eabi/10.3.1/../../../../arm-none-eabi/lib/thumb/v7e-m+fp/softfp/libc.a(lib_a-mprec.o)
                0x0000000010006be0                __hi0bits
 .text.__lo0bits
                0x0000000010006c20       0x60 /home/eddie/arm/arm_tools/bin/../lib/gcc/arm-none-eabi/10.3.1/../../../../arm-none-eabi/lib/thumb/v7e-m+fp/softfp/libc.a(lib_a-mprec.o)
                0x0000000010006c20                __lo0bits
 .text.__i2b    0x0000000010006c80       0x5c /home/eddie/arm/arm_tools/bin/../lib/gcc/arm-none-eabi/10.3.1/../../../../arm-none-eabi/lib/thumb/v7e-m+fp/softfp/libc.a(lib_a-mprec.o)
                0x0000000010006c80                __i2b
 .text.__multiply
                0x0000000010006cdc      0x15c /home/eddie/arm/arm_tools/bin/../lib/gcc/arm-none-eabi/10.3.1/../../../../arm-none-eabi/lib/thumb/v7e-m+fp/softfp/libc.a(lib_a-mprec.o)
                0x0000000010006cdc                __multiply
 .text.__pow5mult
                0x0000000010006e38       0xc0 /home/eddie/arm/arm_tools/bin/../lib/gcc/arm-none-eabi/10.3.1/../../../../arm-none-eabi/lib/thumb/v7e-m+fp/softfp/libc.a(lib_a-mprec.o)
                0x0000000010006e38                __pow5mult
 .text.__lshift
                0x0000000010006ef8       0xf0 /home/eddie/arm/arm_tools/bin/../lib/gcc/arm-none-eabi/10.3.1/../../../../arm-none-eabi/lib/thumb/v7e-m+fp/softfp/libc.a(lib_a-mprec.o)
                0x0000000010006ef8                __lshift
 .text.__mcmp   0x0000000010006fe8       0x44 /home/eddie/arm/arm_tools/bin/../lib/gcc/arm-none-eabi/10.3.1/../../../../arm-none-eabi/lib/thumb/v7e-m+fp/softfp/libc.a(lib_a-mprec.o)
                0x0000000010006fe8                __mcmp
 .text.__mdiff  0x000000001000702c      0x14c /home/eddie/arm/arm_tools/bin/../lib/gcc/arm-none-eabi/10.3.1/../../../../arm-none-eabi/lib/thumb/v7e-m+fp/softfp/libc.a(lib_a-mprec.o)
                0x000000001000702c                __mdiff
 .text.__d2b    0x0000000010007178       0xc4 /home/eddie/arm/arm_tools/bin/../lib/gcc/arm-none-eabi/10.3.1/../../../../arm-none-eabi/lib/thumb/v7e-m+fp/softfp/libc.a(lib_a-mprec.o)
                0x0000000010007178                __d2b
 .text._realloc_r
                0x000000001000723c      0x3d8 /home/eddie/arm/arm_tools/bin/../lib/gcc/arm-none-eabi/10.3.1/../../../../arm-none-eabi/lib/thumb/v7e-m+fp/softfp/libc.a(lib_a-reallocr.o)
                0x000000001000723c                _realloc_r
 .text.frexp    0x0000000010007614       0x70 /home/eddie/arm/arm_tools/bin/../lib/gcc/arm-none-eabi/10.3.1/../../../../arm-none-eabi/lib/thumb/v7e-m+fp/softfp/libc.a(lib_a-s_frexp.o)
                0x0000000010007614                frexp
 .text.__sread  0x0000000010007684       0x24 /home/eddie/arm/arm_tools/bin/../lib/gcc/arm-none-eabi/10.3.1/../../../../arm-none-eabi/lib/thumb/v7e-m+fp/softfp/libc.a(lib_a-stdio.o)
                0x0000000010007684                __sread
 .text.__swrite
                0x00000000100076a8       0x40 /home/eddie/arm/arm_tools/bin/../lib/gcc/arm-none-eabi/10.3.1/../../../../arm-none-eabi/lib/thumb/v7e-m+fp/softfp/libc.a(lib_a-stdio.o)
                0x00000000100076a8                __swrite
 .text.__sseek  0x00000000100076e8       0x20 /home/eddie/arm/arm_tools/bin/../lib/gcc/arm-none-eabi/10.3.1/../../../../arm-none-eabi/lib/thumb/v7e-m+fp/softfp/libc.a(lib_a-stdio.o)
                0x00000000100076e8                __sseek
 .text.__sclose
                0x0000000010007708        0x8 /home/eddie/arm/arm_tools/bin/../lib/gcc/arm-none-eabi/10.3.1/../../../../arm-none-eabi/lib/thumb/v7e-m+fp/softfp/libc.a(lib_a-stdio.o)
                0x0000000010007708                __sclose
 .text.strncpy  0x0000000010007710       0x64 /home/eddie/arm/arm_tools/bin/../lib/gcc/arm-none-eabi/10.3.1/../../../../arm-none-eabi/lib/thumb/v7e-m+fp/softfp/libc.a(lib_a-strncpy.o)
                0x0000000010007710                strncpy
 .text.__sprint_r.part.0
                0x0000000010007774       0x78 /home/eddie/arm/arm_tools/bin/../lib/gcc/arm-none-eabi/10.3.1/../../../../arm-none-eabi/lib/thumb/v7e-m+fp/softfp/libc.a(lib_a-vfiprintf.o)
 .text.__sprint_r
                0x00000000100077ec       0x18 /home/eddie/arm/arm_tools/bin/../lib/gcc/arm-none-eabi/10.3.1/../../../../arm-none-eabi/lib/thumb/v7e-m+fp/softfp/libc.a(lib_a-vfiprintf.o)
                0x00000000100077ec                __sprint_r
 .text._vfiprintf_r
                0x0000000010007804      0xdfc /home/eddie/arm/arm_tools/bin/../lib/gcc/arm-none-eabi/10.3.1/../../../../arm-none-eabi/lib/thumb/v7e-m+fp/softfp/libc.a(lib_a-vfiprintf.o)
                0x0000000010007804                _vfiprintf_r
 .text.__sbprintf
                0x0000000010008600       0x80 /home/eddie/arm/arm_tools/bin/../lib/gcc/arm-none-eabi/10.3.1/../../../../arm-none-eabi/lib/thumb/v7e-m+fp/softfp/libc.a(lib_a-vfiprintf.o)
 .text._write_r
                0x0000000010008680       0x2c /home/eddie/arm/arm_tools/bin/../lib/gcc/arm-none-eabi/10.3.1/../../../../arm-none-eabi/lib/thumb/v7e-m+fp/softfp/libc.a(lib_a-writer.o)
                0x0000000010008680                _write_r
 .text.__register_exitproc
                0x00000000100086ac       0x8c /home/eddie/arm/arm_tools/bin/../lib/gcc/arm-none-eabi/10.3.1/../../../../arm-none-eabi/lib/thumb/v7e-m+fp/softfp/libc.a(lib_a-__atexit.o)
                0x00000000100086ac                __register_exitproc
 .text.__assert_func
                0x0000000010008738       0x40 /home/eddie/arm/arm_tools/bin/../lib/gcc/arm-none-eabi/10.3.1/../../../../arm-none-eabi/lib/thumb/v7e-m+fp/softfp/libc.a(lib_a-assert.o)
                0x0000000010008738                __assert_func
 .text._calloc_r
                0x0000000010008778       0x78 /home/eddie/arm/arm_tools/bin/../lib/gcc/arm-none-eabi/10.3.1/../../../../arm-none-eabi/lib/thumb/v7e-m+fp/softfp/libc.a(lib_a-callocr.o)
                0x0000000010008778                _calloc_r
 .text._close_r
                0x00000000100087f0       0x24 /home/eddie/arm/arm_tools/bin/../lib/gcc/arm-none-eabi/10.3.1/../../../../arm-none-eabi/lib/thumb/v7e-m+fp/softfp/libc.a(lib_a-closer.o)
                0x00000000100087f0                _close_r
 .text._fclose_r
                0x0000000010008814       0xcc /home/eddie/arm/arm_tools/bin/../lib/gcc/arm-none-eabi/10.3.1/../../../../arm-none-eabi/lib/thumb/v7e-m+fp/softfp/libc.a(lib_a-fclose.o)
                0x0000000010008814                _fclose_r
 .text.fiprintf
                0x00000000100088e0       0x28 /home/eddie/arm/arm_tools/bin/../lib/gcc/arm-none-eabi/10.3.1/../../../../arm-none-eabi/lib/thumb/v7e-m+fp/softfp/libc.a(lib_a-fiprintf.o)
                0x00000000100088e0                fiprintf
 .text.__fputwc
                0x0000000010008908       0xa8 /home/eddie/arm/arm_tools/bin/../lib/gcc/arm-none-eabi/10.3.1/../../../../arm-none-eabi/lib/thumb/v7e-m+fp/softfp/libc.a(lib_a-fputwc.o)
                0x0000000010008908                __fputwc
 .text._fputwc_r
                0x00000000100089b0       0x68 /home/eddie/arm/arm_tools/bin/../lib/gcc/arm-none-eabi/10.3.1/../../../../arm-none-eabi/lib/thumb/v7e-m+fp/softfp/libc.a(lib_a-fputwc.o)
                0x00000000100089b0                _fputwc_r
 .text._fstat_r
                0x0000000010008a18       0x2c /home/eddie/arm/arm_tools/bin/../lib/gcc/arm-none-eabi/10.3.1/../../../../arm-none-eabi/lib/thumb/v7e-m+fp/softfp/libc.a(lib_a-fstatr.o)
                0x0000000010008a18                _fstat_r
 .text._isatty_r
                0x0000000010008a44       0x24 /home/eddie/arm/arm_tools/bin/../lib/gcc/arm-none-eabi/10.3.1/../../../../arm-none-eabi/lib/thumb/v7e-m+fp/softfp/libc.a(lib_a-isattyr.o)
                0x0000000010008a44                _isatty_r
 .text.__locale_mb_cur_max
                0x0000000010008a68        0xc /home/eddie/arm/arm_tools/bin/../lib/gcc/arm-none-eabi/10.3.1/../../../../arm-none-eabi/lib/thumb/v7e-m+fp/softfp/libc.a(lib_a-locale.o)
                0x0000000010008a68                __locale_mb_cur_max
 .text._lseek_r
                0x0000000010008a74       0x2c /home/eddie/arm/arm_tools/bin/../lib/gcc/arm-none-eabi/10.3.1/../../../../arm-none-eabi/lib/thumb/v7e-m+fp/softfp/libc.a(lib_a-lseekr.o)
                0x0000000010008a74                _lseek_r
 .text.__ascii_mbtowc
                0x0000000010008aa0       0x2c /home/eddie/arm/arm_tools/bin/../lib/gcc/arm-none-eabi/10.3.1/../../../../arm-none-eabi/lib/thumb/v7e-m+fp/softfp/libc.a(lib_a-mbtowc_r.o)
                0x0000000010008aa0                __ascii_mbtowc
 .text._read_r  0x0000000010008acc       0x2c /home/eddie/arm/arm_tools/bin/../lib/gcc/arm-none-eabi/10.3.1/../../../../arm-none-eabi/lib/thumb/v7e-m+fp/softfp/libc.a(lib_a-readr.o)
                0x0000000010008acc                _read_r
 .text.__swbuf_r
                0x0000000010008af8       0xb0 /home/eddie/arm/arm_tools/bin/../lib/gcc/arm-none-eabi/10.3.1/../../../../arm-none-eabi/lib/thumb/v7e-m+fp/softfp/libc.a(lib_a-wbuf.o)
                0x0000000010008af8                __swbuf_r
 .text._wcrtomb_r
                0x0000000010008ba8       0x3c /home/eddie/arm/arm_tools/bin/../lib/gcc/arm-none-eabi/10.3.1/../../../../arm-none-eabi/lib/thumb/v7e-m+fp/softfp/libc.a(lib_a-wcrtomb.o)
                0x0000000010008ba8                _wcrtomb_r
 .text.__ascii_wctomb
                0x0000000010008be4       0x1c /home/eddie/arm/arm_tools/bin/../lib/gcc/arm-none-eabi/10.3.1/../../../../arm-none-eabi/lib/thumb/v7e-m+fp/softfp/libc.a(lib_a-wctomb_r.o)
                0x0000000010008be4                __ascii_wctomb
 .text.abort    0x0000000010008c00       0x10 /home/eddie/arm/arm_tools/bin/../lib/gcc/arm-none-eabi/10.3.1/../../../../arm-none-eabi/lib/thumb/v7e-m+fp/softfp/libc.a(lib_a-abort.o)
                0x0000000010008c00                abort
 .text.raise    0x0000000010008c10       0x5c /home/eddie/arm/arm_tools/bin/../lib/gcc/arm-none-eabi/10.3.1/../../../../arm-none-eabi/lib/thumb/v7e-m+fp/softfp/libc.a(lib_a-signal.o)
                0x0000000010008c10                raise
 .text._kill_r  0x0000000010008c6c       0x2c /home/eddie/arm/arm_tools/bin/../lib/gcc/arm-none-eabi/10.3.1/../../../../arm-none-eabi/lib/thumb/v7e-m+fp/softfp/libc.a(lib_a-signalr.o)
                0x0000000010008c6c                _kill_r
 .text._getpid_r
                0x0000000010008c98        0x4 /home/eddie/arm/arm_tools/bin/../lib/gcc/arm-none-eabi/10.3.1/../../../../arm-none-eabi/lib/thumb/v7e-m+fp/softfp/libc.a(lib_a-signalr.o)
                0x0000000010008c98                _getpid_r
 .text._getpid  0x0000000010008c9c       0x10 /home/eddie/arm/arm_tools/bin/../lib/gcc/arm-none-eabi/10.3.1/../../../../arm-none-eabi/lib/thumb/v7e-m+fp/softfp/libnosys.a(getpid.o)
                0x0000000010008c9c                _getpid
 .text._kill    0x0000000010008cac       0x10 /home/eddie/arm/arm_tools/bin/../lib/gcc/arm-none-eabi/10.3.1/../../../../arm-none-eabi/lib/thumb/v7e-m+fp/softfp/libnosys.a(kill.o)
                0x0000000010008cac                _kill
 .text._exit    0x0000000010008cbc        0x4 /home/eddie/arm/arm_tools/bin/../lib/gcc/arm-none-eabi/10.3.1/../../../../arm-none-eabi/lib/thumb/v7e-m+fp/softfp/libnosys.a(_exit.o)
                0x0000000010008cbc                _exit
 .text          0x0000000010008cc0      0x378 /home/eddie/arm/arm_tools/bin/../lib/gcc/arm-none-eabi/10.3.1/thumb/v7e-m+fp/softfp/libgcc.a(_arm_addsubdf3.o)
                0x0000000010008cc0                __aeabi_drsub
                0x0000000010008cc8                __aeabi_dsub
                0x0000000010008cc8                __subdf3
                0x0000000010008ccc                __adddf3
                0x0000000010008ccc                __aeabi_dadd
                0x0000000010008f44                __aeabi_ui2d
                0x0000000010008f44                __floatunsidf
                0x0000000010008f64                __floatsidf
                0x0000000010008f64                __aeabi_i2d
                0x0000000010008f88                __extendsfdf2
                0x0000000010008f88                __aeabi_f2d
                0x0000000010008fcc                __aeabi_ul2d
                0x0000000010008fcc                __floatundidf
                0x0000000010008fdc                __floatdidf
                0x0000000010008fdc                __aeabi_l2d
 .text          0x0000000010009038      0x424 /home/eddie/arm/arm_tools/bin/../lib/gcc/arm-none-eabi/10.3.1/thumb/v7e-m+fp/softfp/libgcc.a(_arm_muldivdf3.o)
                0x0000000010009038                __aeabi_dmul
                0x0000000010009038                __muldf3
                0x000000001000928c                __aeabi_ddiv
                0x000000001000928c                __divdf3
 .text          0x000000001000945c      0x110 /home/eddie/arm/arm_tools/bin/../lib/gcc/arm-none-eabi/10.3.1/thumb/v7e-m+fp/softfp/libgcc.a(_arm_cmpdf2.o)
                0x000000001000945c                __gtdf2
                0x000000001000945c                __gedf2
                0x0000000010009464                __ltdf2
                0x0000000010009464                __ledf2
                0x000000001000946c                __cmpdf2
                0x000000001000946c                __eqdf2
                0x000000001000946c                __nedf2
                0x00000000100094e8                __aeabi_cdrcmple
                0x00000000100094f8                __aeabi_cdcmple
                0x00000000100094f8                __aeabi_cdcmpeq
                0x0000000010009508                __aeabi_dcmpeq
                0x000000001000951c                __aeabi_dcmplt
                0x0000000010009530                __aeabi_dcmple
                0x0000000010009544                __aeabi_dcmpge
                0x0000000010009558                __aeabi_dcmpgt
 .text          0x000000001000956c       0x2c /home/eddie/arm/arm_tools/bin/../lib/gcc/arm-none-eabi/10.3.1/thumb/v7e-m+fp/softfp/libgcc.a(_arm_unorddf2.o)
                0x000000001000956c                __aeabi_dcmpun
                0x000000001000956c                __unorddf2
 .text          0x0000000010009598       0x50 /home/eddie/arm/arm_tools/bin/../lib/gcc/arm-none-eabi/10.3.1/thumb/v7e-m+fp/softfp/libgcc.a(_arm_fixdfsi.o)
                0x0000000010009598                __fixdfsi
                0x0000000010009598                __aeabi_d2iz
 .text          0x00000000100095e8       0x30 /home/eddie/arm/arm_tools/bin/../lib/gcc/arm-none-eabi/10.3.1/thumb/v7e-m+fp/softfp/libgcc.a(_aeabi_uldivmod.o)
                0x00000000100095e8                __aeabi_uldivmod
 .text          0x0000000010009618      0x2d0 /home/eddie/arm/arm_tools/bin/../lib/gcc/arm-none-eabi/10.3.1/thumb/v7e-m+fp/softfp/libgcc.a(_udivmoddi4.o)
                0x0000000010009618                __udivmoddi4
 .text          0x00000000100098e8        0x4 /home/eddie/arm/arm_tools/bin/../lib/gcc/arm-none-eabi/10.3.1/thumb/v7e-m+fp/softfp/libgcc.a(_dvmd_tls.o)
                0x00000000100098e8                __aeabi_ldiv0
                0x00000000100098e8                __aeabi_idiv0
 *(.rodata*)
 .rodata.main.str1.4
                0x00000000100098ec        0xd /home/eddie/projects/tinyTasks/tinyTasks/build/main.o
 *fill*         0x00000000100098f9        0x3 
 .rodata.mxc_assert.str1.4
                0x00000000100098fc       0x19 /home/eddie/projects/tinyTasks/tinyTasks/build/board.o
 *fill*         0x0000000010009915        0x3 
 .rodata.Board_Init.str1.4
                0x0000000010009918       0x59 /home/eddie/projects/tinyTasks/tinyTasks/build/board.o
 *fill*         0x0000000010009971        0x3 
 .rodata        0x0000000010009974       0x10 /home/eddie/projects/tinyTasks/tinyTasks/build/board.o
 .rodata.led_pin
                0x0000000010009984       0x24 /home/eddie/projects/tinyTasks/tinyTasks/build/board.o
                0x0000000010009984                led_pin
 .rodata.num_leds
                0x00000000100099a8        0x4 /home/eddie/projects/tinyTasks/tinyTasks/build/board.o
                0x00000000100099a8                num_leds
 .rodata.num_pbs
                0x00000000100099ac        0x4 /home/eddie/projects/tinyTasks/tinyTasks/build/board.o
                0x00000000100099ac                num_pbs
 .rodata.pb_pin
                0x00000000100099b0       0x18 /home/eddie/projects/tinyTasks/tinyTasks/build/board.o
                0x00000000100099b0                pb_pin
 .rodata.LED_On.str1.4
                0x00000000100099c8       0x4b /home/eddie/projects/tinyTasks/tinyTasks/build/led.o
 *fill*         0x0000000010009a13        0x1 
 .rodata.MXC_SPI_Init.str1.4
                0x0000000010009a14       0x61 /home/eddie/workspace/msdk/Libraries/PeriphDrivers/bin/MAX32655/softfp/libPeriphDriver_softfp.a(spi_me17.o)
 *fill*         0x0000000010009a75        0x3 
 .rodata.MXC_SPI_RevA1_SwapByte.str1.4
                0x0000000010009a78       0x60 /home/eddie/workspace/msdk/Libraries/PeriphDrivers/bin/MAX32655/softfp/libPeriphDriver_softfp.a(spi_reva1.o)
 .rodata.MXC_SPI_RevA1_TransSetup.str1.4
                0x0000000010009ad8       0x22 /home/eddie/workspace/msdk/Libraries/PeriphDrivers/bin/MAX32655/softfp/libPeriphDriver_softfp.a(spi_reva1.o)
 *fill*         0x0000000010009afa        0x2 
 .rodata.gpio_cfg_extclk
                0x0000000010009afc        0xc /home/eddie/workspace/msdk/Libraries/PeriphDrivers/bin/MAX32655/softfp/libPeriphDriver_softfp.a(pins_me17.o)
                0x0000000010009afc                gpio_cfg_extclk
 .rodata.gpio_cfg_uart0
                0x0000000010009b08        0xc /home/eddie/workspace/msdk/Libraries/PeriphDrivers/bin/MAX32655/softfp/libPeriphDriver_softfp.a(pins_me17.o)
                0x0000000010009b08                gpio_cfg_uart0
 .rodata.gpio_cfg_uart1
                0x0000000010009b14        0xc /home/eddie/workspace/msdk/Libraries/PeriphDrivers/bin/MAX32655/softfp/libPeriphDriver_softfp.a(pins_me17.o)
                0x0000000010009b14                gpio_cfg_uart1
 .rodata.gpio_cfg_uart2
                0x0000000010009b20        0xc /home/eddie/workspace/msdk/Libraries/PeriphDrivers/bin/MAX32655/softfp/libPeriphDriver_softfp.a(pins_me17.o)
                0x0000000010009b20                gpio_cfg_uart2
 .rodata.gpio_cfg_uart3
                0x0000000010009b2c        0xc /home/eddie/workspace/msdk/Libraries/PeriphDrivers/bin/MAX32655/softfp/libPeriphDriver_softfp.a(pins_me17.o)
                0x0000000010009b2c                gpio_cfg_uart3
 .rodata.MXC_GPIO_Common_Handler.str1.4
                0x0000000010009b38       0x76 /home/eddie/workspace/msdk/Libraries/PeriphDrivers/bin/MAX32655/softfp/libPeriphDriver_softfp.a(gpio_common.o)
 *fill*         0x0000000010009bae        0x2 
 .rodata._global_impure_ptr
                0x0000000010009bb0        0x4 /home/eddie/arm/arm_tools/bin/../lib/gcc/arm-none-eabi/10.3.1/../../../../arm-none-eabi/lib/thumb/v7e-m+fp/softfp/libc.a(lib_a-impure.o)
                0x0000000010009bb0                _global_impure_ptr
 .rodata._puts_r.str1.4
                0x0000000010009bb4        0x2 /home/eddie/arm/arm_tools/bin/../lib/gcc/arm-none-eabi/10.3.1/../../../../arm-none-eabi/lib/thumb/v7e-m+fp/softfp/libc.a(lib_a-puts.o)
 *fill*         0x0000000010009bb6        0x2 
 .rodata._vfprintf_r.str1.4
                0x0000000010009bb8       0x42 /home/eddie/arm/arm_tools/bin/../lib/gcc/arm-none-eabi/10.3.1/../../../../arm-none-eabi/lib/thumb/v7e-m+fp/softfp/libc.a(lib_a-vfprintf.o)
 *fill*         0x0000000010009bfa        0x2 
 .rodata.blanks.1
                0x0000000010009bfc       0x10 /home/eddie/arm/arm_tools/bin/../lib/gcc/arm-none-eabi/10.3.1/../../../../arm-none-eabi/lib/thumb/v7e-m+fp/softfp/libc.a(lib_a-vfprintf.o)
 .rodata.zeroes.0
                0x0000000010009c0c       0x10 /home/eddie/arm/arm_tools/bin/../lib/gcc/arm-none-eabi/10.3.1/../../../../arm-none-eabi/lib/thumb/v7e-m+fp/softfp/libc.a(lib_a-vfprintf.o)
 .rodata._dtoa_r.str1.4
                0x0000000010009c1c       0xa2 /home/eddie/arm/arm_tools/bin/../lib/gcc/arm-none-eabi/10.3.1/../../../../arm-none-eabi/lib/thumb/v7e-m+fp/softfp/libc.a(lib_a-dtoa.o)
                                         0xa6 (size before relaxing)
 *fill*         0x0000000010009cbe        0x2 
 .rodata.__multadd.str1.4
                0x0000000010009cc0       0x7f /home/eddie/arm/arm_tools/bin/../lib/gcc/arm-none-eabi/10.3.1/../../../../arm-none-eabi/lib/thumb/v7e-m+fp/softfp/libc.a(lib_a-mprec.o)
                                         0x93 (size before relaxing)
 *fill*         0x0000000010009d3f        0x1 
 .rodata.__mprec_bigtens
                0x0000000010009d40       0x28 /home/eddie/arm/arm_tools/bin/../lib/gcc/arm-none-eabi/10.3.1/../../../../arm-none-eabi/lib/thumb/v7e-m+fp/softfp/libc.a(lib_a-mprec.o)
                0x0000000010009d40                __mprec_bigtens
 .rodata.__mprec_tens
                0x0000000010009d68       0xc8 /home/eddie/arm/arm_tools/bin/../lib/gcc/arm-none-eabi/10.3.1/../../../../arm-none-eabi/lib/thumb/v7e-m+fp/softfp/libc.a(lib_a-mprec.o)
                0x0000000010009d68                __mprec_tens
 .rodata.p05.0  0x0000000010009e30        0xc /home/eddie/arm/arm_tools/bin/../lib/gcc/arm-none-eabi/10.3.1/../../../../arm-none-eabi/lib/thumb/v7e-m+fp/softfp/libc.a(lib_a-mprec.o)
 .rodata._vfiprintf_r.str1.4
                0x0000000010009e3c       0x2f /home/eddie/arm/arm_tools/bin/../lib/gcc/arm-none-eabi/10.3.1/../../../../arm-none-eabi/lib/thumb/v7e-m+fp/softfp/libc.a(lib_a-vfiprintf.o)
 .rodata.blanks.1
                0x0000000010009e3c       0x10 /home/eddie/arm/arm_tools/bin/../lib/gcc/arm-none-eabi/10.3.1/../../../../arm-none-eabi/lib/thumb/v7e-m+fp/softfp/libc.a(lib_a-vfiprintf.o)
 .rodata.zeroes.0
                0x0000000010009e4c       0x10 /home/eddie/arm/arm_tools/bin/../lib/gcc/arm-none-eabi/10.3.1/../../../../arm-none-eabi/lib/thumb/v7e-m+fp/softfp/libc.a(lib_a-vfiprintf.o)
 .rodata.__assert_func.str1.4
                0x0000000010009e5c       0x3f /home/eddie/arm/arm_tools/bin/../lib/gcc/arm-none-eabi/10.3.1/../../../../arm-none-eabi/lib/thumb/v7e-m+fp/softfp/libc.a(lib_a-assert.o)
                                         0x43 (size before relaxing)
 *fill*         0x0000000010009e9b        0x1 
 .rodata._setlocale_r.str1.4
                0x0000000010009e9c        0xa /home/eddie/arm/arm_tools/bin/../lib/gcc/arm-none-eabi/10.3.1/../../../../arm-none-eabi/lib/thumb/v7e-m+fp/softfp/libc.a(lib_a-locale.o)
                                          0xd (size before relaxing)
 *fill*         0x0000000010009ea6        0x2 
 .rodata.str1.4
                0x0000000010009ea8        0x2 /home/eddie/arm/arm_tools/bin/../lib/gcc/arm-none-eabi/10.3.1/../../../../arm-none-eabi/lib/thumb/v7e-m+fp/softfp/libc.a(lib_a-locale.o)
 *fill*         0x0000000010009eaa        0x2 
 .rodata._ctype_
                0x0000000010009eac      0x101 /home/eddie/arm/arm_tools/bin/../lib/gcc/arm-none-eabi/10.3.1/../../../../arm-none-eabi/lib/thumb/v7e-m+fp/softfp/libc.a(lib_a-ctype_.o)
                0x0000000010009eac                _ctype_
 *(.init)
 *fill*         0x0000000010009fad        0x3 
 .init          0x0000000010009fb0        0x4 /home/eddie/arm/arm_tools/bin/../lib/gcc/arm-none-eabi/10.3.1/thumb/v7e-m+fp/softfp/crti.o
                0x0000000010009fb0                _init
 .init          0x0000000010009fb4        0x8 /home/eddie/arm/arm_tools/bin/../lib/gcc/arm-none-eabi/10.3.1/thumb/v7e-m+fp/softfp/crtn.o
 *(.fini)
 .fini          0x0000000010009fbc        0x4 /home/eddie/arm/arm_tools/bin/../lib/gcc/arm-none-eabi/10.3.1/thumb/v7e-m+fp/softfp/crti.o
                0x0000000010009fbc                _fini
 .fini          0x0000000010009fc0        0x8 /home/eddie/arm/arm_tools/bin/../lib/gcc/arm-none-eabi/10.3.1/thumb/v7e-m+fp/softfp/crtn.o
 *crtbegin.o(.ctors)
 *crtbegin?.o(.ctors)
 *(EXCLUDE_FILE(*crtend.o *crtend?.o) .ctors)
 *(SORT_BY_NAME(.ctors.*))
 *(.ctors)
 *crtbegin.o(.dtors)
 *crtbegin?.o(.dtors)
 *(EXCLUDE_FILE(*crtend.o *crtend?.o) .dtors)
 *(SORT_BY_NAME(.dtors.*))
 *(.dtors)
 *(.eh_frame*)
 .eh_frame      0x0000000010009fc8        0x0 /home/eddie/arm/arm_tools/bin/../lib/gcc/arm-none-eabi/10.3.1/thumb/v7e-m+fp/softfp/crtbegin.o
 .eh_frame      0x0000000010009fc8        0x4 /home/eddie/arm/arm_tools/bin/../lib/gcc/arm-none-eabi/10.3.1/thumb/v7e-m+fp/softfp/crtend.o
                0x0000000010009fcc                _etext = .

.glue_7         0x0000000010009fcc        0x0
 .glue_7        0x0000000010009fcc        0x0 linker stubs

.glue_7t        0x0000000010009fcc        0x0
 .glue_7t       0x0000000010009fcc        0x0 linker stubs

.vfp11_veneer   0x0000000010009fcc        0x0
 .vfp11_veneer  0x0000000010009fcc        0x0 linker stubs

.v4_bx          0x0000000010009fcc        0x0
 .v4_bx         0x0000000010009fcc        0x0 linker stubs

.iplt           0x0000000010009fcc        0x0
 .iplt          0x0000000010009fcc        0x0 /home/eddie/arm/arm_tools/bin/../lib/gcc/arm-none-eabi/10.3.1/thumb/v7e-m+fp/softfp/crtbegin.o

.ARM.extab
 *(.ARM.extab* .gnu.linkonce.armextab.*)

.bin_storage    0x0000000010009fcc        0x0
 FILL mask 0xff
                0x0000000010009fcc                _bin_start_ = .
 *(.bin_storage_img)
                0x0000000010009fcc                _bin_end_ = .
                0x0000000010009fcc                . = ALIGN (0x4)

.rom_code       0x0000000000000000        0x0
                0x0000000000000000                . = ALIGN (0x10)
                0x0000000020000000                _sran_code = .
 *(.rom_code_section)
                0x0000000020000000                _esran_code = .

.flash_code     0x0000000010009fcc        0x4
                0x0000000010009fd0                . = ALIGN (0x10)
 *fill*         0x0000000010009fcc        0x4 
                0x0000000020000000                _sran_code = .
 *(.flash_code_section)
                0x0000000020000000                _esran_code = .

.sram_code      0x0000000020000000        0x0
                0x0000000020000000                . = ALIGN (0x10)
                0x0000000020000000                _sran_code = .
 *(.sram_code_section)
                0x0000000020000000                _esran_code = .

.ARM.exidx      0x0000000010009fd0        0x8
                0x0000000010009fd0                __exidx_start = .
 *(.ARM.exidx* .gnu.linkonce.armexidx.*)
 .ARM.exidx     0x0000000010009fd0        0x8 /home/eddie/arm/arm_tools/bin/../lib/gcc/arm-none-eabi/10.3.1/thumb/v7e-m+fp/softfp/libgcc.a(_udivmoddi4.o)
                0x0000000010009fd8                __exidx_end = .

.rel.dyn        0x0000000010009fd8        0x0
 .rel.iplt      0x0000000010009fd8        0x0 /home/eddie/arm/arm_tools/bin/../lib/gcc/arm-none-eabi/10.3.1/thumb/v7e-m+fp/softfp/crtbegin.o

.data           0x0000000020000000      0x9c4 load address 0x0000000010009fd8
                0x0000000020000000                _data = ALIGN (., 0x4)
 *(vtable)
 *(.data*)
 .data.ConsoleUart
                0x0000000020000000        0x4 /home/eddie/projects/tinyTasks/tinyTasks/build/board.o
                0x0000000020000000                ConsoleUart
 .data.SystemCoreClock
                0x0000000020000004        0x4 /home/eddie/projects/tinyTasks/tinyTasks/build/system_max32655.o
                0x0000000020000004                SystemCoreClock
 .data.overflows
                0x0000000020000008        0x4 /home/eddie/workspace/msdk/Libraries/PeriphDrivers/bin/MAX32655/softfp/libPeriphDriver_softfp.a(mxc_delay.o)
 .data._impure_ptr
                0x000000002000000c        0x4 /home/eddie/arm/arm_tools/bin/../lib/gcc/arm-none-eabi/10.3.1/../../../../arm-none-eabi/lib/thumb/v7e-m+fp/softfp/libc.a(lib_a-impure.o)
                0x000000002000000c                _impure_ptr
 .data.impure_data
                0x0000000020000010      0x428 /home/eddie/arm/arm_tools/bin/../lib/gcc/arm-none-eabi/10.3.1/../../../../arm-none-eabi/lib/thumb/v7e-m+fp/softfp/libc.a(lib_a-impure.o)
 .data.__malloc_av_
                0x0000000020000438      0x408 /home/eddie/arm/arm_tools/bin/../lib/gcc/arm-none-eabi/10.3.1/../../../../arm-none-eabi/lib/thumb/v7e-m+fp/softfp/libc.a(lib_a-mallocr.o)
                0x0000000020000438                __malloc_av_
 .data.__malloc_sbrk_base
                0x0000000020000840        0x4 /home/eddie/arm/arm_tools/bin/../lib/gcc/arm-none-eabi/10.3.1/../../../../arm-none-eabi/lib/thumb/v7e-m+fp/softfp/libc.a(lib_a-mallocr.o)
                0x0000000020000840                __malloc_sbrk_base
 .data.__malloc_trim_threshold
                0x0000000020000844        0x4 /home/eddie/arm/arm_tools/bin/../lib/gcc/arm-none-eabi/10.3.1/../../../../arm-none-eabi/lib/thumb/v7e-m+fp/softfp/libc.a(lib_a-mallocr.o)
                0x0000000020000844                __malloc_trim_threshold
 .data.__atexit_recursive_mutex
                0x0000000020000848        0x4 /home/eddie/arm/arm_tools/bin/../lib/gcc/arm-none-eabi/10.3.1/../../../../arm-none-eabi/lib/thumb/v7e-m+fp/softfp/libc.a(lib_a-__call_atexit.o)
                0x0000000020000848                __atexit_recursive_mutex
 .data.__global_locale
                0x000000002000084c      0x16c /home/eddie/arm/arm_tools/bin/../lib/gcc/arm-none-eabi/10.3.1/../../../../arm-none-eabi/lib/thumb/v7e-m+fp/softfp/libc.a(lib_a-locale.o)
                0x000000002000084c                __global_locale
 *(.flashprog*)
                0x00000000200009b8                . = ALIGN (0x4)
                0x00000000200009b8                PROVIDE (__preinit_array_start = .)
 *(.preinit_array)
                0x00000000200009b8                PROVIDE (__preinit_array_end = .)
                0x00000000200009b8                . = ALIGN (0x4)
                0x00000000200009b8                PROVIDE (__init_array_start = .)
 *(SORT_BY_NAME(.init_array.*))
 .init_array.00000
                0x00000000200009b8        0x4 /home/eddie/arm/arm_tools/bin/../lib/gcc/arm-none-eabi/10.3.1/../../../../arm-none-eabi/lib/thumb/v7e-m+fp/softfp/libc.a(lib_a-__call_atexit.o)
 *(.init_array)
 .init_array    0x00000000200009bc        0x4 /home/eddie/arm/arm_tools/bin/../lib/gcc/arm-none-eabi/10.3.1/thumb/v7e-m+fp/softfp/crtbegin.o
                0x00000000200009c0                PROVIDE (__init_array_end = .)
                0x00000000200009c0                . = ALIGN (0x4)
                0x00000000200009c0                PROVIDE (__fini_array_start = .)
 *(SORT_BY_NAME(.fini_array.*))
 *(.fini_array)
 .fini_array    0x00000000200009c0        0x4 /home/eddie/arm/arm_tools/bin/../lib/gcc/arm-none-eabi/10.3.1/thumb/v7e-m+fp/softfp/crtbegin.o
                0x00000000200009c4                PROVIDE (__fini_array_end = .)
                0x00000000200009c4                _edata = ALIGN (., 0x4)
                0x0000000010009fd8                __load_data = LOADADDR (.data)

.igot.plt       0x00000000200009c4        0x0 load address 0x000000001000a99c
 .igot.plt      0x00000000200009c4        0x0 /home/eddie/arm/arm_tools/bin/../lib/gcc/arm-none-eabi/10.3.1/thumb/v7e-m+fp/softfp/crtbegin.o

.bss            0x00000000200009c4      0x4e4 load address 0x000000001000a99c
                0x00000000200009c4                . = ALIGN (0x4)
                0x00000000200009c4                _bss = .
 *(.bss*)
 .bss           0x00000000200009c4       0x1c /home/eddie/arm/arm_tools/bin/../lib/gcc/arm-none-eabi/10.3.1/thumb/v7e-m+fp/softfp/crtbegin.o
 .bss.MILLIS_PRESCALER
                0x00000000200009e0        0x4 /home/eddie/projects/tinyTasks/tinyTasks/build/tinyKernel.o
                0x00000000200009e0                MILLIS_PRESCALER
 .bss.currentTCB
                0x00000000200009e4        0x4 /home/eddie/projects/tinyTasks/tinyTasks/build/tinyKernel.o
                0x00000000200009e4                currentTCB
 .bss.g_cfg     0x00000000200009e8       0x10 /home/eddie/projects/tinyTasks/tinyTasks/build/w25.o
 .bss.g_is_configured
                0x00000000200009f8        0x1 /home/eddie/projects/tinyTasks/tinyTasks/build/w25.o
 *fill*         0x00000000200009f9        0x3 
 .bss.heap_end  0x00000000200009fc        0x4 /home/eddie/projects/tinyTasks/tinyTasks/build/heap.o
 .bss.cbFunc    0x0000000020000a00        0x4 /home/eddie/workspace/msdk/Libraries/PeriphDrivers/bin/MAX32655/softfp/libPeriphDriver_softfp.a(mxc_delay.o)
 .bss.ctrl_save
                0x0000000020000a04        0x4 /home/eddie/workspace/msdk/Libraries/PeriphDrivers/bin/MAX32655/softfp/libPeriphDriver_softfp.a(mxc_delay.o)
 .bss.endtick   0x0000000020000a08        0x4 /home/eddie/workspace/msdk/Libraries/PeriphDrivers/bin/MAX32655/softfp/libPeriphDriver_softfp.a(mxc_delay.o)
 .bss.states    0x0000000020000a0c       0x50 /home/eddie/workspace/msdk/Libraries/PeriphDrivers/bin/MAX32655/softfp/libPeriphDriver_softfp.a(spi_reva1.o)
 .bss.callback  0x0000000020000a5c      0x200 /home/eddie/workspace/msdk/Libraries/PeriphDrivers/bin/MAX32655/softfp/libPeriphDriver_softfp.a(gpio_common.o)
 .bss.cbparam   0x0000000020000c5c      0x200 /home/eddie/workspace/msdk/Libraries/PeriphDrivers/bin/MAX32655/softfp/libPeriphDriver_softfp.a(gpio_common.o)
 .bss.initialized
                0x0000000020000e5c        0x1 /home/eddie/workspace/msdk/Libraries/PeriphDrivers/bin/MAX32655/softfp/libPeriphDriver_softfp.a(gpio_common.o)
 *fill*         0x0000000020000e5d        0x3 
 .bss.__malloc_current_mallinfo
                0x0000000020000e60       0x28 /home/eddie/arm/arm_tools/bin/../lib/gcc/arm-none-eabi/10.3.1/../../../../arm-none-eabi/lib/thumb/v7e-m+fp/softfp/libc.a(lib_a-mallocr.o)
                0x0000000020000e60                __malloc_current_mallinfo
 .bss.__malloc_max_sbrked_mem
                0x0000000020000e88        0x4 /home/eddie/arm/arm_tools/bin/../lib/gcc/arm-none-eabi/10.3.1/../../../../arm-none-eabi/lib/thumb/v7e-m+fp/softfp/libc.a(lib_a-mallocr.o)
                0x0000000020000e88                __malloc_max_sbrked_mem
 .bss.__malloc_max_total_mem
                0x0000000020000e8c        0x4 /home/eddie/arm/arm_tools/bin/../lib/gcc/arm-none-eabi/10.3.1/../../../../arm-none-eabi/lib/thumb/v7e-m+fp/softfp/libc.a(lib_a-mallocr.o)
                0x0000000020000e8c                __malloc_max_total_mem
 .bss.__malloc_top_pad
                0x0000000020000e90        0x4 /home/eddie/arm/arm_tools/bin/../lib/gcc/arm-none-eabi/10.3.1/../../../../arm-none-eabi/lib/thumb/v7e-m+fp/softfp/libc.a(lib_a-mallocr.o)
                0x0000000020000e90                __malloc_top_pad
 .bss.__lock___atexit_recursive_mutex
                0x0000000020000e94        0x1 /home/eddie/arm/arm_tools/bin/../lib/gcc/arm-none-eabi/10.3.1/../../../../arm-none-eabi/lib/thumb/v7e-m+fp/softfp/libc.a(lib_a-lock.o)
                0x0000000020000e94                __lock___atexit_recursive_mutex
 *fill*         0x0000000020000e95        0x3 
 .bss.__lock___malloc_recursive_mutex
                0x0000000020000e98        0x1 /home/eddie/arm/arm_tools/bin/../lib/gcc/arm-none-eabi/10.3.1/../../../../arm-none-eabi/lib/thumb/v7e-m+fp/softfp/libc.a(lib_a-lock.o)
                0x0000000020000e98                __lock___malloc_recursive_mutex
 *fill*         0x0000000020000e99        0x3 
 .bss.__lock___sfp_recursive_mutex
                0x0000000020000e9c        0x1 /home/eddie/arm/arm_tools/bin/../lib/gcc/arm-none-eabi/10.3.1/../../../../arm-none-eabi/lib/thumb/v7e-m+fp/softfp/libc.a(lib_a-lock.o)
                0x0000000020000e9c                __lock___sfp_recursive_mutex
 *fill*         0x0000000020000e9d        0x3 
 .bss.__lock___sinit_recursive_mutex
                0x0000000020000ea0        0x1 /home/eddie/arm/arm_tools/bin/../lib/gcc/arm-none-eabi/10.3.1/../../../../arm-none-eabi/lib/thumb/v7e-m+fp/softfp/libc.a(lib_a-lock.o)
                0x0000000020000ea0                __lock___sinit_recursive_mutex
 *fill*         0x0000000020000ea1        0x3 
 .bss.errno     0x0000000020000ea4        0x4 /home/eddie/arm/arm_tools/bin/../lib/gcc/arm-none-eabi/10.3.1/../../../../arm-none-eabi/lib/thumb/v7e-m+fp/softfp/libc.a(lib_a-reent.o)
                0x0000000020000ea4                errno
 *(COMMON)
                0x0000000020000ea8                _ebss = ALIGN (., 0x4)

.pal_nvm_db     0x0000000010080000        0x0
                0x0000000010080000                . = ALIGN (0x2000)
                0x0000000010080000                __pal_nvm_db_start__ = .
                0x0000000010080000                . = (. + _PAL_NVM_SIZE)
                0x0000000010080000                __pal_nvm_db_end__ = .

.riscv_flash
 *riscv.o()

.shared         0x0000000020000ea8        0x0
                0x0000000020000ea8                . = ALIGN (0x4)
                0x0000000020000ea8                _shared = .
 *(.mailbox*)
                0x0000000020000ea8                . = ALIGN (0x4)
 *(.shared*)
                0x0000000020000ea8                _eshared = ALIGN (., 0x4)
                0x0000000020000ea8                __shared_data = LOADADDR (.shared)
                0x0000000020020000                __StackTop = (ORIGIN (SRAM) + LENGTH (SRAM))
                0x000000002001f000                __StackLimit = (__StackTop - SIZEOF (.stack_dummy))

.stack_dummy    0x0000000020000ea8     0x1000
 *(.stack*)
 .stack         0x0000000020000ea8     0x1000 /home/eddie/projects/tinyTasks/tinyTasks/build/startup_max32655.o

.heap           0x0000000020000ea8      0xc00
                0x0000000020000ea8                . = ALIGN (0x4)
 *(.heap*)
 .heap          0x0000000020000ea8      0xc00 /home/eddie/projects/tinyTasks/tinyTasks/build/startup_max32655.o
                0x0000000020000ea8                __HeapBase
                0x000000002001f000                __HeapLimit = ABSOLUTE (__StackLimit)

.mailbox_0      0x0000000020020000        0x0
                0x0000000020020000                _mailbox_0 = ALIGN (., 0x4)
 *(.mailbox_0*)
                0x0000000020020000                . = (. + _MAILBOX_SIZE)
                0x0000000020020000                _emailbox_0 = ALIGN (., 0x4)

.mailbox_1      0x0000000020020000        0x0
                0x0000000020020000                _mailbox_1 = ALIGN (., 0x4)
 *(.mailbox_1*)
                0x0000000020020000                . = (. + _MAILBOX_SIZE)
                0x0000000020020000                _emailbox_1 = ALIGN (., 0x4)
                0x0000000020020000                PROVIDE (__stack = __StackTop)
                0x0000000000000001                ASSERT ((__StackLimit >= _ebss), region RAM overflowed with stack)
OUTPUT(/home/eddie/projects/tinyTasks/tinyTasks/build/max32655.elf elf32-littlearm)
LOAD linker stubs

.ARM.attributes
                0x0000000000000000       0x2e
 .ARM.attributes
                0x0000000000000000       0x1e /home/eddie/arm/arm_tools/bin/../lib/gcc/arm-none-eabi/10.3.1/thumb/v7e-m+fp/softfp/crti.o
 .ARM.attributes